Godot Engine v4.7.1.stable.official.a13da4feb - https://godotengine.org

[INF][Balance] loaded 10 balance tables
[INF][Registry] registry: 8 characters, 39 games, 34 arenas, 22 powerups
[INF][Platform] platform: desktop, mobile=false, safe=[P: (0, 0), S: (0, 0)]
STABILITY BASELINE MEMORY: {"audio_pcm_bytes_cached":0,"materials_cached":0,"memory_bytes":41749283,"meshes_cached":0,"objects":1751.0,"resources":70.0,"textures_cached":0,"watched_resources_cached":[]}
STABILITY 1/3 tank_arena: PASS
STABILITY 1/3 ring_rumble: PASS
STABILITY 1/3 crumble_court: PASS
STABILITY 1/3 bumper_bowl: PASS
STABILITY 1/3 fawda: PASS
STABILITY 1/3 goal_guard: PASS
STABILITY 1/3 magnet_court: PASS
STABILITY 1/3 storm_heart: PASS
STABILITY 1/3 sky_court: PASS
STABILITY 1/3 blast_ball: PASS
STABILITY 1/3 scrap_karts: PASS
STABILITY 1/3 turret_duel: PASS
STABILITY 1/3 gem_grab: PASS
STABILITY 1/3 star_rush: PASS
STABILITY 1/3 paint_grid: PASS
STABILITY 1/3 mnatiq: PASS
STABILITY 1/3 mukharrib: PASS
STABILITY 1/3 zone_hold: PASS
STABILITY 1/3 crate_smash: PASS
STABILITY 1/3 lab_crates: PASS
STABILITY 1/3 crate_relay: PASS
STABILITY 1/3 hurdle_dash: PASS
STABILITY 1/3 kart_sprint: PASS
STABILITY 1/3 color_stand: PASS
STABILITY 1/3 symbol_echo: PASS
STABILITY 1/3 quick_draw: PASS
STABILITY 1/3 rising_tide: PASS
STABILITY 1/3 sweeper_storm: PASS
STABILITY 1/3 duel_pit: PASS
STABILITY 1/3 boss_forge: PASS
STABILITY 1/3 boss_colossus: PASS
STABILITY 1/3 boss_dreadnought: PASS
STABILITY 1/3 boss_sovereign: PASS
STABILITY 1/3 sabaq_sawarikh: PASS
STABILITY 1/3 relic_hold: PASS
STABILITY 1/3 tag_hunt: PASS
STABILITY 1/3 base_siege: PASS
STABILITY 1/3 drift_floes: PASS
STABILITY 1/3 duo_clash: PASS
STABILITY 2/3 tank_arena: PASS
STABILITY 2/3 ring_rumble: PASS
STABILITY 2/3 crumble_court: PASS
STABILITY 2/3 bumper_bowl: PASS
STABILITY 2/3 fawda: PASS
STABILITY 2/3 goal_guard: PASS
STABILITY 2/3 magnet_court: PASS
STABILITY 2/3 storm_heart: PASS
STABILITY 2/3 sky_court: PASS
STABILITY 2/3 blast_ball: PASS
STABILITY 2/3 scrap_karts: PASS
STABILITY 2/3 turret_duel: PASS
STABILITY 2/3 gem_grab: PASS
STABILITY 2/3 star_rush: PASS
STABILITY 2/3 paint_grid: PASS
STABILITY 2/3 mnatiq: PASS
STABILITY 2/3 mukharrib: PASS
STABILITY 2/3 zone_hold: PASS
STABILITY 2/3 crate_smash: PASS
STABILITY 2/3 lab_crates: PASS
STABILITY 2/3 crate_relay: PASS
STABILITY 2/3 hurdle_dash: PASS
STABILITY 2/3 kart_sprint: PASS
STABILITY 2/3 color_stand: PASS
STABILITY 2/3 symbol_echo: PASS
STABILITY 2/3 quick_draw: PASS
STABILITY 2/3 rising_tide: PASS
STABILITY 2/3 sweeper_storm: PASS
STABILITY 2/3 duel_pit: PASS
STABILITY 2/3 boss_forge: PASS
STABILITY 2/3 boss_colossus: PASS
STABILITY 2/3 boss_dreadnought: PASS
STABILITY 2/3 boss_sovereign: PASS
STABILITY 2/3 sabaq_sawarikh: PASS
STABILITY 2/3 relic_hold: PASS
STABILITY 2/3 tag_hunt: PASS
STABILITY 2/3 base_siege: PASS
STABILITY 2/3 drift_floes: PASS
STABILITY 2/3 duo_clash: PASS
STABILITY 3/3 tank_arena: PASS
STABILITY 3/3 ring_rumble: PASS
STABILITY 3/3 crumble_court: PASS
STABILITY 3/3 bumper_bowl: PASS
STABILITY 3/3 fawda: PASS
STABILITY 3/3 goal_guard: PASS
STABILITY 3/3 magnet_court: PASS
STABILITY 3/3 storm_heart: PASS
STABILITY 3/3 sky_court: PASS
STABILITY 3/3 blast_ball: PASS
STABILITY 3/3 scrap_karts: PASS
STABILITY 3/3 turret_duel: PASS
STABILITY 3/3 gem_grab: PASS
STABILITY 3/3 star_rush: PASS
STABILITY 3/3 paint_grid: PASS
STABILITY 3/3 mnatiq: PASS
STABILITY 3/3 mukharrib: PASS
STABILITY 3/3 zone_hold: PASS
STABILITY 3/3 crate_smash: PASS
STABILITY 3/3 lab_crates: PASS
STABILITY 3/3 crate_relay: PASS
STABILITY 3/3 hurdle_dash: PASS
STABILITY 3/3 kart_sprint: PASS
STABILITY 3/3 color_stand: PASS
STABILITY 3/3 symbol_echo: PASS
STABILITY 3/3 quick_draw: PASS
STABILITY 3/3 rising_tide: PASS
STABILITY 3/3 sweeper_storm: PASS
STABILITY 3/3 duel_pit: PASS
STABILITY 3/3 boss_forge: PASS
STABILITY 3/3 boss_colossus: PASS
STABILITY 3/3 boss_dreadnought: PASS
STABILITY 3/3 boss_sovereign: PASS
STABILITY 3/3 sabaq_sawarikh: PASS
STABILITY 3/3 relic_hold: PASS
STABILITY 3/3 tag_hunt: PASS
STABILITY 3/3 base_siege: PASS
STABILITY 3/3 drift_floes: PASS
STABILITY 3/3 duo_clash: PASS
WARNING: [WRN][Platform] OS memory warning — draining caches
     at: push_warning (core/variant/variant_utility.cpp:1033)
     GDScript backtrace (most recent call first):
         [0] _write (res://src/core/logger.gd:75)
         [1] w (res://src/core/logger.gd:34)
         [2] _on_memory_warning (res://src/core/platform_service.gd:163)
         [3] _ready (res://tests/stage_zero_stability.gd:65)
         [4] _play (res://tests/stage_zero_stability.gd:193)
         [5] _settle (res://tests/stage_zero_stability.gd:199)
STABILITY CACHE RELEASE: {"after":{"audio_pcm_bytes_cached":0,"materials_cached":0,"memory_bytes":136561063,"meshes_cached":0,"objects":2037.0,"resources":197.0,"textures_cached":0,"watched_resources_cached":["res://src/match/match_scene.gd","res://src/minigames/tank_arena.gd","res://src/arenas/tank_world.gd","res://src/minigames/ring_rumble.gd","res://src/minigames/crumble_court.gd","res://src/minigames/bumper_bowl.gd","res://src/minigames/fawda.gd","res://src/minigames/goal_guard.gd","res://src/minigames/magnet_court.gd","res://src/minigames/storm_heart.gd","res://src/minigames/sky_court.gd","res://src/minigames/blast_ball.gd","res://src/minigames/scrap_karts.gd","res://src/minigames/turret_duel.gd","res://src/minigames/gem_grab.gd","res://src/minigames/star_rush.gd","res://src/minigames/paint_grid.gd","res://src/minigames/mnatiq.gd","res://src/minigames/mukharrib.gd","res://src/minigames/zone_hold.gd","res://src/minigames/crate_smash.gd","res://src/minigames/lab_crates.gd","res://src/minigames/crate_relay.gd","res://src/minigames/hurdle_dash.gd","res://src/minigames/kart_sprint.gd","res://src/minigames/color_stand.gd","res://src/minigames/symbol_echo.gd","res://src/minigames/quick_draw.gd","res://src/minigames/rising_tide.gd","res://src/minigames/sweeper_storm.gd","res://src/minigames/duel_pit.gd","res://src/minigames/boss_forge.gd","res://src/minigames/boss_colossus.gd","res://src/minigames/boss_dreadnought.gd","res://src/minigames/boss_sovereign.gd","res://src/minigames/sabaq_sawarikh.gd","res://src/arenas/racing_biome.gd","res://src/arenas/racing_routes.gd","res://src/arenas/race_structures.gd","res://src/minigames/relic_hold.gd","res://src/minigames/tag_hunt.gd","res://src/minigames/base_siege.gd","res://src/minigames/drift_floes.gd","res://src/minigames/duo_clash.gd"]},"before":{"audio_pcm_bytes_cached":0,"materials_cached":538,"memory_bytes":259100555,"meshes_cached":308,"objects":3976.0,"resources":197.0,"textures_cached":271,"watched_resources_cached":["res://src/match/match_scene.gd","res://src/minigames/tank_arena.gd","res://src/arenas/tank_world.gd","res://src/minigames/ring_rumble.gd","res://src/minigames/crumble_court.gd","res://src/minigames/bumper_bowl.gd","res://src/minigames/fawda.gd","res://src/minigames/goal_guard.gd","res://src/minigames/magnet_court.gd","res://src/minigames/storm_heart.gd","res://src/minigames/sky_court.gd","res://src/minigames/blast_ball.gd","res://src/minigames/scrap_karts.gd","res://src/minigames/turret_duel.gd","res://src/minigames/gem_grab.gd","res://src/minigames/star_rush.gd","res://src/minigames/paint_grid.gd","res://src/minigames/mnatiq.gd","res://src/minigames/mukharrib.gd","res://src/minigames/zone_hold.gd","res://src/minigames/crate_smash.gd","res://src/minigames/lab_crates.gd","res://src/minigames/crate_relay.gd","res://src/minigames/hurdle_dash.gd","res://src/minigames/kart_sprint.gd","res://src/minigames/color_stand.gd","res://src/minigames/symbol_echo.gd","res://src/minigames/quick_draw.gd","res://src/minigames/rising_tide.gd","res://src/minigames/sweeper_storm.gd","res://src/minigames/duel_pit.gd","res://src/minigames/boss_forge.gd","res://src/minigames/boss_colossus.gd","res://src/minigames/boss_dreadnought.gd","res://src/minigames/boss_sovereign.gd","res://src/minigames/sabaq_sawarikh.gd","res://src/arenas/racing_biome.gd","res://src/arenas/racing_routes.gd","res://src/arenas/race_structures.gd","res://src/minigames/relic_hold.gd","res://src/minigames/tag_hunt.gd","res://src/minigames/base_siege.gd","res://src/minigames/drift_floes.gd","res://src/minigames/duo_clash.gd"]},"settled_5s":{"audio_pcm_bytes_cached":0,"materials_cached":0,"memory_bytes":136560471,"meshes_cached":0,"objects":2035.0,"resources":197.0,"textures_cached":0,"watched_resources_cached":["res://src/match/match_scene.gd","res://src/minigames/tank_arena.gd","res://src/arenas/tank_world.gd","res://src/minigames/ring_rumble.gd","res://src/minigames/crumble_court.gd","res://src/minigames/bumper_bowl.gd","res://src/minigames/fawda.gd","res://src/minigames/goal_guard.gd","res://src/minigames/magnet_court.gd","res://src/minigames/storm_heart.gd","res://src/minigames/sky_court.gd","res://src/minigames/blast_ball.gd","res://src/minigames/scrap_karts.gd","res://src/minigames/turret_duel.gd","res://src/minigames/gem_grab.gd","res://src/minigames/star_rush.gd","res://src/minigames/paint_grid.gd","res://src/minigames/mnatiq.gd","res://src/minigames/mukharrib.gd","res://src/minigames/zone_hold.gd","res://src/minigames/crate_smash.gd","res://src/minigames/lab_crates.gd","res://src/minigames/crate_relay.gd","res://src/minigames/hurdle_dash.gd","res://src/minigames/kart_sprint.gd","res://src/minigames/color_stand.gd","res://src/minigames/symbol_echo.gd","res://src/minigames/quick_draw.gd","res://src/minigames/rising_tide.gd","res://src/minigames/sweeper_storm.gd","res://src/minigames/duel_pit.gd","res://src/minigames/boss_forge.gd","res://src/minigames/boss_colossus.gd","res://src/minigames/boss_dreadnought.gd","res://src/minigames/boss_sovereign.gd","res://src/minigames/sabaq_sawarikh.gd","res://src/arenas/racing_biome.gd","res://src/arenas/racing_routes.gd","res://src/arenas/race_structures.gd","res://src/minigames/relic_hold.gd","res://src/minigames/tag_hunt.gd","res://src/minigames/base_siege.gd","res://src/minigames/drift_floes.gd","res://src/minigames/duo_clash.gd"]}}
STABILITY COMPLETE: 117 matches, 0 failures
