Evidence: /home/runner/work/_temp/kras-network-smoke-7Lxm7G
{"event":"transition","op":"start","state":"loading","epoch":1,"game":"gem_grab","arena":"glass_terrace","host":true,"serverLoopMaxMs":21}
{"event":"transition","op":"loaded","state":"loading","epoch":1,"game":"gem_grab","arena":"glass_terrace","host":false,"serverLoopMaxMs":21}
{"event":"transition","op":"loaded","state":"playing","epoch":1,"game":"gem_grab","arena":"glass_terrace","host":true,"serverLoopMaxMs":21}
{"event":"transition","op":"resume","state":"playing","epoch":1,"game":"gem_grab","arena":"glass_terrace","host":false,"serverLoopMaxMs":21}
{"event":"transition","op":"loaded","state":"playing","epoch":1,"game":"gem_grab","arena":"glass_terrace","host":false,"serverLoopMaxMs":21}
{"event":"transition","op":"resume","state":"playing","epoch":1,"game":"gem_grab","arena":"glass_terrace","host":true,"serverLoopMaxMs":24}
{"event":"transition","op":"loaded","state":"playing","epoch":1,"game":"gem_grab","arena":"glass_terrace","host":true,"serverLoopMaxMs":24}
{"event":"transition","op":"result","state":"results","epoch":1,"game":"gem_grab","arena":"glass_terrace","host":true,"serverLoopMaxMs":24}
{"event":"transition","op":"next","state":"loading","epoch":2,"game":"gem_grab","arena":"gem_hollow","host":true,"serverLoopMaxMs":24}
{"event":"transition","op":"loaded","state":"loading","epoch":2,"game":"gem_grab","arena":"gem_hollow","host":false,"serverLoopMaxMs":24}
{"event":"transition","op":"loaded","state":"playing","epoch":2,"game":"gem_grab","arena":"gem_hollow","host":true,"serverLoopMaxMs":24}
{"event":"transition","op":"result","state":"results","epoch":2,"game":"gem_grab","arena":"gem_hollow","host":true,"serverLoopMaxMs":24}
{"event":"transition","op":"next","state":"loading","epoch":3,"game":"gem_grab","arena":"gem_hollow","host":true,"serverLoopMaxMs":24}
{"event":"transition","op":"loaded","state":"loading","epoch":3,"game":"gem_grab","arena":"gem_hollow","host":false,"serverLoopMaxMs":24}
{"event":"transition","op":"loaded","state":"playing","epoch":3,"game":"gem_grab","arena":"gem_hollow","host":true,"serverLoopMaxMs":24}
{"event":"transition","op":"result","state":"results","epoch":3,"game":"gem_grab","arena":"gem_hollow","host":true,"serverLoopMaxMs":24}
{"event":"transition","op":"next","state":"loading","epoch":4,"game":"gem_grab","arena":"glass_terrace","host":true,"serverLoopMaxMs":24}
{"event":"transition","op":"loaded","state":"loading","epoch":4,"game":"gem_grab","arena":"glass_terrace","host":false,"serverLoopMaxMs":24}
{"event":"transition","op":"loaded","state":"playing","epoch":4,"game":"gem_grab","arena":"glass_terrace","host":true,"serverLoopMaxMs":24}
{"event":"transition","op":"result","state":"results","epoch":4,"game":"gem_grab","arena":"glass_terrace","host":true,"serverLoopMaxMs":24}
{"event":"room_closed","state":"results","reason":"host_left","authorityAge":56}
{"humans":2,"status":"PASS","results":[{"carrying_seen":false,"collection_scored":true,"fawda_event_coverage":{},"fawda_worlds":[],"humans":2,"id":1,"matches":4,"moved":true,"reconnected":true,"scores":[1,12,0,0],"snapshots":0,"tournament":{"awards":[0,0,0,0],"champions":[1],"complete":true,"contenders":[1],"cups":[2,2,0,0],"mode":"points","points":[11,11,6,6],"round":3,"target":3,"tie_attempts":1},"world_snapshots":0},{"carrying_seen":false,"collection_scored":true,"fawda_event_coverage":{},"fawda_worlds":[],"humans":2,"id":2,"matches":4,"moved":true,"reconnected":true,"scores":[1,12,0,0],"snapshots":1894,"tournament":{"awards":[0,0,0,0],"champions":[1],"complete":true,"contenders":[1],"cups":[2,2,0,0],"mode":"points","points":[11,11,6,6],"round":3,"target":3,"tie_attempts":1},"world_snapshots":1894}]}
{"event":"transition","op":"start","state":"loading","epoch":1,"game":"gem_grab","arena":"gem_hollow","host":true,"serverLoopMaxMs":24}
{"event":"transition","op":"loaded","state":"loading","epoch":1,"game":"gem_grab","arena":"gem_hollow","host":false,"serverLoopMaxMs":24}
{"event":"transition","op":"loaded","state":"loading","epoch":1,"game":"gem_grab","arena":"gem_hollow","host":false,"serverLoopMaxMs":24}
{"event":"transition","op":"loaded","state":"loading","epoch":1,"game":"gem_grab","arena":"gem_hollow","host":true,"serverLoopMaxMs":24}
{"event":"transition","op":"loaded","state":"playing","epoch":1,"game":"gem_grab","arena":"gem_hollow","host":false,"serverLoopMaxMs":24}
{"event":"transition","op":"resume","state":"playing","epoch":1,"game":"gem_grab","arena":"gem_hollow","host":false,"serverLoopMaxMs":24}
{"event":"transition","op":"loaded","state":"playing","epoch":1,"game":"gem_grab","arena":"gem_hollow","host":false,"serverLoopMaxMs":24}
{"event":"transition","op":"resume","state":"playing","epoch":1,"game":"gem_grab","arena":"gem_hollow","host":true,"serverLoopMaxMs":24}
{"event":"transition","op":"loaded","state":"playing","epoch":1,"game":"gem_grab","arena":"gem_hollow","host":true,"serverLoopMaxMs":24}
{"event":"transition","op":"result","state":"results","epoch":1,"game":"gem_grab","arena":"gem_hollow","host":true,"serverLoopMaxMs":24}
{"event":"transition","op":"next","state":"loading","epoch":2,"game":"gem_grab","arena":"glass_terrace","host":true,"serverLoopMaxMs":24}
{"event":"transition","op":"loaded","state":"loading","epoch":2,"game":"gem_grab","arena":"glass_terrace","host":false,"serverLoopMaxMs":24}
{"event":"transition","op":"loaded","state":"loading","epoch":2,"game":"gem_grab","arena":"glass_terrace","host":false,"serverLoopMaxMs":24}
{"event":"transition","op":"loaded","state":"loading","epoch":2,"game":"gem_grab","arena":"glass_terrace","host":false,"serverLoopMaxMs":24}
{"event":"transition","op":"loaded","state":"playing","epoch":2,"game":"gem_grab","arena":"glass_terrace","host":true,"serverLoopMaxMs":24}
{"event":"transition","op":"result","state":"results","epoch":2,"game":"gem_grab","arena":"glass_terrace","host":true,"serverLoopMaxMs":24}
{"event":"transition","op":"next","state":"loading","epoch":3,"game":"gem_grab","arena":"glass_terrace","host":true,"serverLoopMaxMs":24}
{"event":"transition","op":"loaded","state":"loading","epoch":3,"game":"gem_grab","arena":"glass_terrace","host":false,"serverLoopMaxMs":24}
{"event":"transition","op":"loaded","state":"loading","epoch":3,"game":"gem_grab","arena":"glass_terrace","host":false,"serverLoopMaxMs":24}
{"event":"transition","op":"loaded","state":"loading","epoch":3,"game":"gem_grab","arena":"glass_terrace","host":false,"serverLoopMaxMs":24}
{"event":"transition","op":"loaded","state":"playing","epoch":3,"game":"gem_grab","arena":"glass_terrace","host":true,"serverLoopMaxMs":24}
{"event":"transition","op":"result","state":"results","epoch":3,"game":"gem_grab","arena":"glass_terrace","host":true,"serverLoopMaxMs":24}
{"event":"room_closed","state":"results","reason":"left","authorityAge":51}
{"humans":4,"status":"PASS","results":[{"carrying_seen":false,"collection_scored":true,"fawda_event_coverage":{},"fawda_worlds":[],"humans":4,"id":1,"matches":3,"moved":true,"reconnected":true,"scores":[4,2,7,4],"snapshots":0,"tournament":{"awards":[3,1,5,3],"champions":[2],"complete":true,"contenders":[],"cups":[0,1,2,0],"mode":"points","points":[8,9,13,5],"round":3,"target":3,"tie_attempts":0},"world_snapshots":0},{"carrying_seen":false,"collection_scored":true,"fawda_event_coverage":{},"fawda_worlds":[],"humans":4,"id":3,"matches":3,"moved":true,"reconnected":false,"scores":[4,2,7,4],"snapshots":1442,"tournament":{"awards":[3,1,5,3],"champions":[2],"complete":true,"contenders":[],"cups":[0,1,2,0],"mode":"points","points":[8,9,13,5],"round":3,"target":3,"tie_attempts":0},"world_snapshots":1442},{"carrying_seen":false,"collection_scored":true,"fawda_event_coverage":{},"fawda_worlds":[],"humans":4,"id":2,"matches":3,"moved":true,"reconnected":true,"scores":[4,2,7,4],"snapshots":1423,"tournament":{"awards":[3,1,5,3],"champions":[2],"complete":true,"contenders":[],"cups":[0,1,2,0],"mode":"points","points":[8,9,13,5],"round":3,"target":3,"tie_attempts":0},"world_snapshots":1423},{"carrying_seen":false,"collection_scored":true,"fawda_event_coverage":{},"fawda_worlds":[],"humans":4,"id":4,"matches":3,"moved":true,"reconnected":false,"scores":[4,2,7,4],"snapshots":1442,"tournament":{"awards":[3,1,5,3],"champions":[2],"complete":true,"contenders":[],"cups":[0,1,2,0],"mode":"points","points":[8,9,13,5],"round":3,"target":3,"tie_attempts":0},"world_snapshots":1442}]}
{"event":"server_timing","maxMs":24}
