Evidence: /home/runner/work/_temp/kras-network-smoke-I5d4TQ
{"event":"transition","op":"start","state":"loading","epoch":1,"game":"gem_grab","arena":"gem_hollow","host":true,"serverLoopMaxMs":21}
{"event":"transition","op":"loaded","state":"loading","epoch":1,"game":"gem_grab","arena":"gem_hollow","host":false,"serverLoopMaxMs":21}
{"event":"transition","op":"loaded","state":"playing","epoch":1,"game":"gem_grab","arena":"gem_hollow","host":true,"serverLoopMaxMs":21}
{"event":"transition","op":"resume","state":"playing","epoch":1,"game":"gem_grab","arena":"gem_hollow","host":false,"serverLoopMaxMs":22}
{"event":"transition","op":"loaded","state":"playing","epoch":1,"game":"gem_grab","arena":"gem_hollow","host":false,"serverLoopMaxMs":22}
{"event":"transition","op":"resume","state":"playing","epoch":1,"game":"gem_grab","arena":"gem_hollow","host":true,"serverLoopMaxMs":22}
{"event":"transition","op":"loaded","state":"playing","epoch":1,"game":"gem_grab","arena":"gem_hollow","host":true,"serverLoopMaxMs":22}
{"event":"transition","op":"result","state":"results","epoch":1,"game":"gem_grab","arena":"gem_hollow","host":true,"serverLoopMaxMs":22}
{"event":"room_closed","state":"results","reason":"host_left","authorityAge":22}
{"humans":2,"status":"PASS","results":[{"carrying_seen":false,"collection_scored":true,"fawda_event_coverage":{},"fawda_worlds":[],"humans":2,"id":1,"matches":1,"moved":true,"reconnected":true,"scores":[5,7,7,7],"snapshots":0,"tournament":{},"world_snapshots":0},{"carrying_seen":false,"collection_scored":true,"fawda_event_coverage":{},"fawda_worlds":[],"humans":2,"id":2,"matches":1,"moved":true,"reconnected":true,"scores":[5,7,7,7],"snapshots":901,"tournament":{},"world_snapshots":901}]}
{"event":"transition","op":"start","state":"loading","epoch":1,"game":"gem_grab","arena":"gem_hollow","host":true,"serverLoopMaxMs":22}
{"event":"transition","op":"loaded","state":"loading","epoch":1,"game":"gem_grab","arena":"gem_hollow","host":false,"serverLoopMaxMs":23}
{"event":"transition","op":"loaded","state":"loading","epoch":1,"game":"gem_grab","arena":"gem_hollow","host":false,"serverLoopMaxMs":23}
{"event":"transition","op":"loaded","state":"loading","epoch":1,"game":"gem_grab","arena":"gem_hollow","host":true,"serverLoopMaxMs":23}
{"event":"transition","op":"loaded","state":"playing","epoch":1,"game":"gem_grab","arena":"gem_hollow","host":false,"serverLoopMaxMs":23}
{"event":"transition","op":"resume","state":"playing","epoch":1,"game":"gem_grab","arena":"gem_hollow","host":false,"serverLoopMaxMs":23}
{"event":"transition","op":"loaded","state":"playing","epoch":1,"game":"gem_grab","arena":"gem_hollow","host":false,"serverLoopMaxMs":23}
{"event":"transition","op":"resume","state":"playing","epoch":1,"game":"gem_grab","arena":"gem_hollow","host":true,"serverLoopMaxMs":25}
{"event":"transition","op":"loaded","state":"playing","epoch":1,"game":"gem_grab","arena":"gem_hollow","host":true,"serverLoopMaxMs":25}
{"event":"transition","op":"result","state":"results","epoch":1,"game":"gem_grab","arena":"gem_hollow","host":true,"serverLoopMaxMs":25}
{"event":"room_closed","state":"results","reason":"left","authorityAge":16}
{"humans":4,"status":"PASS","results":[{"carrying_seen":false,"collection_scored":true,"fawda_event_coverage":{},"fawda_worlds":[],"humans":4,"id":1,"matches":1,"moved":true,"reconnected":true,"scores":[5,7,8,7],"snapshots":0,"tournament":{},"world_snapshots":0},{"carrying_seen":false,"collection_scored":true,"fawda_event_coverage":{},"fawda_worlds":[],"humans":4,"id":3,"matches":1,"moved":true,"reconnected":false,"scores":[5,7,8,7],"snapshots":928,"tournament":{},"world_snapshots":928},{"carrying_seen":false,"collection_scored":true,"fawda_event_coverage":{},"fawda_worlds":[],"humans":4,"id":2,"matches":1,"moved":true,"reconnected":true,"scores":[5,7,8,7],"snapshots":909,"tournament":{},"world_snapshots":909},{"carrying_seen":false,"collection_scored":true,"fawda_event_coverage":{},"fawda_worlds":[],"humans":4,"id":4,"matches":1,"moved":true,"reconnected":false,"scores":[5,7,8,7],"snapshots":928,"tournament":{},"world_snapshots":928}]}
{"event":"server_timing","maxMs":25}
