Godot Engine v4.7.1.stable.official.a13da4feb - https://godotengine.org

[INF][Balance] loaded 10 balance tables
[INF][Registry] registry: 8 characters, 39 games, 34 arenas, 22 powerups
[INF][Platform] platform: desktop, mobile=false, safe=[P: (0, 0), S: (0, 0)]
NETWORK_TIMING={"epoch":0,"max_frame_gap_ms":0,"phase":-1,"running":false,"seed":0,"snapshots":0,"state":""}
NETWORK_ROOM=PUGL5E
NETWORK_TIMING={"epoch":1,"max_frame_gap_ms":986,"phase":2,"running":true,"seed":30186515,"snapshots":0,"state":"playing"}
NETWORK_TIMING={"epoch":1,"max_frame_gap_ms":986,"phase":4,"running":true,"seed":30186515,"snapshots":0,"state":"playing"}
NETWORK_TIMING={"epoch":1,"max_frame_gap_ms":986,"phase":4,"running":true,"seed":30186515,"snapshots":0,"state":"playing"}
NETWORK_TIMING={"epoch":1,"max_frame_gap_ms":986,"phase":3,"running":true,"seed":30186515,"snapshots":0,"state":"playing"}
NETWORK_TIMING={"epoch":1,"max_frame_gap_ms":986,"phase":4,"running":true,"seed":30186515,"snapshots":0,"state":"playing"}
WARNING: [WRN][Net] online transport lost: socket_1000
   at: push_warning (core/variant/variant_utility.cpp:1033)
   GDScript backtrace (most recent call first):
       [0] _write (res://src/core/logger.gd:75)
       [1] w (res://src/core/logger.gd:34)
       [2] _transport_lost (res://src/net/net_service.gd:482)
       [3] _process (res://src/net/room_client.gd:88)
NETWORK_ROUND={"arena":"star_meadow","epoch":1,"game":"star_rush","moved":true,"scores":[11,8,2,6],"spectator":false}
NETWORK_FINISHED={"carrying_seen":true,"collection_scored":true,"fawda_event_coverage":{},"fawda_worlds":[],"humans":2,"id":1,"matches":1,"moved":true,"reconnected":true,"scores":[11,8,2,6],"snapshots":0,"tournament":{},"world_snapshots":0}
