
> test
> node --test

✔ fresh database reaches schema 2 with expiry indexes (2.850958ms)
✔ legacy schema migration preserves owner, sessions and challenge then reopens idempotently (19.575583ms)
✔ schema 1 upgrades indexes without changing stored data (5.964625ms)
✔ future schema is rejected without downgrading or changing contents (4.523333ms)
✔ negative schema version is rejected without rewriting the database (11.469958ms)
✔ partial legacy schema is rejected without creating missing account tables (2.955084ms)
✔ foreign-key damage refuses migration and preserves diagnostic source (9.374667ms)
✔ migration error rolls back both version and earlier DDL (5.968125ms)
✔ existing index with incompatible definition refuses migration and rolls back (5.146333ms)
✔ current version with missing index fails rather than silently accepting damaged schema (8.753292ms)
✔ incompatible legacy columns fail without altering account rows or schema (8.615542ms)
✔ deletion requires matching Apple subject and removes every account session (7.881416ms)
✔ owner binding persists by subject, ordinary accounts stay locked, nonce cannot replay (2.159791ms)
✔ expired challenge is denied (0.766ms)
✔ Apple signature, audience, issuer, nonce, expiry and verified email are enforced (234.927459ms)
✔ armed race world bounds inventory hazards and inherited progress (9.937625ms)
﹣ actual Godot armed-race capture satisfies server schema (0.43075ms) # SKIP
✔ restore audit includes uncheckpointed account WAL and leaves live data unchanged (14.646958ms)
✔ audit refuses missing, relative and corrupt source files without creating a database (2.046875ms)
✔ audit rejects foreign-key damage and unrelated SQLite schemas (6.670708ms)
✔ audit compares one WAL snapshot while the service continues writing (72.3705ms)
✔ complete campaign counts actual qualified matches but does not certify release (8.075208ms)
✔ partial campaign names missing games explicitly (2.791667ms)
✔ warnings survive aggregation instead of becoming green readiness (0.929209ms)
✔ rejects campaign missing start (0.153375ms)
✔ rejects campaign missing end (1.307167ms)
✔ rejects campaign short fingerprint (0.206833ms)
✔ rejects campaign non-hex fingerprint (1.593208ms)
✔ rejects campaign changed source (0.238583ms)
✔ rejects campaign different source across games (0.519458ms)
✔ rejects campaign missing engine (0.200583ms)
✔ rejects campaign wrong engine (0.366583ms)
✔ source pin cannot be replaced by an internally consistent different fingerprint (0.130791ms)
✔ matching explicit source pin remains accepted without declaring release readiness (0.088875ms)
✔ empty partial evidence does not invent a verified engine or source (0.063916ms)
✔ rejects invalid expected fingerprint  (0.074792ms)
✔ rejects invalid expected fingerprint 1 (0.632125ms)
✔ rejects invalid expected fingerprint short (0.065666ms)
✔ rejects invalid expected fingerprint zzzzzzzzzzzzzzzzzzzzzzzzzzzzzzzzzzzzzzzzzzzzzzzzzzzzzzzzzzzzzzzz (0.048375ms)
✔ rejects invalid expected engine  (0.084167ms)
✔ rejects invalid expected engine   (0.046125ms)
✔ rejects invalid expected engine null (0.056ms)
✔ rejects invalid expected engine 4.7 (0.052583ms)
✔ rejects wrong source (0.157833ms)
✔ rejects wrong checkout (0.100416ms)
✔ rejects mixed run (0.32825ms)
✔ rejects clipped window (0.159583ms)
✔ rejects incomplete baseline (0.102333ms)
✔ rejects incomplete difficulty (0.0965ms)
✔ rejects failed smoke (0.6095ms)
✔ rejects critical flag (0.106916ms)
✔ rejects unlabelled warning (1.399ms)
✔ rejects malformed warning (0.073958ms)
✔ rejects wrong game (0.064042ms)
✔ rejects invalid wins (0.097042ms)
✔ independent campaign records offset and still verifies matched pairs (0.649667ms)
✔ rejects independent campaign source offset (0.1685ms)
✔ rejects independent campaign report offset (0.5055ms)
✔ rejects independent campaign game offset (0.09775ms)
✔ rejects independent campaign baseline missing (0.108458ms)
✔ rejects independent campaign baseline replayed (0.076625ms)
✔ rejects independent campaign mutator replayed (0.074917ms)
✔ rejects independent campaign chaos missing (0.079209ms)
✔ rejects independent campaign both difficulty seeds replayed (0.091084ms)
✔ rejects invalid expected seed offset -1 (0.057875ms)
✔ rejects invalid expected seed offset 1.5 (0.033083ms)
✔ rejects invalid expected seed offset 1000000001 (0.031166ms)
✔ rejects invalid expected seed offset NaN (0.030709ms)
✔ rejects invalid expected seed offset Infinity (0.031167ms)
✔ rejects duplicate reports even in partial mode (0.072417ms)
✔ rejects unregistered source and invalid expected identity (0.085292ms)
✔ boss completion requires explicit seeded objective evidence (0.548125ms)
✔ rejects boss evidence missing outcomes (0.143958ms)
✔ rejects boss evidence missing counter (0.12625ms)
✔ rejects boss evidence negative counter (0.091625ms)
✔ rejects boss evidence fractional counter (0.108917ms)
✔ rejects boss evidence string counter (0.098916ms)
✔ rejects boss evidence counter mismatch (0.090167ms)
✔ rejects boss evidence short outcomes (0.08475ms)
✔ rejects boss evidence duplicate seed (0.091708ms)
✔ rejects boss evidence wrong seed (0.083125ms)
✔ rejects boss evidence malformed outcome (0.075417ms)
✔ rejects boss evidence unknown objective (0.076709ms)
✔ rejects boss evidence invalid objective (0.196166ms)
✔ surviving every boss match requires a retained review warning (1.476459ms)
✔ boss outcomes must use the configured independent campaign offset (1.560833ms)
✔ rejects boss comparison missing difficulty outcome (0.84975ms)
✔ rejects boss comparison unknown difficulty outcome (0.162916ms)
✔ rejects boss comparison null difficulty sample (0.170959ms)
✔ rejects boss comparison missing mutated outcome (0.139083ms)
✔ rejects boss comparison unknown chaos outcome (0.115792ms)
✔ rejects boss comparison invalid mutated outcome (0.098083ms)
✔ paired campaign verifies all roster members and adjusted match counts (0.072042ms)
✔ legacy evidence stays explicitly unpaired and cannot qualify a paired campaign (0.084042ms)
✔ rejects mismatched paired world seed (0.090209ms)
✔ rejects mismatched paired character (0.080625ms)
✔ rejects mismatched paired seat orientation (0.073958ms)
✔ rejects mismatched paired completion (0.076ms)
✔ rejects mismatched paired roster coverage (0.072875ms)
✔ later clean recheck cannot erase an earlier current warning (2.488542ms)
✔ clean current evidence still requires device review and attestation (0.132875ms)
✔ stale or mid-run changed sources are retained but cannot qualify (3.35325ms)
✔ incomplete current warning remains visible instead of being dropped (0.141125ms)
✔ bad flags, severity, engine, mode and difficulty fail eligibility (0.747ms)
✔ duplicate reports and unknown or duplicate games are rejected (8.713625ms)
✔ overlapping seeds are retained separately without invented match totals (0.201833ms)
✔ empty evidence cannot claim balance or release readiness (0.414667ms)
✔ CLI reads the actual catalogue and pins the current checkout itself (516.914875ms)
✔ source fingerprint matches the engine path/hash/newline contract (4.821166ms)
✔ nested gameplay edits change the pin but ignored files do not (3.552ms)
✔ each engine-qualified extension and project settings affects the pin (8.731125ms)
✔ missing required roots and symlinks fail closed (2.91475ms)
✔ campaign summary pins evidence to its actual checked-out source (0.778084ms)
✔ blast world validates bounded host state and terminal detonation (1.151208ms)
✔ bumper world bounds five visual scales and hit serials (1.023083ms)
✔ color world requires a complete bounded quilt, call and phase (8.900042ms)
✔ colossus world bounds poses, holes, identity and authority state (4.145625ms)
﹣ actual Godot colossus slam and arm hit satisfy server schema (0.081959ms) # SKIP
✔ crate worlds bound identities, types, feedback and lab-only projectiles (4.628542ms)
✔ crate event lanes retain mixed kinds and reject incoherent or excessive history (0.470625ms)
✔ draw world validates bounded host decisions without hidden timing (1.708583ms)
✔ dreadnought schema bounds boss state and every visible world object (7.786375ms)
﹣ actual Godot dreadnought capture satisfies server schema (0.115417ms) # SKIP
✔ duel world bounds lives and damage to the authoritative roster (1.221792ms)
✔ duo world binds team points, lives and hazards to the selected arena (1.285041ms)
✔ echo publishes only the visible cue with consistent bounded progress (1.771416ms)
✔ recorded fawda standings restore the actual two-contender final (3.086541ms)
✔ checkpoint cannot silently replace an unrelated or started match (1.637208ms)
✔ early final does not invent an explosion, but world agreement is mandatory (0.92475ms)
✔ ordinary campaigns still require each real ordnance event (1.23ms)
✔ agreement checks reject lost events, altered fuses, carriers and bombs (1.914667ms)
✔ missing match history and a noncontender champion cannot pass (10.485667ms)
✔ decimal JSON round-trip noise is not a changed physical position (0.340834ms)
✔ fawda bounds visible bombs carrying and sampled event generations (17.732833ms)
✔ floe world bounds all three platform positions and motion age (1.307458ms)
✔ forge schema rejects incomplete or inconsistent boss and object presentation (3.415ms)
﹣ actual Godot forge capture satisfies server schema (0.134791ms) # SKIP
✔ kart result range preserves unfinished progress and summed rounds without widening arena scores (1.629208ms)
✔ kart tournament ranks unfinished racers behind finishers using real score encoding (1.722292ms)
✔ hurdle world bounds finish times by observed elapsed clock (1.152917ms)
✔ kart world bounds course progress finishing rescue and per-player boost state (2.145208ms)
✔ lab budgets cover authored rounds, bounded finals and every CI peer group (4.716875ms)
✔ network timing separates handler work from scheduler stalls without payloads (3.795417ms)
✔ network timing bounds samples while retaining the worst later stall (0.336334ms)
✔ operation CPU stays associated with its actual worst wall sample (0.267125ms)
✔ diagnostic operation cardinality is bounded without dropping known samples (0.225334ms)
✔ kart fixture budgets all ordinary races and bounded contender finals (1.443916ms)
✔ colossus room validates host authority and restores carved world and result on resume (6.061542ms)
✔ sovereign room validates host world and restores identity, world and result on resume (1.226ms)
✔ dreadnought room validates host world and restores identity and result on resume (1.140375ms)
✔ forge room validates host state and restores identity, world and result on resume (0.997334ms)
✔ boss_forge tournament resolves final without changing ordinary points or cups (1.458708ms)
✔ boss_dreadnought tournament resolves final without changing ordinary points or cups (0.843959ms)
✔ boss_sovereign tournament resolves final without changing ordinary points or cups (1.628708ms)
✔ boss_colossus tournament resolves final without changing ordinary points or cups (1.375584ms)
✔ siege rooms bind both arenas and preserve host crystal state on resume (2.642792ms)
✔ siege tournament rotates both arenas and final awards no extra points or cups (1.659041ms)
✔ wall clock adjustments cannot expire a live room (0.274458ms)
✔ diagnostic seeds are server-injected and clients cannot override them (0.563291ms)
✔ closed-room inputs drain briefly without granting authority to detached clients (0.812292ms)
✔ joining another room clears the closed-room input drain allowance (0.402458ms)
✔ goal guard enforces its arena and complete world snapshots (0.542458ms)
✔ blast room rejects missing fuse, invalid arena and non-host snapshots (0.513417ms)
✔ echo room accepts only host public cues and consistent progress (0.6225ms)
✔ crate rooms require their arena and host snapshots with game-specific weapons (1.263625ms)
✔ draw room relays host decisions and rejects hidden timing or client authority (0.511334ms)
✔ color room requires host-owned palette and called color (0.714041ms)
✔ crumble room relays only complete host-owned floor state (0.457916ms)
✔ sky room requires bounded bank and warning state (0.391042ms)
✔ storm room relays turbine state and rejects missing or excessive state (0.418042ms)
✔ magnet rooms require both ball state and bounded magnet ownership (0.358083ms)
✔ zone hold requires host capture state and rejects malformed updates (0.322ms)
✔ relic match requires world state and bounds carrier to roster (0.357334ms)
✔ tag match requires bounded authoritative hunter role (0.305875ms)
✔ paint games relay complete ownership and reject invalid grids (1.749167ms)
✔ collection games reject absent or wrong-kind world state (0.759667ms)
✔ relay room accepts only host cargo with its authored arena (0.463166ms)
✔ bumper rooms require five bounded host-owned barriers (0.481916ms)
✔ kart rooms bind host laps and course geometry and preserve race state on resume (3.120958ms)
✔ kart tournament final snapshots use one lap instead of the lobby lap limit (1.369292ms)
✔ armed race rooms bind all authored courses, host laps and resumed weapon state (14.957125ms)
✔ armed race tournament final binds one lap and cannot award extra cups (1.348875ms)
✔ fawda rooms require bounded host bomb state on both maps and preserve it on resume (1.595542ms)
✔ scrap rooms validate host health and preserve collision baseline on resume (0.938541ms)
✔ ATV rooms require host-owned armor ammo crates and shell generations on each map (2.552708ms)
✔ turret rooms require host-owned launch generations and combat meters (0.613208ms)
✔ floe rooms require bounded host-owned platforms on each authored arena (1.357375ms)
✔ duo rooms bind team snapshots to each authored arena (1.292041ms)
✔ duel rooms validate host lives and damage (0.479625ms)
✔ sweeper rooms require all three host-owned arm angles (0.525417ms)
✔ tide rooms accept only host water state on the authored arena (0.617083ms)
✔ hurdle rooms validate host times and award the fastest tournament runner (0.8425ms)
✔ tournament snapshots follow the current game rather than the lobby default (0.522375ms)
✔ private codes, public discovery, four players, no leaked tokens (0.581792ms)
✔ host controls, readiness invalidation, load barrier, authoritative results (0.883917ms)
✔ reconnect preserves identity and grace, rejects impersonation and expired tokens (0.29ms)
✔ host loss expires without fabricated winner, kick invalidates token (0.217833ms)
✔ incompatible protocols cannot create, join or resume a room (0.63425ms)
✔ protocol/config validation and bounded room resources (0.345334ms)
✔ rejoining a lobby reuses only a vacant slot (0.304167ms)
✔ resuming after returning to lobby cannot replay an old result (0.268875ms)
✔ disconnected host receives the full reconnect grace, not snapshot age (0.176416ms)
✔ loading and silent-authority watchdogs terminate without a result (0.205791ms)
✔ four-peer mixed playlist advances game contracts and restores tournament identity (2.167625ms)
✔ online tournament keeps roster, requires ready between rounds and reconnects standings (0.883875ms)
✔ online tournament rejects unavailable games and malformed point tables (0.14525ms)
✔ host can configure independent random tournament rotation without bypassing readiness (0.264833ms)
✔ real WebSocket match, reconnect and closed-room input drain (36.544125ms)
✔ independent scheduling probe starts, reports and exits without room payloads (129.686167ms)
✔ scrap world bounds health maximum impact position and wreck feedback by roster (1.564375ms)
✔ siege schema bounds roster-ordered base health animation and feedback (1.741666ms)
﹣ actual Godot siege capture satisfies server schema (0.304875ms) # SKIP
✔ sovereign schema bounds phases, shields, recovery and visible objects (4.094042ms)
﹣ actual Godot sovereign capture satisfies server schema (0.139458ms) # SKIP
✔ sweeper world contains exactly three finite bounded arm angles (1.02625ms)
✔ tank world validates all shell kinds, ammunition, armor, fuses and five crates (3.098083ms)
✔ tide snapshots contain only bounded authoritative water presentation (1.296166ms)
✔ mixed race and score rounds use their own ranking direction (2.806ms)
✔ race tiebreak ignores faster spectators and awards no extra points (0.2075ms)
✔ duo teammates settle a tournament tie in an individual duel (0.182458ms)
✔ catalogue ranking rejects unknown games and cannot be supplied by clients (0.486959ms)
✔ race cup tournaments reward quickest finish and refuse unstarted results (0.874791ms)
✔ points, cup awards and results are applied once per epoch (0.23175ms)
✔ cup target, tied finalists and bounded shared championship (0.165709ms)
✔ a tiebreak narrows contenders without awarding extra tournament points (0.114375ms)
✔ seeded rotation exhausts each bag without repetition (0.231792ms)
✔ no-repeat rotation exhausts games before reusing a game with several arenas (5.052167ms)
✔ single-game no-repeat keeps arena rotation and avoids a repeat at cycle boundaries (0.817458ms)
✔ independent random rotation is seeded and permits consecutive repeats (0.273333ms)
✔ tournament view cannot mutate authoritative accounting (0.14625ms)
✔ turret world bounds launch generations, live shots and host cooldown/damage (1.777417ms)
✔ crumble requires every authored tile with bounded phases and event counters (1.703792ms)
✔ sky world bounds tilt and warning state with no arbitrary transforms (0.480625ms)
✔ storm world allows two extra balls but requires turbine state and bounded events (0.574167ms)
✔ magnet world maps every ball to a bounded owner and every player to a meter (0.245042ms)
✔ saboteur requires bounded drone and warning state with tile ownership (0.47275ms)
✔ paint grid requires complete bounded tile ownership (0.189ms)
✔ tag world bounds role and handover grace without coercing JSON types (0.133375ms)
✔ relic ownership and loose-item representation are mutually exclusive (0.293375ms)
✔ zone world rejects malformed or unbounded presentation state (0.22025ms)
✔ goal world validates counts, finite bounds, generations and JSON types (0.265208ms)
✔ collection worlds bound identities, visual fields, carrying and payload size (0.579959ms)
✔ relay snapshots enforce single cargo and bounded crate population (0.387375ms)
ℹ tests 243
ℹ suites 0
ℹ pass 237
ℹ fail 0
ℹ cancelled 0
ℹ skipped 6
ℹ todo 0
ℹ duration_ms 1084.058792
