
> test
> node --test

✔ fresh database reaches schema 2 with expiry indexes (11.230541ms)
✔ legacy schema migration preserves owner, sessions and challenge then reopens idempotently (119.117083ms)
✔ schema 1 upgrades indexes without changing stored data (17.209708ms)
✔ future schema is rejected without downgrading or changing contents (8.715791ms)
✔ negative schema version is rejected without rewriting the database (35.478667ms)
✔ partial legacy schema is rejected without creating missing account tables (1.942ms)
✔ foreign-key damage refuses migration and preserves diagnostic source (35.333ms)
✔ migration error rolls back both version and earlier DDL (10.757625ms)
✔ existing index with incompatible definition refuses migration and rolls back (11.392833ms)
✔ current version with missing index fails rather than silently accepting damaged schema (21.818459ms)
✔ incompatible legacy columns fail without altering account rows or schema (9.400125ms)
✔ deletion requires matching Apple subject and removes every account session (11.782334ms)
✔ owner binding persists by subject, ordinary accounts stay locked, nonce cannot replay (2.184833ms)
✔ expired challenge is denied (0.790458ms)
✔ Apple signature, audience, issuer, nonce, expiry and verified email are enforced (290.29ms)
✔ armed race world bounds inventory hazards and inherited progress (11.277834ms)
﹣ actual Godot armed-race capture satisfies server schema (0.191208ms) # SKIP
✔ restore audit includes uncheckpointed account WAL and leaves live data unchanged (74.797292ms)
✔ audit refuses missing, relative and corrupt source files without creating a database (7.41075ms)
✔ audit rejects foreign-key damage and unrelated SQLite schemas (11.346584ms)
✔ audit compares one WAL snapshot while the service continues writing (34.655375ms)
✔ complete campaign counts actual qualified matches but does not certify release (2.961084ms)
✔ partial campaign names missing games explicitly (1.994041ms)
✔ warnings survive aggregation instead of becoming green readiness (0.243125ms)
✔ rejects campaign missing start (0.150125ms)
✔ rejects campaign missing end (0.401167ms)
✔ rejects campaign short fingerprint (0.126333ms)
✔ rejects campaign non-hex fingerprint (0.103958ms)
✔ rejects campaign changed source (0.085833ms)
✔ rejects campaign different source across games (0.129584ms)
✔ rejects campaign missing engine (31.629958ms)
✔ rejects campaign wrong engine (0.221ms)
✔ source pin cannot be replaced by an internally consistent different fingerprint (0.1395ms)
✔ matching explicit source pin remains accepted without declaring release readiness (0.090458ms)
✔ empty partial evidence does not invent a verified engine or source (0.067208ms)
✔ rejects invalid expected fingerprint  (0.749125ms)
✔ rejects invalid expected fingerprint 1 (0.104917ms)
✔ rejects invalid expected fingerprint short (0.072209ms)
✔ rejects invalid expected fingerprint zzzzzzzzzzzzzzzzzzzzzzzzzzzzzzzzzzzzzzzzzzzzzzzzzzzzzzzzzzzzzzzz (0.053667ms)
✔ rejects invalid expected engine  (0.096959ms)
✔ rejects invalid expected engine   (0.04925ms)
✔ rejects invalid expected engine null (0.053792ms)
✔ rejects invalid expected engine 4.7 (0.054708ms)
✔ rejects wrong source (0.11475ms)
✔ rejects wrong checkout (0.102042ms)
✔ rejects mixed run (0.0835ms)
✔ rejects clipped window (0.15625ms)
✔ rejects incomplete baseline (0.094291ms)
✔ rejects incomplete difficulty (0.09425ms)
✔ rejects failed smoke (0.205083ms)
✔ rejects critical flag (0.696083ms)
✔ rejects unlabelled warning (6.2645ms)
✔ rejects malformed warning (0.11175ms)
✔ rejects wrong game (0.096125ms)
✔ rejects invalid wins (0.10875ms)
✔ independent campaign records offset and still verifies matched pairs (0.383417ms)
✔ rejects independent campaign source offset (0.14975ms)
✔ rejects independent campaign report offset (0.098542ms)
✔ rejects independent campaign game offset (0.418875ms)
✔ rejects independent campaign baseline missing (0.182292ms)
✔ rejects independent campaign baseline replayed (0.102167ms)
✔ rejects independent campaign mutator replayed (0.092042ms)
✔ rejects independent campaign chaos missing (0.102625ms)
✔ rejects independent campaign both difficulty seeds replayed (0.220375ms)
✔ rejects invalid expected seed offset -1 (0.108083ms)
✔ rejects invalid expected seed offset 1.5 (0.188708ms)
✔ rejects invalid expected seed offset 1000000001 (0.05775ms)
✔ rejects invalid expected seed offset NaN (0.123625ms)
✔ rejects invalid expected seed offset Infinity (0.056792ms)
✔ rejects duplicate reports even in partial mode (0.102333ms)
✔ rejects unregistered source and invalid expected identity (0.110667ms)
✔ boss completion requires explicit seeded objective evidence (0.742167ms)
✔ rejects boss evidence missing outcomes (0.250208ms)
✔ rejects boss evidence missing counter (0.265583ms)
✔ rejects boss evidence negative counter (0.129416ms)
✔ rejects boss evidence fractional counter (0.124875ms)
✔ rejects boss evidence string counter (0.109166ms)
✔ rejects boss evidence counter mismatch (0.12225ms)
✔ rejects boss evidence short outcomes (0.093833ms)
✔ rejects boss evidence duplicate seed (0.171167ms)
✔ rejects boss evidence wrong seed (0.159ms)
✔ rejects boss evidence malformed outcome (0.113458ms)
✔ rejects boss evidence unknown objective (0.158542ms)
✔ rejects boss evidence invalid objective (0.454333ms)
✔ surviving every boss match requires a retained review warning (1.719542ms)
✔ boss outcomes must use the configured independent campaign offset (1.323125ms)
✔ rejects boss comparison missing difficulty outcome (0.246458ms)
✔ rejects boss comparison unknown difficulty outcome (0.251542ms)
✔ rejects boss comparison null difficulty sample (0.20625ms)
✔ rejects boss comparison missing mutated outcome (0.184333ms)
✔ rejects boss comparison unknown chaos outcome (0.136708ms)
✔ rejects boss comparison invalid mutated outcome (0.11725ms)
✔ paired campaign verifies all roster members and adjusted match counts (0.087959ms)
✔ legacy evidence stays explicitly unpaired and cannot qualify a paired campaign (0.102708ms)
✔ rejects mismatched paired world seed (0.114958ms)
✔ rejects mismatched paired character (0.102958ms)
✔ rejects mismatched paired seat orientation (0.087208ms)
✔ rejects mismatched paired completion (0.082583ms)
✔ rejects mismatched paired roster coverage (0.542791ms)
✔ later clean recheck cannot erase an earlier current warning (10.082ms)
✔ clean current evidence still requires device review and attestation (0.16525ms)
✔ stale or mid-run changed sources are retained but cannot qualify (0.199583ms)
✔ incomplete current warning remains visible instead of being dropped (0.192167ms)
✔ bad flags, severity, engine, mode and difficulty fail eligibility (0.182542ms)
✔ duplicate reports and unknown or duplicate games are rejected (0.534375ms)
✔ overlapping seeds are retained separately without invented match totals (0.299834ms)
✔ empty evidence cannot claim balance or release readiness (0.40825ms)
✔ CLI reads the actual catalogue and pins the current checkout itself (910.09475ms)
✔ source fingerprint matches the engine path/hash/newline contract (9.720459ms)
✔ nested gameplay edits change the pin but ignored files do not (6.794625ms)
✔ each engine-qualified extension and project settings affects the pin (40.555708ms)
✔ missing required roots and symlinks fail closed (5.023416ms)
✔ campaign summary pins evidence to its actual checked-out source (0.908875ms)
✔ blast world validates bounded host state and terminal detonation (16.369167ms)
✔ bumper world bounds five visual scales and hit serials (2.446541ms)
✔ color world requires a complete bounded quilt, call and phase (27.353875ms)
✔ colossus world bounds poses, holes, identity and authority state (5.435667ms)
﹣ actual Godot colossus slam and arm hit satisfy server schema (0.086458ms) # SKIP
✔ crate worlds bound identities, types, feedback and lab-only projectiles (2.746ms)
✔ crate event lanes retain mixed kinds and reject incoherent or excessive history (0.525375ms)
✔ draw world validates bounded host decisions without hidden timing (2.0565ms)
✔ dreadnought schema bounds boss state and every visible world object (5.908417ms)
﹣ actual Godot dreadnought capture satisfies server schema (0.385292ms) # SKIP
✔ duel world bounds lives and damage to the authoritative roster (64.830458ms)
✔ duo world binds team points, lives and hazards to the selected arena (2.902125ms)
✔ echo publishes only the visible cue with consistent bounded progress (3.72425ms)
✔ recorded fawda standings restore the actual two-contender final (15.208125ms)
✔ checkpoint cannot silently replace an unrelated or started match (5.38375ms)
✔ early final does not invent an explosion, but world agreement is mandatory (8.992958ms)
✔ ordinary campaigns still require each real ordnance event (0.697416ms)
✔ agreement checks reject lost events, altered fuses, carriers and bombs (3.406333ms)
✔ missing match history and a noncontender champion cannot pass (35.252083ms)
✔ decimal JSON round-trip noise is not a changed physical position (0.611666ms)
✔ fawda bounds visible bombs carrying and sampled event generations (2.893375ms)
✔ floe world bounds all three platform positions and motion age (4.106292ms)
✔ forge schema rejects incomplete or inconsistent boss and object presentation (4.335667ms)
﹣ actual Godot forge capture satisfies server schema (0.113083ms) # SKIP
✔ kart result range preserves unfinished progress and summed rounds without widening arena scores (2.128458ms)
✔ kart tournament ranks unfinished racers behind finishers using real score encoding (49.842291ms)
✔ hurdle world bounds finish times by observed elapsed clock (1.576625ms)
✔ kart world bounds course progress finishing rescue and per-player boost state (3.111042ms)
✔ lab budgets cover authored rounds, bounded finals and every CI peer group (8.226958ms)
✔ network timing separates handler work from scheduler stalls without payloads (80.059875ms)
✔ network timing bounds samples while retaining the worst later stall (0.60125ms)
✔ operation CPU stays associated with its actual worst wall sample (0.839167ms)
✔ diagnostic operation cardinality is bounded without dropping known samples (0.676458ms)
✔ kart fixture budgets all ordinary races and bounded contender finals (17.582375ms)
✔ colossus room validates host authority and restores carved world and result on resume (8.913875ms)
✔ sovereign room validates host world and restores identity, world and result on resume (1.337333ms)
✔ dreadnought room validates host world and restores identity and result on resume (1.229584ms)
✔ forge room validates host state and restores identity, world and result on resume (1.134792ms)
✔ boss_forge tournament resolves final without changing ordinary points or cups (2.547ms)
✔ boss_dreadnought tournament resolves final without changing ordinary points or cups (1.133958ms)
✔ boss_sovereign tournament resolves final without changing ordinary points or cups (1.022209ms)
✔ boss_colossus tournament resolves final without changing ordinary points or cups (0.931541ms)
✔ siege rooms bind both arenas and preserve host crystal state on resume (2.382417ms)
✔ siege tournament rotates both arenas and final awards no extra points or cups (1.320667ms)
✔ wall clock adjustments cannot expire a live room (0.283958ms)
✔ diagnostic seeds are server-injected and clients cannot override them (0.391ms)
✔ closed-room inputs drain briefly without granting authority to detached clients (0.677042ms)
✔ joining another room clears the closed-room input drain allowance (0.321542ms)
✔ goal guard enforces its arena and complete world snapshots (33.386083ms)
✔ blast room rejects missing fuse, invalid arena and non-host snapshots (3.989292ms)
✔ echo room accepts only host public cues and consistent progress (0.738542ms)
✔ crate rooms require their arena and host snapshots with game-specific weapons (3.474041ms)
✔ draw room relays host decisions and rejects hidden timing or client authority (1.209334ms)
✔ color room requires host-owned palette and called color (21.247ms)
✔ crumble room relays only complete host-owned floor state (1.388084ms)
✔ sky room requires bounded bank and warning state (2.968334ms)
✔ storm room relays turbine state and rejects missing or excessive state (1.431667ms)
✔ magnet rooms require both ball state and bounded magnet ownership (0.62625ms)
✔ zone hold requires host capture state and rejects malformed updates (0.500208ms)
✔ relic match requires world state and bounds carrier to roster (1.263583ms)
✔ tag match requires bounded authoritative hunter role (0.934ms)
✔ paint games relay complete ownership and reject invalid grids (3.166958ms)
✔ collection games reject absent or wrong-kind world state (6.259917ms)
✔ relay room accepts only host cargo with its authored arena (1.704833ms)
✔ bumper rooms require five bounded host-owned barriers (1.084916ms)
✔ kart rooms bind host laps and course geometry and preserve race state on resume (3.3895ms)
✔ kart tournament final snapshots use one lap instead of the lobby lap limit (2.092375ms)
✔ armed race rooms bind all authored courses, host laps and resumed weapon state (23.341292ms)
✔ armed race tournament final binds one lap and cannot award extra cups (1.157208ms)
✔ fawda rooms require bounded host bomb state on both maps and preserve it on resume (7.691541ms)
✔ scrap rooms validate host health and preserve collision baseline on resume (5.718833ms)
✔ ATV rooms require host-owned armor ammo crates and shell generations on each map (12.272791ms)
✔ turret rooms require host-owned launch generations and combat meters (1.241833ms)
✔ floe rooms require bounded host-owned platforms on each authored arena (2.048042ms)
✔ duo rooms bind team snapshots to each authored arena (5.94525ms)
✔ duel rooms validate host lives and damage (1.183709ms)
✔ sweeper rooms require all three host-owned arm angles (0.910375ms)
✔ tide rooms accept only host water state on the authored arena (7.198291ms)
✔ hurdle rooms validate host times and award the fastest tournament runner (2.598375ms)
✔ tournament snapshots follow the current game rather than the lobby default (0.464167ms)
✔ private codes, public discovery, four players, no leaked tokens (2.998125ms)
✔ host controls, readiness invalidation, load barrier, authoritative results (1.691041ms)
✔ reconnect preserves identity and grace, rejects impersonation and expired tokens (0.932875ms)
✔ host loss expires without fabricated winner, kick invalidates token (1.572584ms)
✔ incompatible protocols cannot create, join or resume a room (1.834625ms)
✔ protocol/config validation and bounded room resources (0.61225ms)
✔ rejoining a lobby reuses only a vacant slot (0.590208ms)
✔ resuming after returning to lobby cannot replay an old result (0.358541ms)
✔ disconnected host receives the full reconnect grace, not snapshot age (0.192583ms)
✔ loading and silent-authority watchdogs terminate without a result (0.407167ms)
✔ four-peer mixed playlist advances game contracts and restores tournament identity (3.897875ms)
✔ online tournament keeps roster, requires ready between rounds and reconnects standings (2.688833ms)
✔ online tournament rejects unavailable games and malformed point tables (0.48675ms)
✔ host can configure independent random tournament rotation without bypassing readiness (0.680042ms)
✔ real WebSocket match, reconnect and closed-room input drain (63.158458ms)
✔ independent scheduling probe starts, reports and exits without room payloads (301.868625ms)
✔ scrap world bounds health maximum impact position and wreck feedback by roster (1.82275ms)
✔ siege schema bounds roster-ordered base health animation and feedback (2.909208ms)
﹣ actual Godot siege capture satisfies server schema (0.130375ms) # SKIP
✔ sovereign schema bounds phases, shields, recovery and visible objects (27.124ms)
﹣ actual Godot sovereign capture satisfies server schema (0.187542ms) # SKIP
✔ sweeper world contains exactly three finite bounded arm angles (73.907083ms)
✔ tank world validates all shell kinds, ammunition, armor, fuses and five crates (17.972416ms)
✔ tide snapshots contain only bounded authoritative water presentation (1.247625ms)
✔ mixed race and score rounds use their own ranking direction (3.262333ms)
✔ race tiebreak ignores faster spectators and awards no extra points (0.231292ms)
✔ duo teammates settle a tournament tie in an individual duel (0.227083ms)
✔ catalogue ranking rejects unknown games and cannot be supplied by clients (1.075833ms)
✔ race cup tournaments reward quickest finish and refuse unstarted results (1.443208ms)
✔ points, cup awards and results are applied once per epoch (0.314209ms)
✔ cup target, tied finalists and bounded shared championship (0.460416ms)
✔ a tiebreak narrows contenders without awarding extra tournament points (0.1255ms)
✔ seeded rotation exhausts each bag without repetition (0.245875ms)
✔ independent random rotation is seeded and permits consecutive repeats (0.609167ms)
✔ tournament view cannot mutate authoritative accounting (0.235541ms)
✔ turret world bounds launch generations, live shots and host cooldown/damage (1.971584ms)
✔ crumble requires every authored tile with bounded phases and event counters (3.599ms)
✔ sky world bounds tilt and warning state with no arbitrary transforms (1.398041ms)
✔ storm world allows two extra balls but requires turbine state and bounded events (0.74475ms)
✔ magnet world maps every ball to a bounded owner and every player to a meter (0.328916ms)
✔ saboteur requires bounded drone and warning state with tile ownership (0.909875ms)
✔ paint grid requires complete bounded tile ownership (0.303125ms)
✔ tag world bounds role and handover grace without coercing JSON types (0.203ms)
✔ relic ownership and loose-item representation are mutually exclusive (0.403583ms)
✔ zone world rejects malformed or unbounded presentation state (0.288958ms)
✔ goal world validates counts, finite bounds, generations and JSON types (0.330291ms)
✔ collection worlds bound identities, visual fields, carrying and payload size (0.785542ms)
✔ relay snapshots enforce single cargo and bounded crate population (0.352083ms)
ℹ tests 241
ℹ suites 0
ℹ pass 235
ℹ fail 0
ℹ cancelled 0
ℹ skipped 6
ℹ todo 0
ℹ duration_ms 2224.786792
