✔ colossus room validates host authority and restores carved world and result on resume (3.940292ms)
✔ sovereign room validates host world and restores identity, world and result on resume (0.708375ms)
✔ dreadnought room validates host world and restores identity and result on resume (0.745459ms)
✔ forge room validates host state and restores identity, world and result on resume (0.677625ms)
✔ boss_forge tournament resolves final without changing ordinary points or cups (1.006625ms)
✔ boss_dreadnought tournament resolves final without changing ordinary points or cups (0.601125ms)
✔ boss_sovereign tournament resolves final without changing ordinary points or cups (0.569708ms)
✔ boss_colossus tournament resolves final without changing ordinary points or cups (0.501458ms)
✔ siege rooms bind both arenas and preserve host crystal state on resume (1.288209ms)
✔ siege tournament rotates both arenas and final awards no extra points or cups (0.857375ms)
✔ wall clock adjustments cannot expire a live room (0.158458ms)
✔ diagnostic seeds are server-injected and clients cannot override them (0.231083ms)
✔ closed-room inputs drain briefly without granting authority to detached clients (0.394458ms)
✔ joining another room clears the closed-room input drain allowance (0.175042ms)
✔ goal guard enforces its arena and complete world snapshots (0.294333ms)
✔ blast room rejects missing fuse, invalid arena and non-host snapshots (0.289292ms)
✔ echo room accepts only host public cues and consistent progress (0.342375ms)
✔ crate rooms require their arena and host snapshots with game-specific weapons (0.670542ms)
✔ draw room relays host decisions and rejects hidden timing or client authority (0.301125ms)
✔ color room requires host-owned palette and called color (0.483875ms)
✔ crumble room relays only complete host-owned floor state (0.316083ms)
✔ sky room requires bounded bank and warning state (0.266917ms)
✔ storm room relays turbine state and rejects missing or excessive state (0.297958ms)
✔ magnet rooms require both ball state and bounded magnet ownership (0.256041ms)
✔ zone hold requires host capture state and rejects malformed updates (0.222375ms)
✔ relic match requires world state and bounds carrier to roster (0.248791ms)
✔ tag match requires bounded authoritative hunter role (0.213542ms)
✔ paint games relay complete ownership and reject invalid grids (1.042916ms)
✔ collection games reject absent or wrong-kind world state (0.513208ms)
✔ relay room accepts only host cargo with its authored arena (0.329875ms)
✔ bumper rooms require five bounded host-owned barriers (0.338209ms)
✔ kart rooms bind host laps and course geometry and preserve race state on resume (1.61825ms)
✔ kart tournament final snapshots use one lap instead of the lobby lap limit (0.588167ms)
✔ armed race rooms bind all authored courses, host laps and resumed weapon state (9.255333ms)
✔ armed race tournament final binds one lap and cannot award extra cups (0.583458ms)
✔ fawda rooms require bounded host bomb state on both maps and preserve it on resume (0.843625ms)
✔ scrap rooms validate host health and preserve collision baseline on resume (0.46975ms)
✔ ATV rooms require host-owned armor ammo crates and shell generations on each map (1.606791ms)
✔ turret rooms require host-owned launch generations and combat meters (0.349542ms)
✔ floe rooms require bounded host-owned platforms on each authored arena (0.549166ms)
✔ duo rooms bind team snapshots to each authored arena (0.65375ms)
✔ duel rooms validate host lives and damage (0.276ms)
✔ sweeper rooms require all three host-owned arm angles (0.286042ms)
✔ tide rooms accept only host water state on the authored arena (0.408792ms)
✔ hurdle rooms validate host times and award the fastest tournament runner (0.376875ms)
✔ tournament snapshots follow the current game rather than the lobby default (0.176458ms)
✔ private codes, public discovery, four players, no leaked tokens (0.283375ms)
✔ host controls, readiness invalidation, load barrier, authoritative results (0.462292ms)
✔ reconnect preserves identity and grace, rejects impersonation and expired tokens (0.144459ms)
✔ host loss expires without fabricated winner, kick invalidates token (0.10875ms)
✔ incompatible protocols cannot create, join or resume a room (0.372625ms)
✔ protocol/config validation and bounded room resources (0.134625ms)
✔ rejoining a lobby reuses only a vacant slot (0.146709ms)
✔ resuming after returning to lobby cannot replay an old result (0.130542ms)
✔ disconnected host receives the full reconnect grace, not snapshot age (0.085625ms)
✔ loading and silent-authority watchdogs terminate without a result (0.088167ms)
✔ four-peer mixed playlist advances game contracts and restores tournament identity (1.1685ms)
✔ online tournament keeps roster, requires ready between rounds and reconnects standings (0.546917ms)
✔ online tournament rejects unavailable games and malformed point tables (0.087292ms)
✔ host can configure independent random tournament rotation without bypassing readiness (0.173917ms)
✔ real WebSocket match, reconnect and closed-room input drain (28.207167ms)
✔ mixed race and score rounds use their own ranking direction (1.876792ms)
✔ race tiebreak ignores faster spectators and awards no extra points (0.1655ms)
✔ duo teammates settle a tournament tie in an individual duel (0.140209ms)
✔ catalogue ranking rejects unknown games and cannot be supplied by clients (0.678583ms)
✔ race cup tournaments reward quickest finish and refuse unstarted results (0.1315ms)
✔ points, cup awards and results are applied once per epoch (0.276ms)
✔ cup target, tied finalists and bounded shared championship (0.154791ms)
✔ a tiebreak narrows contenders without awarding extra tournament points (0.109083ms)
✔ seeded rotation exhausts each bag without repetition (0.211166ms)
✔ no-repeat rotation exhausts games before reusing a game with several arenas (3.499875ms)
✔ single-game no-repeat keeps arena rotation and avoids a repeat at cycle boundaries (0.434042ms)
✔ independent random rotation is seeded and permits consecutive repeats (0.176458ms)
✔ tournament view cannot mutate authoritative accounting (0.093958ms)
ℹ tests 74
ℹ suites 0
ℹ pass 74
ℹ fail 0
ℹ cancelled 0
ℹ skipped 0
ℹ todo 0
ℹ duration_ms 206.231375
