Godot Engine v4.7.1.stable.official.a13da4feb - https://godotengine.org

[   0% ] [90m[1mfirst_scan_filesystem[22m | Started تهيئة المشروع (5 steps)[39m[0m
[   0% ] [90m[1mfirst_scan_filesystem[22m | يتم مسح هيكل الملفات...[39m[0m
[  16% ] [90m[1mfirst_scan_filesystem[22m | جارٍ تحميل اسماء الأصناف العالمية...[39m[0m
[  33% ] [90m[1mfirst_scan_filesystem[22m | جارٍ التحقق من GDExtensions...[39m[0m
[  50% ] [90m[1mfirst_scan_filesystem[22m | جارٍ تحميل البرامج التحميل التلقائي النصية...[39m[0m
[  66% ] [90m[1mfirst_scan_filesystem[22m | جارٍ تهيئة الإضافات...[39m[0m
[  83% ] [90m[1mfirst_scan_filesystem[22m | جارٍ بدء مسح الملفات...[39m[0m
[92m[ DONE ][39m [1mfirst_scan_filesystem[22m
[0m
[   0% ] [90m[1mupdate_scripts_classes[22m | Started جارٍ تسجيل الاصناف العالمية... (423 steps)[39m[0m
[   0% ] [90m[1mupdate_scripts_classes[22m | CharacterRig[39m[0m
[   0% ] [90m[1mupdate_scripts_classes[22m | Collectible[39m[0m
[   0% ] [90m[1mupdate_scripts_classes[22m | Fighter[39m[0m
[   0% ] [90m[1mupdate_scripts_classes[22m | GameBall[39m[0m
[   0% ] [90m[1mupdate_scripts_classes[22m | Projectile[39m[0m
[   1% ] [90m[1mupdate_scripts_classes[22m | [39m[0m
[   1% ] [90m[1mupdate_scripts_classes[22m | [39m[0m
[   1% ] [90m[1mupdate_scripts_classes[22m | [39m[0m
[   1% ] [90m[1mupdate_scripts_classes[22m | [39m[0m
[   2% ] [90m[1mupdate_scripts_classes[22m | [39m[0m
[   2% ] [90m[1mupdate_scripts_classes[22m | [39m[0m
[   2% ] [90m[1mupdate_scripts_classes[22m | [39m[0m
[   2% ] [90m[1mupdate_scripts_classes[22m | [39m[0m
[   3% ] [90m[1mupdate_scripts_classes[22m | [39m[0m
[   3% ] [90m[1mupdate_scripts_classes[22m | [39m[0m
[   3% ] [90m[1mupdate_scripts_classes[22m | [39m[0m
[   3% ] [90m[1mupdate_scripts_classes[22m | [39m[0m
[   4% ] [90m[1mupdate_scripts_classes[22m | [39m[0m
[   4% ] [90m[1mupdate_scripts_classes[22m | [39m[0m
[   4% ] [90m[1mupdate_scripts_classes[22m | [39m[0m
[   4% ] [90m[1mupdate_scripts_classes[22m | [39m[0m
[   4% ] [90m[1mupdate_scripts_classes[22m | [39m[0m
[   5% ] [90m[1mupdate_scripts_classes[22m | [39m[0m
[   5% ] [90m[1mupdate_scripts_classes[22m | [39m[0m
[   5% ] [90m[1mupdate_scripts_classes[22m | [39m[0m
[   5% ] [90m[1mupdate_scripts_classes[22m | [39m[0m
[   6% ] [90m[1mupdate_scripts_classes[22m | [39m[0m
[   6% ] [90m[1mupdate_scripts_classes[22m | [39m[0m
[   6% ] [90m[1mupdate_scripts_classes[22m | [39m[0m
[   6% ] [90m[1mupdate_scripts_classes[22m | [39m[0m
[   7% ] [90m[1mupdate_scripts_classes[22m | [39m[0m
[   7% ] [90m[1mupdate_scripts_classes[22m | [39m[0m
[   7% ] [90m[1mupdate_scripts_classes[22m | [39m[0m
[   7% ] [90m[1mupdate_scripts_classes[22m | [39m[0m
[   8% ] [90m[1mupdate_scripts_classes[22m | [39m[0m
[   8% ] [90m[1mupdate_scripts_classes[22m | AIBrain[39m[0m
[   8% ] [90m[1mupdate_scripts_classes[22m | [39m[0m
[   8% ] [90m[1mupdate_scripts_classes[22m | [39m[0m
[   8% ] [90m[1mupdate_scripts_classes[22m | Arena[39m[0m
[   9% ] [90m[1mupdate_scripts_classes[22m | ArenaHazards[39m[0m
[   9% ] [90m[1mupdate_scripts_classes[22m | ArenaTile[39m[0m
[   9% ] [90m[1mupdate_scripts_classes[22m | [39m[0m
[   9% ] [90m[1mupdate_scripts_classes[22m | [39m[0m
[  10% ] [90m[1mupdate_scripts_classes[22m | [39m[0m
[  10% ] [90m[1mupdate_scripts_classes[22m | [39m[0m
[  10% ] [90m[1mupdate_scripts_classes[22m | [39m[0m
[  10% ] [90m[1mupdate_scripts_classes[22m | HoverMachine[39m[0m
[  11% ] [90m[1mupdate_scripts_classes[22m | [39m[0m
[  11% ] [90m[1mupdate_scripts_classes[22m | [39m[0m
[  11% ] [90m[1mupdate_scripts_classes[22m | [39m[0m
[  11% ] [90m[1mupdate_scripts_classes[22m | [39m[0m
[  12% ] [90m[1mupdate_scripts_classes[22m | [39m[0m
[  12% ] [90m[1mupdate_scripts_classes[22m | [39m[0m
[  12% ] [90m[1mupdate_scripts_classes[22m | [39m[0m
[  12% ] [90m[1mupdate_scripts_classes[22m | [39m[0m
[  12% ] [90m[1mupdate_scripts_classes[22m | Synth[39m[0m
[  13% ] [90m[1mupdate_scripts_classes[22m | ArenaCamera[39m[0m
[  13% ] [90m[1mupdate_scripts_classes[22m | LocalVehicleViews[39m[0m
[  13% ] [90m[1mupdate_scripts_classes[22m | [39m[0m
[  13% ] [90m[1mupdate_scripts_classes[22m | [39m[0m
[  14% ] [90m[1mupdate_scripts_classes[22m | [39m[0m
[  14% ] [90m[1mupdate_scripts_classes[22m | [39m[0m
[  14% ] [90m[1mupdate_scripts_classes[22m | MiniGameValidator[39m[0m
[  14% ] [90m[1mupdate_scripts_classes[22m | [39m[0m
[  15% ] [90m[1mupdate_scripts_classes[22m | [39m[0m
[  15% ] [90m[1mupdate_scripts_classes[22m | [39m[0m
[  15% ] [90m[1mupdate_scripts_classes[22m | [39m[0m
[  15% ] [90m[1mupdate_scripts_classes[22m | ArenaDef[39m[0m
[  16% ] [90m[1mupdate_scripts_classes[22m | CharacterData[39m[0m
[  16% ] [90m[1mupdate_scripts_classes[22m | MiniGameDef[39m[0m
[  16% ] [90m[1mupdate_scripts_classes[22m | PowerUpDef[39m[0m
[  16% ] [90m[1mupdate_scripts_classes[22m | [39m[0m
[  16% ] [90m[1mupdate_scripts_classes[22m | OperationTrace[39m[0m
[  17% ] [90m[1mupdate_scripts_classes[22m | [39m[0m
[  17% ] [90m[1mupdate_scripts_classes[22m | MeshFactory[39m[0m
[  17% ] [90m[1mupdate_scripts_classes[22m | [39m[0m
[  17% ] [90m[1mupdate_scripts_classes[22m | [39m[0m
[  18% ] [90m[1mupdate_scripts_classes[22m | SkyDome[39m[0m
[  18% ] [90m[1mupdate_scripts_classes[22m | ControlProfile[39m[0m
[  18% ] [90m[1mupdate_scripts_classes[22m | [39m[0m
[  18% ] [90m[1mupdate_scripts_classes[22m | InputFrame[39m[0m
[  19% ] [90m[1mupdate_scripts_classes[22m | [39m[0m
[  19% ] [90m[1mupdate_scripts_classes[22m | TouchSource[39m[0m
[  19% ] [90m[1mupdate_scripts_classes[22m | [39m[0m
[  19% ] [90m[1mupdate_scripts_classes[22m | AdventureSession[39m[0m
[  20% ] [90m[1mupdate_scripts_classes[22m | MatchConfig[39m[0m
[  20% ] [90m[1mupdate_scripts_classes[22m | MatchContext[39m[0m
[  20% ] [90m[1mupdate_scripts_classes[22m | MatchPhase[39m[0m
[  20% ] [90m[1mupdate_scripts_classes[22m | [39m[0m
[  20% ] [90m[1mupdate_scripts_classes[22m | MatchResult[39m[0m
[  21% ] [90m[1mupdate_scripts_classes[22m | [39m[0m
[  21% ] [90m[1mupdate_scripts_classes[22m | MutatorSystem[39m[0m
[  21% ] [90m[1mupdate_scripts_classes[22m | PlayerConfig[39m[0m
[  21% ] [90m[1mupdate_scripts_classes[22m | PlaylistGenerator[39m[0m
[  22% ] [90m[1mupdate_scripts_classes[22m | TournamentSession[39m[0m
[  22% ] [90m[1mupdate_scripts_classes[22m | [39m[0m
[  22% ] [90m[1mupdate_scripts_classes[22m | [39m[0m
[  22% ] [90m[1mupdate_scripts_classes[22m | [39m[0m
[  23% ] [90m[1mupdate_scripts_classes[22m | [39m[0m
[  23% ] [90m[1mupdate_scripts_classes[22m | [39m[0m
[  23% ] [90m[1mupdate_scripts_classes[22m | [39m[0m
[  23% ] [90m[1mupdate_scripts_classes[22m | [39m[0m
[  24% ] [90m[1mupdate_scripts_classes[22m | [39m[0m
[  24% ] [90m[1mupdate_scripts_classes[22m | [39m[0m
[  24% ] [90m[1mupdate_scripts_classes[22m | [39m[0m
[  24% ] [90m[1mupdate_scripts_classes[22m | [39m[0m
[  25% ] [90m[1mupdate_scripts_classes[22m | [39m[0m
[  25% ] [90m[1mupdate_scripts_classes[22m | [39m[0m
[  25% ] [90m[1mupdate_scripts_classes[22m | [39m[0m
[  25% ] [90m[1mupdate_scripts_classes[22m | [39m[0m
[  25% ] [90m[1mupdate_scripts_classes[22m | [39m[0m
[  26% ] [90m[1mupdate_scripts_classes[22m | [39m[0m
[  26% ] [90m[1mupdate_scripts_classes[22m | [39m[0m
[  26% ] [90m[1mupdate_scripts_classes[22m | [39m[0m
[  26% ] [90m[1mupdate_scripts_classes[22m | [39m[0m
[  27% ] [90m[1mupdate_scripts_classes[22m | [39m[0m
[  27% ] [90m[1mupdate_scripts_classes[22m | [39m[0m
[  27% ] [90m[1mupdate_scripts_classes[22m | MiniGameController[39m[0m
[  27% ] [90m[1mupdate_scripts_classes[22m | [39m[0m
[  28% ] [90m[1mupdate_scripts_classes[22m | [39m[0m
[  28% ] [90m[1mupdate_scripts_classes[22m | [39m[0m
[  28% ] [90m[1mupdate_scripts_classes[22m | [39m[0m
[  28% ] [90m[1mupdate_scripts_classes[22m | [39m[0m
[  29% ] [90m[1mupdate_scripts_classes[22m | [39m[0m
[  29% ] [90m[1mupdate_scripts_classes[22m | [39m[0m
[  29% ] [90m[1mupdate_scripts_classes[22m | [39m[0m
[  29% ] [90m[1mupdate_scripts_classes[22m | [39m[0m
[  29% ] [90m[1mupdate_scripts_classes[22m | [39m[0m
[  30% ] [90m[1mupdate_scripts_classes[22m | [39m[0m
[  30% ] [90m[1mupdate_scripts_classes[22m | [39m[0m
[  30% ] [90m[1mupdate_scripts_classes[22m | [39m[0m
[  30% ] [90m[1mupdate_scripts_classes[22m | [39m[0m
[  31% ] [90m[1mupdate_scripts_classes[22m | [39m[0m
[  31% ] [90m[1mupdate_scripts_classes[22m | [39m[0m
[  31% ] [90m[1mupdate_scripts_classes[22m | [39m[0m
[  31% ] [90m[1mupdate_scripts_classes[22m | [39m[0m
[  32% ] [90m[1mupdate_scripts_classes[22m | [39m[0m
[  32% ] [90m[1mupdate_scripts_classes[22m | [39m[0m
[  32% ] [90m[1mupdate_scripts_classes[22m | [39m[0m
[  32% ] [90m[1mupdate_scripts_classes[22m | [39m[0m
[  33% ] [90m[1mupdate_scripts_classes[22m | [39m[0m
[  33% ] [90m[1mupdate_scripts_classes[22m | [39m[0m
[  33% ] [90m[1mupdate_scripts_classes[22m | [39m[0m
[  33% ] [90m[1mupdate_scripts_classes[22m | [39m[0m
[  33% ] [90m[1mupdate_scripts_classes[22m | [39m[0m
[  34% ] [90m[1mupdate_scripts_classes[22m | [39m[0m
[  34% ] [90m[1mupdate_scripts_classes[22m | [39m[0m
[  34% ] [90m[1mupdate_scripts_classes[22m | [39m[0m
[  34% ] [90m[1mupdate_scripts_classes[22m | [39m[0m
[  35% ] [90m[1mupdate_scripts_classes[22m | [39m[0m
[  35% ] [90m[1mupdate_scripts_classes[22m | [39m[0m
[  35% ] [90m[1mupdate_scripts_classes[22m | [39m[0m
[  35% ] [90m[1mupdate_scripts_classes[22m | [39m[0m
[  36% ] [90m[1mupdate_scripts_classes[22m | [39m[0m
[  36% ] [90m[1mupdate_scripts_classes[22m | [39m[0m
[  36% ] [90m[1mupdate_scripts_classes[22m | [39m[0m
[  36% ] [90m[1mupdate_scripts_classes[22m | [39m[0m
[  37% ] [90m[1mupdate_scripts_classes[22m | [39m[0m
[  37% ] [90m[1mupdate_scripts_classes[22m | [39m[0m
[  37% ] [90m[1mupdate_scripts_classes[22m | [39m[0m
[  37% ] [90m[1mupdate_scripts_classes[22m | [39m[0m
[  37% ] [90m[1mupdate_scripts_classes[22m | [39m[0m
[  38% ] [90m[1mupdate_scripts_classes[22m | [39m[0m
[  38% ] [90m[1mupdate_scripts_classes[22m | [39m[0m
[  38% ] [90m[1mupdate_scripts_classes[22m | [39m[0m
[  38% ] [90m[1mupdate_scripts_classes[22m | [39m[0m
[  39% ] [90m[1mupdate_scripts_classes[22m | [39m[0m
[  39% ] [90m[1mupdate_scripts_classes[22m | [39m[0m
[  39% ] [90m[1mupdate_scripts_classes[22m | [39m[0m
[  39% ] [90m[1mupdate_scripts_classes[22m | [39m[0m
[  40% ] [90m[1mupdate_scripts_classes[22m | [39m[0m
[  40% ] [90m[1mupdate_scripts_classes[22m | [39m[0m
[  40% ] [90m[1mupdate_scripts_classes[22m | [39m[0m
[  40% ] [90m[1mupdate_scripts_classes[22m | [39m[0m
[  41% ] [90m[1mupdate_scripts_classes[22m | PowerUpPickup[39m[0m
[  41% ] [90m[1mupdate_scripts_classes[22m | PowerUpSystem[39m[0m
[  41% ] [90m[1mupdate_scripts_classes[22m | [39m[0m
[  41% ] [90m[1mupdate_scripts_classes[22m | [39m[0m
[  41% ] [90m[1mupdate_scripts_classes[22m | PartyLibrary[39m[0m
[  42% ] [90m[1mupdate_scripts_classes[22m | PartyPlaylist[39m[0m
[  42% ] [90m[1mupdate_scripts_classes[22m | ProfileMetrics[39m[0m
[  42% ] [90m[1mupdate_scripts_classes[22m | [39m[0m
[  42% ] [90m[1mupdate_scripts_classes[22m | [39m[0m
[  43% ] [90m[1mupdate_scripts_classes[22m | ReplayData[39m[0m
[  43% ] [90m[1mupdate_scripts_classes[22m | ReplayHighlights[39m[0m
[  43% ] [90m[1mupdate_scripts_classes[22m | ReplayInputBuffer[39m[0m
[  43% ] [90m[1mupdate_scripts_classes[22m | [39m[0m
[  44% ] [90m[1mupdate_scripts_classes[22m | [39m[0m
[  44% ] [90m[1mupdate_scripts_classes[22m | [39m[0m
[  44% ] [90m[1mupdate_scripts_classes[22m | [39m[0m
[  44% ] [90m[1mupdate_scripts_classes[22m | [39m[0m
[  45% ] [90m[1mupdate_scripts_classes[22m | [39m[0m
[  45% ] [90m[1mupdate_scripts_classes[22m | [39m[0m
[  45% ] [90m[1mupdate_scripts_classes[22m | [39m[0m
[  45% ] [90m[1mupdate_scripts_classes[22m | [39m[0m
[  45% ] [90m[1mupdate_scripts_classes[22m | [39m[0m
[  46% ] [90m[1mupdate_scripts_classes[22m | [39m[0m
[  46% ] [90m[1mupdate_scripts_classes[22m | [39m[0m
[  46% ] [90m[1mupdate_scripts_classes[22m | [39m[0m
[  46% ] [90m[1mupdate_scripts_classes[22m | [39m[0m
[  47% ] [90m[1mupdate_scripts_classes[22m | [39m[0m
[  47% ] [90m[1mupdate_scripts_classes[22m | [39m[0m
[  47% ] [90m[1mupdate_scripts_classes[22m | [39m[0m
[  47% ] [90m[1mupdate_scripts_classes[22m | [39m[0m
[  48% ] [90m[1mupdate_scripts_classes[22m | [39m[0m
[  48% ] [90m[1mupdate_scripts_classes[22m | [39m[0m
[  48% ] [90m[1mupdate_scripts_classes[22m | [39m[0m
[  48% ] [90m[1mupdate_scripts_classes[22m | [39m[0m
[  49% ] [90m[1mupdate_scripts_classes[22m | [39m[0m
[  49% ] [90m[1mupdate_scripts_classes[22m | [39m[0m
[  49% ] [90m[1mupdate_scripts_classes[22m | [39m[0m
[  49% ] [90m[1mupdate_scripts_classes[22m | [39m[0m
[  50% ] [90m[1mupdate_scripts_classes[22m | [39m[0m
[  50% ] [90m[1mupdate_scripts_classes[22m | [39m[0m
[  50% ] [90m[1mupdate_scripts_classes[22m | [39m[0m
[  50% ] [90m[1mupdate_scripts_classes[22m | MatchHUD[39m[0m
[  50% ] [90m[1mupdate_scripts_classes[22m | OffscreenPlayerCue[39m[0m
[  51% ] [90m[1mupdate_scripts_classes[22m | PartyRoster[39m[0m
[  51% ] [90m[1mupdate_scripts_classes[22m | Screen[39m[0m
[  51% ] [90m[1mupdate_scripts_classes[22m | [39m[0m
[  51% ] [90m[1mupdate_scripts_classes[22m | TournamentPodium[39m[0m
[  52% ] [90m[1mupdate_scripts_classes[22m | UIKit[39m[0m
[  52% ] [90m[1mupdate_scripts_classes[22m | [39m[0m
[  52% ] [90m[1mupdate_scripts_classes[22m | Widgets[39m[0m
[  52% ] [90m[1mupdate_scripts_classes[22m | [39m[0m
[  53% ] [90m[1mupdate_scripts_classes[22m | [39m[0m
[  53% ] [90m[1mupdate_scripts_classes[22m | [39m[0m
[  53% ] [90m[1mupdate_scripts_classes[22m | [39m[0m
[  53% ] [90m[1mupdate_scripts_classes[22m | [39m[0m
[  54% ] [90m[1mupdate_scripts_classes[22m | [39m[0m
[  54% ] [90m[1mupdate_scripts_classes[22m | [39m[0m
[  54% ] [90m[1mupdate_scripts_classes[22m | [39m[0m
[  54% ] [90m[1mupdate_scripts_classes[22m | [39m[0m
[  54% ] [90m[1mupdate_scripts_classes[22m | [39m[0m
[  55% ] [90m[1mupdate_scripts_classes[22m | [39m[0m
[  55% ] [90m[1mupdate_scripts_classes[22m | [39m[0m
[  55% ] [90m[1mupdate_scripts_classes[22m | [39m[0m
[  55% ] [90m[1mupdate_scripts_classes[22m | [39m[0m
[  56% ] [90m[1mupdate_scripts_classes[22m | [39m[0m
[  56% ] [90m[1mupdate_scripts_classes[22m | [39m[0m
[  56% ] [90m[1mupdate_scripts_classes[22m | [39m[0m
[  56% ] [90m[1mupdate_scripts_classes[22m | [39m[0m
[  57% ] [90m[1mupdate_scripts_classes[22m | [39m[0m
[  57% ] [90m[1mupdate_scripts_classes[22m | [39m[0m
[  57% ] [90m[1mupdate_scripts_classes[22m | [39m[0m
[  57% ] [90m[1mupdate_scripts_classes[22m | [39m[0m
[  58% ] [90m[1mupdate_scripts_classes[22m | [39m[0m
[  58% ] [90m[1mupdate_scripts_classes[22m | [39m[0m
[  58% ] [90m[1mupdate_scripts_classes[22m | [39m[0m
[  58% ] [90m[1mupdate_scripts_classes[22m | [39m[0m
[  58% ] [90m[1mupdate_scripts_classes[22m | [39m[0m
[  59% ] [90m[1mupdate_scripts_classes[22m | [39m[0m
[  59% ] [90m[1mupdate_scripts_classes[22m | [39m[0m
[  59% ] [90m[1mupdate_scripts_classes[22m | [39m[0m
[  59% ] [90m[1mupdate_scripts_classes[22m | [39m[0m
[  60% ] [90m[1mupdate_scripts_classes[22m | [39m[0m
[  60% ] [90m[1mupdate_scripts_classes[22m | [39m[0m
[  60% ] [90m[1mupdate_scripts_classes[22m | [39m[0m
[  60% ] [90m[1mupdate_scripts_classes[22m | [39m[0m
[  61% ] [90m[1mupdate_scripts_classes[22m | [39m[0m
[  61% ] [90m[1mupdate_scripts_classes[22m | [39m[0m
[  61% ] [90m[1mupdate_scripts_classes[22m | [39m[0m
[  61% ] [90m[1mupdate_scripts_classes[22m | [39m[0m
[  62% ] [90m[1mupdate_scripts_classes[22m | [39m[0m
[  62% ] [90m[1mupdate_scripts_classes[22m | [39m[0m
[  62% ] [90m[1mupdate_scripts_classes[22m | [39m[0m
[  62% ] [90m[1mupdate_scripts_classes[22m | [39m[0m
[  62% ] [90m[1mupdate_scripts_classes[22m | [39m[0m
[  63% ] [90m[1mupdate_scripts_classes[22m | [39m[0m
[  63% ] [90m[1mupdate_scripts_classes[22m | [39m[0m
[  63% ] [90m[1mupdate_scripts_classes[22m | [39m[0m
[  63% ] [90m[1mupdate_scripts_classes[22m | [39m[0m
[  64% ] [90m[1mupdate_scripts_classes[22m | [39m[0m
[  64% ] [90m[1mupdate_scripts_classes[22m | [39m[0m
[  64% ] [90m[1mupdate_scripts_classes[22m | [39m[0m
[  64% ] [90m[1mupdate_scripts_classes[22m | [39m[0m
[  65% ] [90m[1mupdate_scripts_classes[22m | [39m[0m
[  65% ] [90m[1mupdate_scripts_classes[22m | [39m[0m
[  65% ] [90m[1mupdate_scripts_classes[22m | [39m[0m
[  65% ] [90m[1mupdate_scripts_classes[22m | [39m[0m
[  66% ] [90m[1mupdate_scripts_classes[22m | [39m[0m
[  66% ] [90m[1mupdate_scripts_classes[22m | [39m[0m
[  66% ] [90m[1mupdate_scripts_classes[22m | [39m[0m
[  66% ] [90m[1mupdate_scripts_classes[22m | [39m[0m
[  66% ] [90m[1mupdate_scripts_classes[22m | [39m[0m
[  67% ] [90m[1mupdate_scripts_classes[22m | [39m[0m
[  67% ] [90m[1mupdate_scripts_classes[22m | [39m[0m
[  67% ] [90m[1mupdate_scripts_classes[22m | [39m[0m
[  67% ] [90m[1mupdate_scripts_classes[22m | [39m[0m
[  68% ] [90m[1mupdate_scripts_classes[22m | [39m[0m
[  68% ] [90m[1mupdate_scripts_classes[22m | [39m[0m
[  68% ] [90m[1mupdate_scripts_classes[22m | [39m[0m
[  68% ] [90m[1mupdate_scripts_classes[22m | [39m[0m
[  69% ] [90m[1mupdate_scripts_classes[22m | [39m[0m
[  69% ] [90m[1mupdate_scripts_classes[22m | [39m[0m
[  69% ] [90m[1mupdate_scripts_classes[22m | [39m[0m
[  69% ] [90m[1mupdate_scripts_classes[22m | [39m[0m
[  70% ] [90m[1mupdate_scripts_classes[22m | [39m[0m
[  70% ] [90m[1mupdate_scripts_classes[22m | [39m[0m
[  70% ] [90m[1mupdate_scripts_classes[22m | [39m[0m
[  70% ] [90m[1mupdate_scripts_classes[22m | [39m[0m
[  70% ] [90m[1mupdate_scripts_classes[22m | [39m[0m
[  71% ] [90m[1mupdate_scripts_classes[22m | [39m[0m
[  71% ] [90m[1mupdate_scripts_classes[22m | [39m[0m
[  71% ] [90m[1mupdate_scripts_classes[22m | [39m[0m
[  71% ] [90m[1mupdate_scripts_classes[22m | [39m[0m
[  72% ] [90m[1mupdate_scripts_classes[22m | [39m[0m
[  72% ] [90m[1mupdate_scripts_classes[22m | [39m[0m
[  72% ] [90m[1mupdate_scripts_classes[22m | [39m[0m
[  72% ] [90m[1mupdate_scripts_classes[22m | [39m[0m
[  73% ] [90m[1mupdate_scripts_classes[22m | [39m[0m
[  73% ] [90m[1mupdate_scripts_classes[22m | [39m[0m
[  73% ] [90m[1mupdate_scripts_classes[22m | [39m[0m
[  73% ] [90m[1mupdate_scripts_classes[22m | [39m[0m
[  74% ] [90m[1mupdate_scripts_classes[22m | [39m[0m
[  74% ] [90m[1mupdate_scripts_classes[22m | [39m[0m
[  74% ] [90m[1mupdate_scripts_classes[22m | [39m[0m
[  74% ] [90m[1mupdate_scripts_classes[22m | [39m[0m
[  75% ] [90m[1mupdate_scripts_classes[22m | [39m[0m
[  75% ] [90m[1mupdate_scripts_classes[22m | [39m[0m
[  75% ] [90m[1mupdate_scripts_classes[22m | [39m[0m
[  75% ] [90m[1mupdate_scripts_classes[22m | [39m[0m
[  75% ] [90m[1mupdate_scripts_classes[22m | [39m[0m
[  76% ] [90m[1mupdate_scripts_classes[22m | [39m[0m
[  76% ] [90m[1mupdate_scripts_classes[22m | [39m[0m
[  76% ] [90m[1mupdate_scripts_classes[22m | [39m[0m
[  76% ] [90m[1mupdate_scripts_classes[22m | [39m[0m
[  77% ] [90m[1mupdate_scripts_classes[22m | [39m[0m
[  77% ] [90m[1mupdate_scripts_classes[22m | [39m[0m
[  77% ] [90m[1mupdate_scripts_classes[22m | [39m[0m
[  77% ] [90m[1mupdate_scripts_classes[22m | [39m[0m
[  78% ] [90m[1mupdate_scripts_classes[22m | [39m[0m
[  78% ] [90m[1mupdate_scripts_classes[22m | [39m[0m
[  78% ] [90m[1mupdate_scripts_classes[22m | [39m[0m
[  78% ] [90m[1mupdate_scripts_classes[22m | [39m[0m
[  79% ] [90m[1mupdate_scripts_classes[22m | [39m[0m
[  79% ] [90m[1mupdate_scripts_classes[22m | [39m[0m
[  79% ] [90m[1mupdate_scripts_classes[22m | [39m[0m
[  79% ] [90m[1mupdate_scripts_classes[22m | [39m[0m
[  79% ] [90m[1mupdate_scripts_classes[22m | [39m[0m
[  80% ] [90m[1mupdate_scripts_classes[22m | [39m[0m
[  80% ] [90m[1mupdate_scripts_classes[22m | [39m[0m
[  80% ] [90m[1mupdate_scripts_classes[22m | [39m[0m
[  80% ] [90m[1mupdate_scripts_classes[22m | [39m[0m
[  81% ] [90m[1mupdate_scripts_classes[22m | [39m[0m
[  81% ] [90m[1mupdate_scripts_classes[22m | [39m[0m
[  81% ] [90m[1mupdate_scripts_classes[22m | [39m[0m
[  81% ] [90m[1mupdate_scripts_classes[22m | [39m[0m
[  82% ] [90m[1mupdate_scripts_classes[22m | [39m[0m
[  82% ] [90m[1mupdate_scripts_classes[22m | [39m[0m
[  82% ] [90m[1mupdate_scripts_classes[22m | [39m[0m
[  82% ] [90m[1mupdate_scripts_classes[22m | [39m[0m
[  83% ] [90m[1mupdate_scripts_classes[22m | [39m[0m
[  83% ] [90m[1mupdate_scripts_classes[22m | [39m[0m
[  83% ] [90m[1mupdate_scripts_classes[22m | [39m[0m
[  83% ] [90m[1mupdate_scripts_classes[22m | [39m[0m
[  83% ] [90m[1mupdate_scripts_classes[22m | [39m[0m
[  84% ] [90m[1mupdate_scripts_classes[22m | [39m[0m
[  84% ] [90m[1mupdate_scripts_classes[22m | [39m[0m
[  84% ] [90m[1mupdate_scripts_classes[22m | [39m[0m
[  84% ] [90m[1mupdate_scripts_classes[22m | [39m[0m
[  85% ] [90m[1mupdate_scripts_classes[22m | [39m[0m
[  85% ] [90m[1mupdate_scripts_classes[22m | [39m[0m
[  85% ] [90m[1mupdate_scripts_classes[22m | [39m[0m
[  85% ] [90m[1mupdate_scripts_classes[22m | [39m[0m
[  86% ] [90m[1mupdate_scripts_classes[22m | [39m[0m
[  86% ] [90m[1mupdate_scripts_classes[22m | [39m[0m
[  86% ] [90m[1mupdate_scripts_classes[22m | [39m[0m
[  86% ] [90m[1mupdate_scripts_classes[22m | [39m[0m
[  87% ] [90m[1mupdate_scripts_classes[22m | [39m[0m
[  87% ] [90m[1mupdate_scripts_classes[22m | [39m[0m
[  87% ] [90m[1mupdate_scripts_classes[22m | [39m[0m
[  87% ] [90m[1mupdate_scripts_classes[22m | [39m[0m
[  87% ] [90m[1mupdate_scripts_classes[22m | [39m[0m
[  88% ] [90m[1mupdate_scripts_classes[22m | [39m[0m
[  88% ] [90m[1mupdate_scripts_classes[22m | [39m[0m
[  88% ] [90m[1mupdate_scripts_classes[22m | [39m[0m
[  88% ] [90m[1mupdate_scripts_classes[22m | [39m[0m
[  89% ] [90m[1mupdate_scripts_classes[22m | [39m[0m
[  89% ] [90m[1mupdate_scripts_classes[22m | [39m[0m
[  89% ] [90m[1mupdate_scripts_classes[22m | [39m[0m
[  89% ] [90m[1mupdate_scripts_classes[22m | [39m[0m
[  90% ] [90m[1mupdate_scripts_classes[22m | [39m[0m
[  90% ] [90m[1mupdate_scripts_classes[22m | [39m[0m
[  90% ] [90m[1mupdate_scripts_classes[22m | [39m[0m
[  90% ] [90m[1mupdate_scripts_classes[22m | [39m[0m
[  91% ] [90m[1mupdate_scripts_classes[22m | [39m[0m
[  91% ] [90m[1mupdate_scripts_classes[22m | [39m[0m
[  91% ] [90m[1mupdate_scripts_classes[22m | [39m[0m
[  91% ] [90m[1mupdate_scripts_classes[22m | [39m[0m
[  91% ] [90m[1mupdate_scripts_classes[22m | [39m[0m
[  92% ] [90m[1mupdate_scripts_classes[22m | [39m[0m
[  92% ] [90m[1mupdate_scripts_classes[22m | [39m[0m
[  92% ] [90m[1mupdate_scripts_classes[22m | [39m[0m
[  92% ] [90m[1mupdate_scripts_classes[22m | [39m[0m
[  93% ] [90m[1mupdate_scripts_classes[22m | [39m[0m
[  93% ] [90m[1mupdate_scripts_classes[22m | [39m[0m
[  93% ] [90m[1mupdate_scripts_classes[22m | [39m[0m
[  93% ] [90m[1mupdate_scripts_classes[22m | [39m[0m
[  94% ] [90m[1mupdate_scripts_classes[22m | [39m[0m
[  94% ] [90m[1mupdate_scripts_classes[22m | [39m[0m
[  94% ] [90m[1mupdate_scripts_classes[22m | [39m[0m
[  94% ] [90m[1mupdate_scripts_classes[22m | [39m[0m
[  95% ] [90m[1mupdate_scripts_classes[22m | [39m[0m
[  95% ] [90m[1mupdate_scripts_classes[22m | [39m[0m
[  95% ] [90m[1mupdate_scripts_classes[22m | [39m[0m
[  95% ] [90m[1mupdate_scripts_classes[22m | [39m[0m
[  95% ] [90m[1mupdate_scripts_classes[22m | [39m[0m
[  96% ] [90m[1mupdate_scripts_classes[22m | TestHarness[39m[0m
[  96% ] [90m[1mupdate_scripts_classes[22m | [39m[0m
[  96% ] [90m[1mupdate_scripts_classes[22m | [39m[0m
[  96% ] [90m[1mupdate_scripts_classes[22m | [39m[0m
[  97% ] [90m[1mupdate_scripts_classes[22m | [39m[0m
[  97% ] [90m[1mupdate_scripts_classes[22m | [39m[0m
[  97% ] [90m[1mupdate_scripts_classes[22m | [39m[0m
[  97% ] [90m[1mupdate_scripts_classes[22m | [39m[0m
[  98% ] [90m[1mupdate_scripts_classes[22m | [39m[0m
[  98% ] [90m[1mupdate_scripts_classes[22m | [39m[0m
[  98% ] [90m[1mupdate_scripts_classes[22m | [39m[0m
[  98% ] [90m[1mupdate_scripts_classes[22m | [39m[0m
[  99% ] [90m[1mupdate_scripts_classes[22m | [39m[0m
[  99% ] [90m[1mupdate_scripts_classes[22m | [39m[0m
[  99% ] [90m[1mupdate_scripts_classes[22m | [39m[0m
[92m[ DONE ][39m [1mupdate_scripts_classes[22m
[0m
[   0% ] [90m[1m_update_scan_actions[22m | Started جارٍ مسح الإجراءات... (45 steps)[39m[0m
[   0% ] [90m[1m_update_scan_actions[22m | Icon-40.png[39m[0m
[   2% ] [90m[1m_update_scan_actions[22m | Icon-58.png[39m[0m
[   4% ] [90m[1m_update_scan_actions[22m | Icon-60.png[39m[0m
[   6% ] [90m[1m_update_scan_actions[22m | Icon-76.png[39m[0m
[   8% ] [90m[1m_update_scan_actions[22m | Icon-80.png[39m[0m
[  10% ] [90m[1m_update_scan_actions[22m | Icon-87.png[39m[0m
[  13% ] [90m[1m_update_scan_actions[22m | Icon-114.png[39m[0m
[  15% ] [90m[1m_update_scan_actions[22m | Icon-120.png[39m[0m
[  17% ] [90m[1m_update_scan_actions[22m | Icon-128.png[39m[0m
[  19% ] [90m[1m_update_scan_actions[22m | Icon-136.png[39m[0m
[  21% ] [90m[1m_update_scan_actions[22m | Icon-152.png[39m[0m
[  23% ] [90m[1m_update_scan_actions[22m | Icon-167.png[39m[0m
[  26% ] [90m[1m_update_scan_actions[22m | Icon-180.png[39m[0m
[  28% ] [90m[1m_update_scan_actions[22m | Icon-192.png[39m[0m
[  30% ] [90m[1m_update_scan_actions[22m | Icon-1024.png[39m[0m
[  32% ] [90m[1m_update_scan_actions[22m | NotoEmoji.ttf[39m[0m
[  34% ] [90m[1m_update_scan_actions[22m | NotoSans.ttf[39m[0m
[  36% ] [90m[1m_update_scan_actions[22m | NotoSansArabic.ttf[39m[0m
[  39% ] [90m[1m_update_scan_actions[22m | NotoSansSymbols2.ttf[39m[0m
[  41% ] [90m[1m_update_scan_actions[22m | NotoSansSymbols.ttf[39m[0m
[  43% ] [90m[1m_update_scan_actions[22m | aerial_rocks_01_diff_2k.jpg[39m[0m
[  45% ] [90m[1m_update_scan_actions[22m | aerial_rocks_01_nor_gl_2k.jpg[39m[0m
[  47% ] [90m[1m_update_scan_actions[22m | aerial_rocks_01_rough_2k.jpg[39m[0m
[  50% ] [90m[1m_update_scan_actions[22m | fern_02_arm_1k.jpg[39m[0m
[  52% ] [90m[1m_update_scan_actions[22m | fern_02_diff_1k.jpg[39m[0m
[  54% ] [90m[1m_update_scan_actions[22m | fern_02_nor_gl_1k.jpg[39m[0m
[  56% ] [90m[1m_update_scan_actions[22m | fern_02_1k.gltf[39m[0m
[  58% ] [90m[1m_update_scan_actions[22m | forrest_ground_01_diff_2k.jpg[39m[0m
[  60% ] [90m[1m_update_scan_actions[22m | forrest_ground_01_nor_gl_2k.jpg[39m[0m
[  63% ] [90m[1m_update_scan_actions[22m | forrest_ground_01_rough_2k.jpg[39m[0m
[  65% ] [90m[1m_update_scan_actions[22m | gravel_floor_diff_2k.jpg[39m[0m
[  67% ] [90m[1m_update_scan_actions[22m | gravel_floor_nor_gl_2k.jpg[39m[0m
[  69% ] [90m[1m_update_scan_actions[22m | gravel_floor_rough_2k.jpg[39m[0m
[  71% ] [90m[1m_update_scan_actions[22m | rock_moss_set_01_diff_2k.jpg[39m[0m
[  73% ] [90m[1m_update_scan_actions[22m | rock_moss_set_01_nor_gl_2k.jpg[39m[0m
[  76% ] [90m[1m_update_scan_actions[22m | rock_moss_set_01_rough_2k.jpg[39m[0m
[  78% ] [90m[1m_update_scan_actions[22m | rock_moss_set_01_2k.gltf[39m[0m
[  80% ] [90m[1m_update_scan_actions[22m | pine_mobile.glb[39m[0m
[  82% ] [90m[1m_update_scan_actions[22m | pine_mobile_pine_sapling_small_bark_diff.jpg[39m[0m
[  84% ] [90m[1m_update_scan_actions[22m | pine_mobile_pine_sapling_small_bark_nor_gl.jpg[39m[0m
[  86% ] [90m[1m_update_scan_actions[22m | pine_mobile_pine_sapling_small_bark_rough.jpg[39m[0m
[  89% ] [90m[1m_update_scan_actions[22m | pine_mobile_pine_sapling_small_twig_diff.jpg[39m[0m
[  91% ] [90m[1m_update_scan_actions[22m | pine_mobile_pine_sapling_small_twig_nor_gl.jpg[39m[0m
[  93% ] [90m[1m_update_scan_actions[22m | pine_mobile_pine_sapling_small_twig_rough.jpg[39m[0m
[  95% ] [90m[1m_update_scan_actions[22m | icon.svg[39m[0m
[92m[ DONE ][39m [1m_update_scan_actions[22m
[0m
[   0% ] [90m[1mreimport[22m | Started إعادة استيراد المُلحقات (41 steps)[39m[0m
[   0% ] [90m[1mreimport[22m | تجهيز الملف من أجل إعادة الاستيراد...[39m[0m
[   2% ] [90m[1mreimport[22m | تجهيز الملف من أجل إعادة الاستيراد...[39m[0m
[   4% ] [90m[1mreimport[22m | تجهيز الملف من أجل إعادة الاستيراد...[39m[0m
[   7% ] [90m[1mreimport[22m | تجهيز الملف من أجل إعادة الاستيراد...[39m[0m
[   9% ] [90m[1mreimport[22m | تجهيز الملف من أجل إعادة الاستيراد...[39m[0m
[  11% ] [90m[1mreimport[22m | تجهيز الملف من أجل إعادة الاستيراد...[39m[0m
[  14% ] [90m[1mreimport[22m | تجهيز الملف من أجل إعادة الاستيراد...[39m[0m
[  16% ] [90m[1mreimport[22m | تجهيز الملف من أجل إعادة الاستيراد...[39m[0m
[  19% ] [90m[1mreimport[22m | تجهيز الملف من أجل إعادة الاستيراد...[39m[0m
[  21% ] [90m[1mreimport[22m | تجهيز الملف من أجل إعادة الاستيراد...[39m[0m
[  23% ] [90m[1mreimport[22m | تجهيز الملف من أجل إعادة الاستيراد...[39m[0m
[  26% ] [90m[1mreimport[22m | تجهيز الملف من أجل إعادة الاستيراد...[39m[0m
[  28% ] [90m[1mreimport[22m | تجهيز الملف من أجل إعادة الاستيراد...[39m[0m
[  30% ] [90m[1mreimport[22m | تجهيز الملف من أجل إعادة الاستيراد...[39m[0m
[  33% ] [90m[1mreimport[22m | تجهيز الملف من أجل إعادة الاستيراد...[39m[0m
[  35% ] [90m[1mreimport[22m | تجهيز الملف من أجل إعادة الاستيراد...[39m[0m
[  38% ] [90m[1mreimport[22m | تجهيز الملف من أجل إعادة الاستيراد...[39m[0m
[  40% ] [90m[1mreimport[22m | تجهيز الملف من أجل إعادة الاستيراد...[39m[0m
[  42% ] [90m[1mreimport[22m | تجهيز الملف من أجل إعادة الاستيراد...[39m[0m
[  45% ] [90m[1mreimport[22m | تجهيز الملف من أجل إعادة الاستيراد...[39m[0m
[  47% ] [90m[1mreimport[22m | تجهيز الملف من أجل إعادة الاستيراد...[39m[0m
[  50% ] [90m[1mreimport[22m | تجهيز الملف من أجل إعادة الاستيراد...[39m[0m
[  52% ] [90m[1mreimport[22m | تجهيز الملف من أجل إعادة الاستيراد...[39m[0m
[  54% ] [90m[1mreimport[22m | تجهيز الملف من أجل إعادة الاستيراد...[39m[0m
[  57% ] [90m[1mreimport[22m | تجهيز الملف من أجل إعادة الاستيراد...[39m[0m
[  59% ] [90m[1mreimport[22m | تجهيز الملف من أجل إعادة الاستيراد...[39m[0m
[  61% ] [90m[1mreimport[22m | تجهيز الملف من أجل إعادة الاستيراد...[39m[0m
[  64% ] [90m[1mreimport[22m | تجهيز الملف من أجل إعادة الاستيراد...[39m[0m
[  66% ] [90m[1mreimport[22m | تجهيز الملف من أجل إعادة الاستيراد...[39m[0m
[  69% ] [90m[1mreimport[22m | تجهيز الملف من أجل إعادة الاستيراد...[39m[0m
[  71% ] [90m[1mreimport[22m | تجهيز الملف من أجل إعادة الاستيراد...[39m[0m
[  73% ] [90m[1mreimport[22m | تجهيز الملف من أجل إعادة الاستيراد...[39m[0m
[  76% ] [90m[1mreimport[22m | تجهيز الملف من أجل إعادة الاستيراد...[39m[0m
[  78% ] [90m[1mreimport[22m | تجهيز الملف من أجل إعادة الاستيراد...[39m[0m
[  80% ] [90m[1mreimport[22m | تجهيز الملف من أجل إعادة الاستيراد...[39m[0m
[  83% ] [90m[1mreimport[22m | تجهيز الملف من أجل إعادة الاستيراد...[39m[0m
[  85% ] [90m[1mreimport[22m | تجهيز الملف من أجل إعادة الاستيراد...[39m[0m
[  88% ] [90m[1mreimport[22m | تجهيز الملف من أجل إعادة الاستيراد...[39m[0m
[  90% ] [90m[1mreimport[22m | تجهيز الملف من أجل إعادة الاستيراد...[39m[0m
[  92% ] [90m[1mreimport[22m | تجهيز الملف من أجل إعادة الاستيراد...[39m[0m
[  95% ] [90m[1mreimport[22m | تجهيز الملف من أجل إعادة الاستيراد...[39m[0m
[   0% ] [90m[1mreimport[22m | تنفيذ عمليات إعادة الاستيراد المسبق...[39m[0m
[   0% ] [90m[1mpreload_reimporting_scene[22m | Started تجهيز المشهد من أجل إعادة التحميل (1 steps)[39m[0m
[   0% ] [90m[1mpreload_reimporting_scene[22m | تحليل المشهد [فارغ][39m[0m
[  50% ] [90m[1mpreload_reimporting_scene[22m | التحضيرات تمت.[39m[0m
[92m[ DONE ][39m [1mpreload_reimporting_scene[22m
[0m
[   0% ] [90m[1mreimport[22m | NotoSansArabic.ttf[39m[0m
[   2% ] [90m[1mreimport[22m | NotoSansArabic.ttf[39m[0m
[   2% ] [90m[1mreimport[22m | NotoSansArabic.ttf[39m[0m
[   2% ] [90m[1mreimport[22m | NotoSansArabic.ttf[39m[0m
[   2% ] [90m[1mreimport[22m | NotoSansArabic.ttf[39m[0m
[   2% ] [90m[1mreimport[22m | NotoSansArabic.ttf[39m[0m
[   2% ] [90m[1mreimport[22m | NotoSansArabic.ttf[39m[0m
[   2% ] [90m[1mreimport[22m | NotoSansArabic.ttf[39m[0m
[   2% ] [90m[1mreimport[22m | NotoSansArabic.ttf[39m[0m
[   2% ] [90m[1mreimport[22m | NotoSansArabic.ttf[39m[0m
[   4% ] [90m[1mreimport[22m | fern_02_diff_1k.jpg[39m[0m
[   4% ] [90m[1mreimport[22m | fern_02_diff_1k.jpg[39m[0m
[   4% ] [90m[1mreimport[22m | fern_02_diff_1k.jpg[39m[0m
[   4% ] [90m[1mreimport[22m | fern_02_diff_1k.jpg[39m[0m
[   4% ] [90m[1mreimport[22m | fern_02_diff_1k.jpg[39m[0m
[   4% ] [90m[1mreimport[22m | fern_02_diff_1k.jpg[39m[0m
[   7% ] [90m[1mreimport[22m | fern_02_nor_gl_1k.jpg[39m[0m
[   7% ] [90m[1mreimport[22m | fern_02_nor_gl_1k.jpg[39m[0m
[   7% ] [90m[1mreimport[22m | fern_02_nor_gl_1k.jpg[39m[0m
[   7% ] [90m[1mreimport[22m | fern_02_nor_gl_1k.jpg[39m[0m
[   7% ] [90m[1mreimport[22m | fern_02_nor_gl_1k.jpg[39m[0m
[   7% ] [90m[1mreimport[22m | fern_02_nor_gl_1k.jpg[39m[0m
[   7% ] [90m[1mreimport[22m | fern_02_nor_gl_1k.jpg[39m[0m
[   7% ] [90m[1mreimport[22m | fern_02_nor_gl_1k.jpg[39m[0m
[   7% ] [90m[1mreimport[22m | fern_02_nor_gl_1k.jpg[39m[0m
[   7% ] [90m[1mreimport[22m | fern_02_nor_gl_1k.jpg[39m[0m
[   7% ] [90m[1mreimport[22m | fern_02_nor_gl_1k.jpg[39m[0m
[   7% ] [90m[1mreimport[22m | fern_02_nor_gl_1k.jpg[39m[0m
[   7% ] [90m[1mreimport[22m | fern_02_nor_gl_1k.jpg[39m[0m
[   7% ] [90m[1mreimport[22m | fern_02_nor_gl_1k.jpg[39m[0m
[   7% ] [90m[1mreimport[22m | fern_02_nor_gl_1k.jpg[39m[0m
[   7% ] [90m[1mreimport[22m | fern_02_nor_gl_1k.jpg[39m[0m
[   7% ] [90m[1mreimport[22m | fern_02_nor_gl_1k.jpg[39m[0m
[   7% ] [90m[1mreimport[22m | fern_02_nor_gl_1k.jpg[39m[0m
[   7% ] [90m[1mreimport[22m | fern_02_nor_gl_1k.jpg[39m[0m
[   7% ] [90m[1mreimport[22m | fern_02_nor_gl_1k.jpg[39m[0m
[   7% ] [90m[1mreimport[22m | fern_02_nor_gl_1k.jpg[39m[0m
[   7% ] [90m[1mreimport[22m | fern_02_nor_gl_1k.jpg[39m[0m
[   7% ] [90m[1mreimport[22m | fern_02_nor_gl_1k.jpg[39m[0m
[   7% ] [90m[1mreimport[22m | fern_02_nor_gl_1k.jpg[39m[0m
[   7% ] [90m[1mreimport[22m | fern_02_nor_gl_1k.jpg[39m[0m
[   7% ] [90m[1mreimport[22m | fern_02_nor_gl_1k.jpg[39m[0m
[   7% ] [90m[1mreimport[22m | fern_02_nor_gl_1k.jpg[39m[0m
[   9% ] [90m[1mreimport[22m | forrest_ground_01_diff_2k.jpg[39m[0m
[   9% ] [90m[1mreimport[22m | forrest_ground_01_diff_2k.jpg[39m[0m
[   9% ] [90m[1mreimport[22m | forrest_ground_01_diff_2k.jpg[39m[0m
[   9% ] [90m[1mreimport[22m | forrest_ground_01_diff_2k.jpg[39m[0m
[   9% ] [90m[1mreimport[22m | forrest_ground_01_diff_2k.jpg[39m[0m
[   9% ] [90m[1mreimport[22m | forrest_ground_01_diff_2k.jpg[39m[0m
[   9% ] [90m[1mreimport[22m | forrest_ground_01_diff_2k.jpg[39m[0m
[   9% ] [90m[1mreimport[22m | forrest_ground_01_diff_2k.jpg[39m[0m
[   9% ] [90m[1mreimport[22m | forrest_ground_01_diff_2k.jpg[39m[0m
[   9% ] [90m[1mreimport[22m | forrest_ground_01_diff_2k.jpg[39m[0m
[   9% ] [90m[1mreimport[22m | forrest_ground_01_diff_2k.jpg[39m[0m
[   9% ] [90m[1mreimport[22m | forrest_ground_01_diff_2k.jpg[39m[0m
[   9% ] [90m[1mreimport[22m | forrest_ground_01_diff_2k.jpg[39m[0m
[   9% ] [90m[1mreimport[22m | forrest_ground_01_diff_2k.jpg[39m[0m
[   9% ] [90m[1mreimport[22m | forrest_ground_01_diff_2k.jpg[39m[0m
[   9% ] [90m[1mreimport[22m | forrest_ground_01_diff_2k.jpg[39m[0m
[   9% ] [90m[1mreimport[22m | forrest_ground_01_diff_2k.jpg[39m[0m
[   9% ] [90m[1mreimport[22m | forrest_ground_01_diff_2k.jpg[39m[0m
[   9% ] [90m[1mreimport[22m | forrest_ground_01_diff_2k.jpg[39m[0m
[   9% ] [90m[1mreimport[22m | forrest_ground_01_diff_2k.jpg[39m[0m
[   9% ] [90m[1mreimport[22m | forrest_ground_01_diff_2k.jpg[39m[0m
[   9% ] [90m[1mreimport[22m | forrest_ground_01_diff_2k.jpg[39m[0m
[   9% ] [90m[1mreimport[22m | forrest_ground_01_diff_2k.jpg[39m[0m
[   9% ] [90m[1mreimport[22m | forrest_ground_01_diff_2k.jpg[39m[0m
[   9% ] [90m[1mreimport[22m | forrest_ground_01_diff_2k.jpg[39m[0m
[   9% ] [90m[1mreimport[22m | forrest_ground_01_diff_2k.jpg[39m[0m
[   9% ] [90m[1mreimport[22m | forrest_ground_01_diff_2k.jpg[39m[0m
[   9% ] [90m[1mreimport[22m | forrest_ground_01_diff_2k.jpg[39m[0m
[   9% ] [90m[1mreimport[22m | forrest_ground_01_diff_2k.jpg[39m[0m
[   9% ] [90m[1mreimport[22m | forrest_ground_01_diff_2k.jpg[39m[0m
[   9% ] [90m[1mreimport[22m | forrest_ground_01_diff_2k.jpg[39m[0m
[   9% ] [90m[1mreimport[22m | forrest_ground_01_diff_2k.jpg[39m[0m
[   9% ] [90m[1mreimport[22m | forrest_ground_01_diff_2k.jpg[39m[0m
[   9% ] [90m[1mreimport[22m | forrest_ground_01_diff_2k.jpg[39m[0m
[   9% ] [90m[1mreimport[22m | forrest_ground_01_diff_2k.jpg[39m[0m
[   9% ] [90m[1mreimport[22m | forrest_ground_01_diff_2k.jpg[39m[0m
[   9% ] [90m[1mreimport[22m | forrest_ground_01_diff_2k.jpg[39m[0m
[   9% ] [90m[1mreimport[22m | forrest_ground_01_diff_2k.jpg[39m[0m
[   9% ] [90m[1mreimport[22m | forrest_ground_01_diff_2k.jpg[39m[0m
[   9% ] [90m[1mreimport[22m | forrest_ground_01_diff_2k.jpg[39m[0m
[   9% ] [90m[1mreimport[22m | forrest_ground_01_diff_2k.jpg[39m[0m
[   9% ] [90m[1mreimport[22m | forrest_ground_01_diff_2k.jpg[39m[0m
[   9% ] [90m[1mreimport[22m | forrest_ground_01_diff_2k.jpg[39m[0m
[   9% ] [90m[1mreimport[22m | forrest_ground_01_diff_2k.jpg[39m[0m
[   9% ] [90m[1mreimport[22m | forrest_ground_01_diff_2k.jpg[39m[0m
[   9% ] [90m[1mreimport[22m | forrest_ground_01_diff_2k.jpg[39m[0m
[   9% ] [90m[1mreimport[22m | forrest_ground_01_diff_2k.jpg[39m[0m
[   9% ] [90m[1mreimport[22m | forrest_ground_01_diff_2k.jpg[39m[0m
[   9% ] [90m[1mreimport[22m | forrest_ground_01_diff_2k.jpg[39m[0m
[  11% ] [90m[1mreimport[22m | forrest_ground_01_nor_gl_2k.jpg[39m[0m
[  11% ] [90m[1mreimport[22m | forrest_ground_01_nor_gl_2k.jpg[39m[0m
[  11% ] [90m[1mreimport[22m | forrest_ground_01_nor_gl_2k.jpg[39m[0m
[  11% ] [90m[1mreimport[22m | forrest_ground_01_nor_gl_2k.jpg[39m[0m
[  11% ] [90m[1mreimport[22m | forrest_ground_01_nor_gl_2k.jpg[39m[0m
[  11% ] [90m[1mreimport[22m | forrest_ground_01_nor_gl_2k.jpg[39m[0m
[  11% ] [90m[1mreimport[22m | forrest_ground_01_nor_gl_2k.jpg[39m[0m
[  11% ] [90m[1mreimport[22m | forrest_ground_01_nor_gl_2k.jpg[39m[0m
[  11% ] [90m[1mreimport[22m | forrest_ground_01_nor_gl_2k.jpg[39m[0m
[  11% ] [90m[1mreimport[22m | forrest_ground_01_nor_gl_2k.jpg[39m[0m
[  11% ] [90m[1mreimport[22m | forrest_ground_01_nor_gl_2k.jpg[39m[0m
[  11% ] [90m[1mreimport[22m | forrest_ground_01_nor_gl_2k.jpg[39m[0m
[  11% ] [90m[1mreimport[22m | forrest_ground_01_nor_gl_2k.jpg[39m[0m
[  11% ] [90m[1mreimport[22m | forrest_ground_01_nor_gl_2k.jpg[39m[0m
[  11% ] [90m[1mreimport[22m | forrest_ground_01_nor_gl_2k.jpg[39m[0m
[  11% ] [90m[1mreimport[22m | forrest_ground_01_nor_gl_2k.jpg[39m[0m
[  11% ] [90m[1mreimport[22m | forrest_ground_01_nor_gl_2k.jpg[39m[0m
[  11% ] [90m[1mreimport[22m | forrest_ground_01_nor_gl_2k.jpg[39m[0m
[  11% ] [90m[1mreimport[22m | forrest_ground_01_nor_gl_2k.jpg[39m[0m
[  11% ] [90m[1mreimport[22m | forrest_ground_01_nor_gl_2k.jpg[39m[0m
[  11% ] [90m[1mreimport[22m | forrest_ground_01_nor_gl_2k.jpg[39m[0m
[  11% ] [90m[1mreimport[22m | forrest_ground_01_nor_gl_2k.jpg[39m[0m
[  11% ] [90m[1mreimport[22m | forrest_ground_01_nor_gl_2k.jpg[39m[0m
[  11% ] [90m[1mreimport[22m | forrest_ground_01_nor_gl_2k.jpg[39m[0m
[  11% ] [90m[1mreimport[22m | forrest_ground_01_nor_gl_2k.jpg[39m[0m
[  11% ] [90m[1mreimport[22m | forrest_ground_01_nor_gl_2k.jpg[39m[0m
[  11% ] [90m[1mreimport[22m | forrest_ground_01_nor_gl_2k.jpg[39m[0m
[  11% ] [90m[1mreimport[22m | forrest_ground_01_nor_gl_2k.jpg[39m[0m
[  11% ] [90m[1mreimport[22m | forrest_ground_01_nor_gl_2k.jpg[39m[0m
[  11% ] [90m[1mreimport[22m | forrest_ground_01_nor_gl_2k.jpg[39m[0m
[  11% ] [90m[1mreimport[22m | forrest_ground_01_nor_gl_2k.jpg[39m[0m
[  11% ] [90m[1mreimport[22m | forrest_ground_01_nor_gl_2k.jpg[39m[0m
[  11% ] [90m[1mreimport[22m | forrest_ground_01_nor_gl_2k.jpg[39m[0m
[  11% ] [90m[1mreimport[22m | forrest_ground_01_nor_gl_2k.jpg[39m[0m
[  11% ] [90m[1mreimport[22m | forrest_ground_01_nor_gl_2k.jpg[39m[0m
[  11% ] [90m[1mreimport[22m | forrest_ground_01_nor_gl_2k.jpg[39m[0m
[  11% ] [90m[1mreimport[22m | forrest_ground_01_nor_gl_2k.jpg[39m[0m
[  14% ] [90m[1mreimport[22m | forrest_ground_01_rough_2k.jpg[39m[0m
[  14% ] [90m[1mreimport[22m | forrest_ground_01_rough_2k.jpg[39m[0m
[  14% ] [90m[1mreimport[22m | forrest_ground_01_rough_2k.jpg[39m[0m
[  14% ] [90m[1mreimport[22m | forrest_ground_01_rough_2k.jpg[39m[0m
[  14% ] [90m[1mreimport[22m | forrest_ground_01_rough_2k.jpg[39m[0m
[  14% ] [90m[1mreimport[22m | forrest_ground_01_rough_2k.jpg[39m[0m
[  14% ] [90m[1mreimport[22m | forrest_ground_01_rough_2k.jpg[39m[0m
[  14% ] [90m[1mreimport[22m | forrest_ground_01_rough_2k.jpg[39m[0m
[  14% ] [90m[1mreimport[22m | forrest_ground_01_rough_2k.jpg[39m[0m
[  16% ] [90m[1mreimport[22m | gravel_floor_diff_2k.jpg[39m[0m
[  16% ] [90m[1mreimport[22m | gravel_floor_diff_2k.jpg[39m[0m
[  16% ] [90m[1mreimport[22m | gravel_floor_diff_2k.jpg[39m[0m
[  16% ] [90m[1mreimport[22m | gravel_floor_diff_2k.jpg[39m[0m
[  16% ] [90m[1mreimport[22m | gravel_floor_diff_2k.jpg[39m[0m
[  16% ] [90m[1mreimport[22m | gravel_floor_diff_2k.jpg[39m[0m
[  16% ] [90m[1mreimport[22m | gravel_floor_diff_2k.jpg[39m[0m
[  16% ] [90m[1mreimport[22m | gravel_floor_diff_2k.jpg[39m[0m
[  16% ] [90m[1mreimport[22m | gravel_floor_diff_2k.jpg[39m[0m
[  16% ] [90m[1mreimport[22m | gravel_floor_diff_2k.jpg[39m[0m
[  16% ] [90m[1mreimport[22m | gravel_floor_diff_2k.jpg[39m[0m
[  16% ] [90m[1mreimport[22m | gravel_floor_diff_2k.jpg[39m[0m
[  16% ] [90m[1mreimport[22m | gravel_floor_diff_2k.jpg[39m[0m
[  16% ] [90m[1mreimport[22m | gravel_floor_diff_2k.jpg[39m[0m
[  16% ] [90m[1mreimport[22m | gravel_floor_diff_2k.jpg[39m[0m
[  16% ] [90m[1mreimport[22m | gravel_floor_diff_2k.jpg[39m[0m
[  16% ] [90m[1mreimport[22m | gravel_floor_diff_2k.jpg[39m[0m
[  16% ] [90m[1mreimport[22m | gravel_floor_diff_2k.jpg[39m[0m
[  16% ] [90m[1mreimport[22m | gravel_floor_diff_2k.jpg[39m[0m
[  16% ] [90m[1mreimport[22m | gravel_floor_diff_2k.jpg[39m[0m
[  16% ] [90m[1mreimport[22m | gravel_floor_diff_2k.jpg[39m[0m
[  16% ] [90m[1mreimport[22m | gravel_floor_diff_2k.jpg[39m[0m
[  16% ] [90m[1mreimport[22m | gravel_floor_diff_2k.jpg[39m[0m
[  16% ] [90m[1mreimport[22m | gravel_floor_diff_2k.jpg[39m[0m
[  16% ] [90m[1mreimport[22m | gravel_floor_diff_2k.jpg[39m[0m
[  16% ] [90m[1mreimport[22m | gravel_floor_diff_2k.jpg[39m[0m
[  16% ] [90m[1mreimport[22m | gravel_floor_diff_2k.jpg[39m[0m
[  16% ] [90m[1mreimport[22m | gravel_floor_diff_2k.jpg[39m[0m
[  16% ] [90m[1mreimport[22m | gravel_floor_diff_2k.jpg[39m[0m
[  16% ] [90m[1mreimport[22m | gravel_floor_diff_2k.jpg[39m[0m
[  16% ] [90m[1mreimport[22m | gravel_floor_diff_2k.jpg[39m[0m
[  16% ] [90m[1mreimport[22m | gravel_floor_diff_2k.jpg[39m[0m
[  16% ] [90m[1mreimport[22m | gravel_floor_diff_2k.jpg[39m[0m
[  19% ] [90m[1mreimport[22m | gravel_floor_nor_gl_2k.jpg[39m[0m
[  19% ] [90m[1mreimport[22m | gravel_floor_nor_gl_2k.jpg[39m[0m
[  19% ] [90m[1mreimport[22m | gravel_floor_nor_gl_2k.jpg[39m[0m
[  19% ] [90m[1mreimport[22m | gravel_floor_nor_gl_2k.jpg[39m[0m
[  19% ] [90m[1mreimport[22m | gravel_floor_nor_gl_2k.jpg[39m[0m
[  19% ] [90m[1mreimport[22m | gravel_floor_nor_gl_2k.jpg[39m[0m
[  19% ] [90m[1mreimport[22m | gravel_floor_nor_gl_2k.jpg[39m[0m
[  19% ] [90m[1mreimport[22m | gravel_floor_nor_gl_2k.jpg[39m[0m
[  19% ] [90m[1mreimport[22m | gravel_floor_nor_gl_2k.jpg[39m[0m
[  19% ] [90m[1mreimport[22m | gravel_floor_nor_gl_2k.jpg[39m[0m
[  19% ] [90m[1mreimport[22m | gravel_floor_nor_gl_2k.jpg[39m[0m
[  19% ] [90m[1mreimport[22m | gravel_floor_nor_gl_2k.jpg[39m[0m
[  19% ] [90m[1mreimport[22m | gravel_floor_nor_gl_2k.jpg[39m[0m
[  21% ] [90m[1mreimport[22m | gravel_floor_rough_2k.jpg[39m[0m
[  21% ] [90m[1mreimport[22m | gravel_floor_rough_2k.jpg[39m[0m
[  21% ] [90m[1mreimport[22m | gravel_floor_rough_2k.jpg[39m[0m
[  21% ] [90m[1mreimport[22m | gravel_floor_rough_2k.jpg[39m[0m
[  21% ] [90m[1mreimport[22m | gravel_floor_rough_2k.jpg[39m[0m
[  21% ] [90m[1mreimport[22m | gravel_floor_rough_2k.jpg[39m[0m
[  21% ] [90m[1mreimport[22m | gravel_floor_rough_2k.jpg[39m[0m
[  21% ] [90m[1mreimport[22m | gravel_floor_rough_2k.jpg[39m[0m
[  21% ] [90m[1mreimport[22m | gravel_floor_rough_2k.jpg[39m[0m
[  21% ] [90m[1mreimport[22m | gravel_floor_rough_2k.jpg[39m[0m
[  21% ] [90m[1mreimport[22m | gravel_floor_rough_2k.jpg[39m[0m
[  21% ] [90m[1mreimport[22m | gravel_floor_rough_2k.jpg[39m[0m
[  21% ] [90m[1mreimport[22m | gravel_floor_rough_2k.jpg[39m[0m
[  21% ] [90m[1mreimport[22m | gravel_floor_rough_2k.jpg[39m[0m
[  21% ] [90m[1mreimport[22m | gravel_floor_rough_2k.jpg[39m[0m
[  21% ] [90m[1mreimport[22m | gravel_floor_rough_2k.jpg[39m[0m
[  21% ] [90m[1mreimport[22m | gravel_floor_rough_2k.jpg[39m[0m
[  21% ] [90m[1mreimport[22m | gravel_floor_rough_2k.jpg[39m[0m
[  23% ] [90m[1mreimport[22m | rock_moss_set_01_diff_2k.jpg[39m[0m
[  23% ] [90m[1mreimport[22m | rock_moss_set_01_diff_2k.jpg[39m[0m
[  23% ] [90m[1mreimport[22m | rock_moss_set_01_diff_2k.jpg[39m[0m
[  23% ] [90m[1mreimport[22m | rock_moss_set_01_diff_2k.jpg[39m[0m
[  23% ] [90m[1mreimport[22m | rock_moss_set_01_diff_2k.jpg[39m[0m
[  23% ] [90m[1mreimport[22m | rock_moss_set_01_diff_2k.jpg[39m[0m
[  23% ] [90m[1mreimport[22m | rock_moss_set_01_diff_2k.jpg[39m[0m
[  23% ] [90m[1mreimport[22m | rock_moss_set_01_diff_2k.jpg[39m[0m
[  23% ] [90m[1mreimport[22m | rock_moss_set_01_diff_2k.jpg[39m[0m
[  23% ] [90m[1mreimport[22m | rock_moss_set_01_diff_2k.jpg[39m[0m
[  23% ] [90m[1mreimport[22m | rock_moss_set_01_diff_2k.jpg[39m[0m
[  23% ] [90m[1mreimport[22m | rock_moss_set_01_diff_2k.jpg[39m[0m
[  23% ] [90m[1mreimport[22m | rock_moss_set_01_diff_2k.jpg[39m[0m
[  23% ] [90m[1mreimport[22m | rock_moss_set_01_diff_2k.jpg[39m[0m
[  23% ] [90m[1mreimport[22m | rock_moss_set_01_diff_2k.jpg[39m[0m
[  23% ] [90m[1mreimport[22m | rock_moss_set_01_diff_2k.jpg[39m[0m
[  23% ] [90m[1mreimport[22m | rock_moss_set_01_diff_2k.jpg[39m[0m
[  23% ] [90m[1mreimport[22m | rock_moss_set_01_diff_2k.jpg[39m[0m
[  23% ] [90m[1mreimport[22m | rock_moss_set_01_diff_2k.jpg[39m[0m
[  23% ] [90m[1mreimport[22m | rock_moss_set_01_diff_2k.jpg[39m[0m
[  23% ] [90m[1mreimport[22m | rock_moss_set_01_diff_2k.jpg[39m[0m
[  23% ] [90m[1mreimport[22m | rock_moss_set_01_diff_2k.jpg[39m[0m
[  23% ] [90m[1mreimport[22m | rock_moss_set_01_diff_2k.jpg[39m[0m
[  23% ] [90m[1mreimport[22m | rock_moss_set_01_diff_2k.jpg[39m[0m
[  23% ] [90m[1mreimport[22m | rock_moss_set_01_diff_2k.jpg[39m[0m
[  23% ] [90m[1mreimport[22m | rock_moss_set_01_diff_2k.jpg[39m[0m
[  23% ] [90m[1mreimport[22m | rock_moss_set_01_diff_2k.jpg[39m[0m
[  23% ] [90m[1mreimport[22m | rock_moss_set_01_diff_2k.jpg[39m[0m
[  23% ] [90m[1mreimport[22m | rock_moss_set_01_diff_2k.jpg[39m[0m
[  23% ] [90m[1mreimport[22m | rock_moss_set_01_diff_2k.jpg[39m[0m
[  23% ] [90m[1mreimport[22m | rock_moss_set_01_diff_2k.jpg[39m[0m
[  23% ] [90m[1mreimport[22m | rock_moss_set_01_diff_2k.jpg[39m[0m
[  23% ] [90m[1mreimport[22m | rock_moss_set_01_diff_2k.jpg[39m[0m
[  23% ] [90m[1mreimport[22m | rock_moss_set_01_diff_2k.jpg[39m[0m
[  26% ] [90m[1mreimport[22m | rock_moss_set_01_nor_gl_2k.jpg[39m[0m
[  26% ] [90m[1mreimport[22m | rock_moss_set_01_nor_gl_2k.jpg[39m[0m
[  26% ] [90m[1mreimport[22m | rock_moss_set_01_nor_gl_2k.jpg[39m[0m
[  26% ] [90m[1mreimport[22m | rock_moss_set_01_nor_gl_2k.jpg[39m[0m
[  26% ] [90m[1mreimport[22m | rock_moss_set_01_nor_gl_2k.jpg[39m[0m
[  26% ] [90m[1mreimport[22m | rock_moss_set_01_nor_gl_2k.jpg[39m[0m
[  28% ] [90m[1mreimport[22m | rock_moss_set_01_rough_2k.jpg[39m[0m
[  30% ] [90m[1mreimport[22m | pine_mobile_pine_sapling_small_bark_diff.jpg[39m[0m
[  33% ] [90m[1mreimport[22m | pine_mobile_pine_sapling_small_bark_nor_gl.jpg[39m[0m
[  35% ] [90m[1mreimport[22m | pine_mobile_pine_sapling_small_bark_rough.jpg[39m[0m
[  38% ] [90m[1mreimport[22m | pine_mobile_pine_sapling_small_twig_diff.jpg[39m[0m
[  40% ] [90m[1mreimport[22m | pine_mobile_pine_sapling_small_twig_nor_gl.jpg[39m[0m
[  42% ] [90m[1mreimport[22m | pine_mobile_pine_sapling_small_twig_rough.jpg[39m[0m
[  45% ] [90m[1mreimport[22m | icon.svg[39m[0m
[  47% ] [90m[1mreimport[22m | Icon-40.png[39m[0m
[  50% ] [90m[1mreimport[22m | Icon-58.png[39m[0m
[  52% ] [90m[1mreimport[22m | Icon-60.png[39m[0m
[  54% ] [90m[1mreimport[22m | Icon-76.png[39m[0m
[  57% ] [90m[1mreimport[22m | Icon-80.png[39m[0m
[  59% ] [90m[1mreimport[22m | Icon-87.png[39m[0m
[  61% ] [90m[1mreimport[22m | Icon-114.png[39m[0m
[  64% ] [90m[1mreimport[22m | Icon-120.png[39m[0m
[  66% ] [90m[1mreimport[22m | Icon-128.png[39m[0m
[  66% ] [90m[1mreimport[22m | Icon-128.png[39m[0m
[  66% ] [90m[1mreimport[22m | Icon-128.png[39m[0m
[  66% ] [90m[1mreimport[22m | Icon-128.png[39m[0m
[  66% ] [90m[1mreimport[22m | Icon-128.png[39m[0m
[  69% ] [90m[1mreimport[22m | Icon-136.png[39m[0m
[  69% ] [90m[1mreimport[22m | Icon-136.png[39m[0m
[  69% ] [90m[1mreimport[22m | Icon-136.png[39m[0m
[  69% ] [90m[1mreimport[22m | Icon-136.png[39m[0m
[  69% ] [90m[1mreimport[22m | Icon-136.png[39m[0m
[  69% ] [90m[1mreimport[22m | Icon-136.png[39m[0m
[  69% ] [90m[1mreimport[22m | Icon-136.png[39m[0m
[  69% ] [90m[1mreimport[22m | Icon-136.png[39m[0m
[  69% ] [90m[1mreimport[22m | Icon-136.png[39m[0m
[  69% ] [90m[1mreimport[22m | Icon-136.png[39m[0m
[  69% ] [90m[1mreimport[22m | Icon-136.png[39m[0m
[  71% ] [90m[1mreimport[22m | Icon-152.png[39m[0m
[  71% ] [90m[1mreimport[22m | Icon-152.png[39m[0m
[  71% ] [90m[1mreimport[22m | Icon-152.png[39m[0m
[  71% ] [90m[1mreimport[22m | Icon-152.png[39m[0m
[  71% ] [90m[1mreimport[22m | Icon-152.png[39m[0m
[  73% ] [90m[1mreimport[22m | Icon-167.png[39m[0m
[  73% ] [90m[1mreimport[22m | Icon-167.png[39m[0m
[  73% ] [90m[1mreimport[22m | Icon-167.png[39m[0m
[  76% ] [90m[1mreimport[22m | Icon-180.png[39m[0m
[  76% ] [90m[1mreimport[22m | Icon-180.png[39m[0m
[  76% ] [90m[1mreimport[22m | Icon-180.png[39m[0m
[  76% ] [90m[1mreimport[22m | Icon-180.png[39m[0m
[  76% ] [90m[1mreimport[22m | Icon-180.png[39m[0m
[  76% ] [90m[1mreimport[22m | Icon-180.png[39m[0m
[  76% ] [90m[1mreimport[22m | Icon-180.png[39m[0m
[  76% ] [90m[1mreimport[22m | Icon-180.png[39m[0m
[  78% ] [90m[1mreimport[22m | Icon-192.png[39m[0m
[  78% ] [90m[1mreimport[22m | Icon-192.png[39m[0m
[  78% ] [90m[1mreimport[22m | Icon-192.png[39m[0m
[  80% ] [90m[1mreimport[22m | Icon-1024.png[39m[0m
[  80% ] [90m[1mreimport[22m | Icon-1024.png[39m[0m
[  80% ] [90m[1mreimport[22m | Icon-1024.png[39m[0m
[  80% ] [90m[1mreimport[22m | Icon-1024.png[39m[0m
[  80% ] [90m[1mreimport[22m | Icon-1024.png[39m[0m
[  80% ] [90m[1mreimport[22m | Icon-1024.png[39m[0m
[  80% ] [90m[1mreimport[22m | Icon-1024.png[39m[0m
[  80% ] [90m[1mreimport[22m | Icon-1024.png[39m[0m
[  80% ] [90m[1mreimport[22m | Icon-1024.png[39m[0m
[  80% ] [90m[1mreimport[22m | Icon-1024.png[39m[0m
[  80% ] [90m[1mreimport[22m | Icon-1024.png[39m[0m
[  80% ] [90m[1mreimport[22m | Icon-1024.png[39m[0m
[  80% ] [90m[1mreimport[22m | Icon-1024.png[39m[0m
[  80% ] [90m[1mreimport[22m | Icon-1024.png[39m[0m
[  80% ] [90m[1mreimport[22m | Icon-1024.png[39m[0m
[  80% ] [90m[1mreimport[22m | Icon-1024.png[39m[0m
[  80% ] [90m[1mreimport[22m | Icon-1024.png[39m[0m
[  80% ] [90m[1mreimport[22m | Icon-1024.png[39m[0m
[  80% ] [90m[1mreimport[22m | Icon-1024.png[39m[0m
[  80% ] [90m[1mreimport[22m | Icon-1024.png[39m[0m
[  80% ] [90m[1mreimport[22m | Icon-1024.png[39m[0m
[  80% ] [90m[1mreimport[22m | Icon-1024.png[39m[0m
[  80% ] [90m[1mreimport[22m | Icon-1024.png[39m[0m
[  80% ] [90m[1mreimport[22m | Icon-1024.png[39m[0m
[  80% ] [90m[1mreimport[22m | Icon-1024.png[39m[0m
[  80% ] [90m[1mreimport[22m | Icon-1024.png[39m[0m
[  80% ] [90m[1mreimport[22m | Icon-1024.png[39m[0m
[  80% ] [90m[1mreimport[22m | Icon-1024.png[39m[0m
[  80% ] [90m[1mreimport[22m | Icon-1024.png[39m[0m
[  80% ] [90m[1mreimport[22m | Icon-1024.png[39m[0m
[  80% ] [90m[1mreimport[22m | Icon-1024.png[39m[0m
[  80% ] [90m[1mreimport[22m | Icon-1024.png[39m[0m
[  80% ] [90m[1mreimport[22m | Icon-1024.png[39m[0m
[  80% ] [90m[1mreimport[22m | Icon-1024.png[39m[0m
[  80% ] [90m[1mreimport[22m | Icon-1024.png[39m[0m
[  80% ] [90m[1mreimport[22m | Icon-1024.png[39m[0m
[  80% ] [90m[1mreimport[22m | Icon-1024.png[39m[0m
[  80% ] [90m[1mreimport[22m | Icon-1024.png[39m[0m
[  80% ] [90m[1mreimport[22m | Icon-1024.png[39m[0m
[  80% ] [90m[1mreimport[22m | Icon-1024.png[39m[0m
[  80% ] [90m[1mreimport[22m | Icon-1024.png[39m[0m
[  80% ] [90m[1mreimport[22m | Icon-1024.png[39m[0m
[  80% ] [90m[1mreimport[22m | Icon-1024.png[39m[0m
[  80% ] [90m[1mreimport[22m | Icon-1024.png[39m[0m
[  80% ] [90m[1mreimport[22m | Icon-1024.png[39m[0m
[  83% ] [90m[1mreimport[22m | aerial_rocks_01_diff_2k.jpg[39m[0m
[  83% ] [90m[1mreimport[22m | aerial_rocks_01_diff_2k.jpg[39m[0m
[  83% ] [90m[1mreimport[22m | aerial_rocks_01_diff_2k.jpg[39m[0m
[  83% ] [90m[1mreimport[22m | aerial_rocks_01_diff_2k.jpg[39m[0m
[  83% ] [90m[1mreimport[22m | aerial_rocks_01_diff_2k.jpg[39m[0m
[  83% ] [90m[1mreimport[22m | aerial_rocks_01_diff_2k.jpg[39m[0m
[  83% ] [90m[1mreimport[22m | aerial_rocks_01_diff_2k.jpg[39m[0m
[  83% ] [90m[1mreimport[22m | aerial_rocks_01_diff_2k.jpg[39m[0m
[  85% ] [90m[1mreimport[22m | aerial_rocks_01_nor_gl_2k.jpg[39m[0m
[  85% ] [90m[1mreimport[22m | aerial_rocks_01_nor_gl_2k.jpg[39m[0m
[  88% ] [90m[1mreimport[22m | aerial_rocks_01_rough_2k.jpg[39m[0m
[  88% ] [90m[1mreimport[22m | aerial_rocks_01_rough_2k.jpg[39m[0m
[  88% ] [90m[1mreimport[22m | aerial_rocks_01_rough_2k.jpg[39m[0m
[  88% ] [90m[1mreimport[22m | aerial_rocks_01_rough_2k.jpg[39m[0m
[  88% ] [90m[1mreimport[22m | aerial_rocks_01_rough_2k.jpg[39m[0m
[  88% ] [90m[1mreimport[22m | aerial_rocks_01_rough_2k.jpg[39m[0m
[  88% ] [90m[1mreimport[22m | aerial_rocks_01_rough_2k.jpg[39m[0m
[  88% ] [90m[1mreimport[22m | aerial_rocks_01_rough_2k.jpg[39m[0m
[  88% ] [90m[1mreimport[22m | aerial_rocks_01_rough_2k.jpg[39m[0m
[  88% ] [90m[1mreimport[22m | aerial_rocks_01_rough_2k.jpg[39m[0m
[  88% ] [90m[1mreimport[22m | aerial_rocks_01_rough_2k.jpg[39m[0m
[  88% ] [90m[1mreimport[22m | aerial_rocks_01_rough_2k.jpg[39m[0m
[  88% ] [90m[1mreimport[22m | aerial_rocks_01_rough_2k.jpg[39m[0m
[  88% ] [90m[1mreimport[22m | aerial_rocks_01_rough_2k.jpg[39m[0m
[  88% ] [90m[1mreimport[22m | aerial_rocks_01_rough_2k.jpg[39m[0m
[  88% ] [90m[1mreimport[22m | aerial_rocks_01_rough_2k.jpg[39m[0m
[  88% ] [90m[1mreimport[22m | aerial_rocks_01_rough_2k.jpg[39m[0m
[  90% ] [90m[1mreimport[22m | rock_moss_set_01_2k.gltf[39m[0m
[   0% ] [90m[1mimport[22m | Started استيراد مشهد (104 steps)[39m[0m
[   0% ] [90m[1mimport[22m | استيراد المشهد...[39m[0m
[   1% ] [90m[1mimport[22m | تشغيل النص البرمجي المُخصص...[39m[0m
[  99% ] [90m[1mimport[22m | جاري الحفظ...[39m[0m
[92m[ DONE ][39m [1mimport[22m
[0m
[  92% ] [90m[1mreimport[22m | pine_mobile.glb[39m[0m
[   0% ] [90m[1mimport[22m | Started استيراد مشهد (104 steps)[39m[0m
[   0% ] [90m[1mimport[22m | استيراد المشهد...[39m[0m
[   1% ] [90m[1mimport[22m | تشغيل النص البرمجي المُخصص...[39m[0m
[  99% ] [90m[1mimport[22m | جاري الحفظ...[39m[0m
[92m[ DONE ][39m [1mimport[22m
[0m
[  95% ] [90m[1mreimport[22m | fern_02_1k.gltf[39m[0m
[   0% ] [90m[1mimport[22m | Started استيراد مشهد (104 steps)[39m[0m
[   0% ] [90m[1mimport[22m | استيراد المشهد...[39m[0m
[   1% ] [90m[1mimport[22m | تشغيل النص البرمجي المُخصص...[39m[0m
[  99% ] [90m[1mimport[22m | جاري الحفظ...[39m[0m
[92m[ DONE ][39m [1mimport[22m
[0m
[  97% ] [90m[1mreimport[22m | جارٍ الإنتهاء من استيراد الأصول...[39m[0m
[92m[ DONE ][39m [1mreimport[22m
[0m
[   0% ] [90m[1mreimport[22m | Started إعادة استيراد المُلحقات (41 steps)[39m[0m
[   0% ] [90m[1mreimport[22m | جارٍ تنفيذ عمليات ما بعد الاستيراد.[39m[0m
[92m[ DONE ][39m [1mreimport[22m
[0m
[   0% ] [90m[1mloading_editor_layout[22m | Started جارٍ تحميل المحرر (5 steps)[39m[0m
[   0% ] [90m[1mloading_editor_layout[22m | جارٍ تحميل تنسيق المحرر...[39m[0m
[  16% ] [90m[1mloading_editor_layout[22m | جارٍ التحميل الأرصِفة...[39m[0m
[92m[ DONE ][39m [1mloading_editor_layout[22m
[0m
