Godot Engine v4.7.1.stable.official.a13da4feb - https://godotengine.org

[INF][Balance] loaded 10 balance tables
[INF][Registry] registry: 8 characters, 39 games, 34 arenas, 22 powerups
[INF][Platform] platform: desktop, mobile=false, safe=[P: (0, 0), S: (0, 0)]
NETWORK_TIMING={"epoch":0,"max_frame_gap_ms":0,"phase":-1,"running":false,"seed":0,"snapshots":0,"state":""}
WARNING: [WRN][Net] online transport lost: socket_1000
     at: push_warning (core/variant/variant_utility.cpp:1033)
     GDScript backtrace (most recent call first):
         [0] _write (res://src/core/logger.gd:75)
         [1] w (res://src/core/logger.gd:34)
         [2] _transport_lost (res://src/net/net_service.gd:482)
         [3] _process (res://src/net/room_client.gd:88)
NETWORK_TIMING={"epoch":1,"max_frame_gap_ms":1013,"phase":2,"running":true,"seed":126503606,"snapshots":151,"state":"playing"}
NETWORK_TIMING={"epoch":1,"max_frame_gap_ms":1013,"phase":4,"running":true,"seed":126503606,"snapshots":351,"state":"playing"}
NETWORK_TIMING={"epoch":1,"max_frame_gap_ms":1013,"phase":6,"running":true,"seed":126503606,"snapshots":551,"state":"playing"}
NETWORK_ROUND={"arena":"dune_ring","epoch":1,"game":"zone_hold","moved":true,"scores":[0,0,1,0],"spectator":false}
NETWORK_TIMING={"epoch":2,"max_frame_gap_ms":1013,"phase":3,"running":true,"seed":885067815,"snapshots":729,"state":"playing"}
NETWORK_TIMING={"epoch":2,"max_frame_gap_ms":1013,"phase":4,"running":true,"seed":885067815,"snapshots":929,"state":"playing"}
NETWORK_ROUND={"arena":"dune_ring","epoch":2,"game":"zone_hold","moved":true,"scores":[3,0,0,0],"spectator":false}
NETWORK_TIMING={"epoch":3,"max_frame_gap_ms":1013,"phase":1,"running":true,"seed":1874183873,"snapshots":1127,"state":"playing"}
NETWORK_TIMING={"epoch":3,"max_frame_gap_ms":1013,"phase":4,"running":true,"seed":1874183873,"snapshots":1327,"state":"playing"}
NETWORK_TIMING={"epoch":3,"max_frame_gap_ms":1013,"phase":4,"running":true,"seed":1874183873,"snapshots":1527,"state":"playing"}
NETWORK_ROUND={"arena":"dune_ring","epoch":3,"game":"zone_hold","moved":true,"scores":[1,0,1,0],"spectator":false}
NETWORK_TIMING={"epoch":4,"max_frame_gap_ms":1013,"phase":1,"running":true,"seed":872266788,"snapshots":1726,"state":"playing"}
NETWORK_TIMING={"epoch":4,"max_frame_gap_ms":1013,"phase":4,"running":true,"seed":872266788,"snapshots":1926,"state":"playing"}
NETWORK_TIMING={"epoch":4,"max_frame_gap_ms":1013,"phase":4,"running":true,"seed":872266788,"snapshots":2126,"state":"playing"}
NETWORK_ROUND={"arena":"dune_ring","epoch":4,"game":"zone_hold","moved":false,"scores":[8,0,2,0],"spectator":true}
NETWORK_FINISHED={"carrying_seen":false,"collection_scored":false,"fawda_event_coverage":{},"fawda_worlds":[],"humans":2,"id":2,"matches":4,"moved":false,"reconnected":true,"scores":[8,0,2,0],"snapshots":2203,"tournament":{"awards":[0.0,0.0,0.0,0.0],"champions":[0.0],"complete":true,"contenders":[0.0],"cups":[2.0,0.0,2.0,0.0],"mode":"points","points":[11.0,6.0,11.0,6.0],"round":3.0,"target":3.0,"tie_attempts":1.0},"world_snapshots":2203}
