Evidence: /home/runner/work/_temp/kras-network-smoke-zHvmTO
{"event":"transition","op":"start","state":"loading","epoch":1,"game":"relic_hold","arena":"gem_hollow","host":true,"serverLoopMaxMs":21}
{"event":"transition","op":"loaded","state":"loading","epoch":1,"game":"relic_hold","arena":"gem_hollow","host":false,"serverLoopMaxMs":21}
{"event":"transition","op":"loaded","state":"playing","epoch":1,"game":"relic_hold","arena":"gem_hollow","host":true,"serverLoopMaxMs":21}
{"event":"transition","op":"resume","state":"playing","epoch":1,"game":"relic_hold","arena":"gem_hollow","host":false,"serverLoopMaxMs":21}
{"event":"transition","op":"loaded","state":"playing","epoch":1,"game":"relic_hold","arena":"gem_hollow","host":false,"serverLoopMaxMs":21}
{"event":"transition","op":"resume","state":"playing","epoch":1,"game":"relic_hold","arena":"gem_hollow","host":true,"serverLoopMaxMs":22}
{"event":"transition","op":"loaded","state":"playing","epoch":1,"game":"relic_hold","arena":"gem_hollow","host":true,"serverLoopMaxMs":22}
{"event":"transition","op":"result","state":"results","epoch":1,"game":"relic_hold","arena":"gem_hollow","host":true,"serverLoopMaxMs":22}
{"event":"transition","op":"next","state":"loading","epoch":2,"game":"relic_hold","arena":"star_meadow","host":true,"serverLoopMaxMs":22}
{"event":"transition","op":"loaded","state":"loading","epoch":2,"game":"relic_hold","arena":"star_meadow","host":false,"serverLoopMaxMs":22}
{"event":"transition","op":"loaded","state":"playing","epoch":2,"game":"relic_hold","arena":"star_meadow","host":true,"serverLoopMaxMs":22}
{"event":"transition","op":"result","state":"results","epoch":2,"game":"relic_hold","arena":"star_meadow","host":true,"serverLoopMaxMs":22}
{"event":"transition","op":"next","state":"loading","epoch":3,"game":"relic_hold","arena":"star_meadow","host":true,"serverLoopMaxMs":22}
{"event":"transition","op":"loaded","state":"loading","epoch":3,"game":"relic_hold","arena":"star_meadow","host":false,"serverLoopMaxMs":22}
{"event":"transition","op":"loaded","state":"playing","epoch":3,"game":"relic_hold","arena":"star_meadow","host":true,"serverLoopMaxMs":22}
{"event":"transition","op":"result","state":"results","epoch":3,"game":"relic_hold","arena":"star_meadow","host":true,"serverLoopMaxMs":22}
{"event":"room_closed","state":"results","reason":"left","authorityAge":53}
{"humans":2,"status":"PASS","results":[{"carrying_seen":false,"collection_scored":false,"fawda_event_coverage":{},"fawda_worlds":[],"humans":2,"id":1,"matches":3,"moved":true,"reconnected":true,"scores":[16,0,0,0],"snapshots":0,"tournament":{"awards":[5,2,2,2],"champions":[1],"complete":true,"contenders":[],"cups":[1,2,0,0],"mode":"points","points":[9,12,6,6],"round":3,"target":3,"tie_attempts":0},"world_snapshots":0},{"carrying_seen":false,"collection_scored":false,"fawda_event_coverage":{},"fawda_worlds":[],"humans":2,"id":2,"matches":3,"moved":true,"reconnected":true,"scores":[16,0,0,0],"snapshots":1665,"tournament":{"awards":[5,2,2,2],"champions":[1],"complete":true,"contenders":[],"cups":[1,2,0,0],"mode":"points","points":[9,12,6,6],"round":3,"target":3,"tie_attempts":0},"world_snapshots":1665}]}
{"event":"transition","op":"start","state":"loading","epoch":1,"game":"relic_hold","arena":"gem_hollow","host":true,"serverLoopMaxMs":22}
{"event":"transition","op":"loaded","state":"loading","epoch":1,"game":"relic_hold","arena":"gem_hollow","host":false,"serverLoopMaxMs":23}
{"event":"transition","op":"loaded","state":"loading","epoch":1,"game":"relic_hold","arena":"gem_hollow","host":false,"serverLoopMaxMs":23}
{"event":"transition","op":"loaded","state":"loading","epoch":1,"game":"relic_hold","arena":"gem_hollow","host":false,"serverLoopMaxMs":23}
{"event":"transition","op":"loaded","state":"playing","epoch":1,"game":"relic_hold","arena":"gem_hollow","host":true,"serverLoopMaxMs":23}
{"event":"transition","op":"resume","state":"playing","epoch":1,"game":"relic_hold","arena":"gem_hollow","host":false,"serverLoopMaxMs":23}
{"event":"transition","op":"loaded","state":"playing","epoch":1,"game":"relic_hold","arena":"gem_hollow","host":false,"serverLoopMaxMs":23}
{"event":"transition","op":"resume","state":"playing","epoch":1,"game":"relic_hold","arena":"gem_hollow","host":true,"serverLoopMaxMs":23}
{"event":"transition","op":"loaded","state":"playing","epoch":1,"game":"relic_hold","arena":"gem_hollow","host":true,"serverLoopMaxMs":23}
{"event":"transition","op":"result","state":"results","epoch":1,"game":"relic_hold","arena":"gem_hollow","host":true,"serverLoopMaxMs":23}
{"event":"transition","op":"next","state":"loading","epoch":2,"game":"relic_hold","arena":"star_meadow","host":true,"serverLoopMaxMs":23}
{"event":"transition","op":"loaded","state":"loading","epoch":2,"game":"relic_hold","arena":"star_meadow","host":false,"serverLoopMaxMs":23}
{"event":"transition","op":"loaded","state":"loading","epoch":2,"game":"relic_hold","arena":"star_meadow","host":false,"serverLoopMaxMs":23}
{"event":"transition","op":"loaded","state":"loading","epoch":2,"game":"relic_hold","arena":"star_meadow","host":false,"serverLoopMaxMs":23}
{"event":"transition","op":"loaded","state":"playing","epoch":2,"game":"relic_hold","arena":"star_meadow","host":true,"serverLoopMaxMs":23}
{"event":"transition","op":"result","state":"results","epoch":2,"game":"relic_hold","arena":"star_meadow","host":true,"serverLoopMaxMs":23}
{"event":"transition","op":"next","state":"loading","epoch":3,"game":"relic_hold","arena":"star_meadow","host":true,"serverLoopMaxMs":23}
{"event":"transition","op":"loaded","state":"loading","epoch":3,"game":"relic_hold","arena":"star_meadow","host":false,"serverLoopMaxMs":23}
{"event":"transition","op":"loaded","state":"loading","epoch":3,"game":"relic_hold","arena":"star_meadow","host":false,"serverLoopMaxMs":23}
{"event":"transition","op":"loaded","state":"loading","epoch":3,"game":"relic_hold","arena":"star_meadow","host":false,"serverLoopMaxMs":23}
{"event":"transition","op":"loaded","state":"playing","epoch":3,"game":"relic_hold","arena":"star_meadow","host":true,"serverLoopMaxMs":23}
{"event":"transition","op":"result","state":"results","epoch":3,"game":"relic_hold","arena":"star_meadow","host":true,"serverLoopMaxMs":23}
{"event":"transition","op":"next","state":"loading","epoch":4,"game":"relic_hold","arena":"gem_hollow","host":true,"serverLoopMaxMs":23}
{"event":"transition","op":"loaded","state":"loading","epoch":4,"game":"relic_hold","arena":"gem_hollow","host":false,"serverLoopMaxMs":23}
{"event":"transition","op":"loaded","state":"loading","epoch":4,"game":"relic_hold","arena":"gem_hollow","host":false,"serverLoopMaxMs":23}
{"event":"transition","op":"loaded","state":"loading","epoch":4,"game":"relic_hold","arena":"gem_hollow","host":false,"serverLoopMaxMs":23}
{"event":"transition","op":"loaded","state":"playing","epoch":4,"game":"relic_hold","arena":"gem_hollow","host":true,"serverLoopMaxMs":23}
{"event":"transition","op":"result","state":"results","epoch":4,"game":"relic_hold","arena":"gem_hollow","host":true,"serverLoopMaxMs":23}
{"event":"room_closed","state":"results","reason":"left","authorityAge":51}
{"humans":4,"status":"PASS","results":[{"carrying_seen":false,"collection_scored":false,"fawda_event_coverage":{},"fawda_worlds":[],"humans":4,"id":1,"matches":4,"moved":false,"reconnected":true,"scores":[0,0,17,0],"snapshots":0,"tournament":{"awards":[0,0,0,0],"champions":[2],"complete":true,"contenders":[2],"cups":[0,1,1,1],"mode":"points","points":[6,9,9,9],"round":3,"target":3,"tie_attempts":1},"world_snapshots":0},{"carrying_seen":false,"collection_scored":false,"fawda_event_coverage":{},"fawda_worlds":[],"humans":4,"id":2,"matches":4,"moved":true,"reconnected":true,"scores":[0,0,17,0],"snapshots":2203,"tournament":{"awards":[0,0,0,0],"champions":[2],"complete":true,"contenders":[2],"cups":[0,1,1,1],"mode":"points","points":[6,9,9,9],"round":3,"target":3,"tie_attempts":1},"world_snapshots":2203},{"carrying_seen":false,"collection_scored":false,"fawda_event_coverage":{},"fawda_worlds":[],"humans":4,"id":3,"matches":4,"moved":true,"reconnected":false,"scores":[0,0,17,0],"snapshots":2222,"tournament":{"awards":[0,0,0,0],"champions":[2],"complete":true,"contenders":[2],"cups":[0,1,1,1],"mode":"points","points":[6,9,9,9],"round":3,"target":3,"tie_attempts":1},"world_snapshots":2222},{"carrying_seen":false,"collection_scored":false,"fawda_event_coverage":{},"fawda_worlds":[],"humans":4,"id":4,"matches":4,"moved":true,"reconnected":false,"scores":[0,0,17,0],"snapshots":2222,"tournament":{"awards":[0,0,0,0],"champions":[2],"complete":true,"contenders":[2],"cups":[0,1,1,1],"mode":"points","points":[6,9,9,9],"round":3,"target":3,"tie_attempts":1},"world_snapshots":2222}]}
{"event":"server_timing","maxMs":23}
