scons: Reading SConscript files ...
Building for architecture arm64 on platform ios
scons: done reading SConscript files.
scons: Building targets ...
Generating /tmp/kras-ios-godot-cpp-fresh-112/gen/include/godot_cpp/core/ext_wrappers.gen.inc ...
Built-in type config: float_64
Compiling /tmp/kras-ios-godot-cpp-fresh-112/src/core/memory.cpp ...
Compiling /tmp/kras-ios-godot-cpp-fresh-112/src/classes/low_level.cpp ...
Compiling /tmp/kras-ios-godot-cpp-fresh-112/src/classes/editor_plugin_registration.cpp ...
Compiling /tmp/kras-ios-godot-cpp-fresh-112/src/classes/wrapped.cpp ...
Compiling /tmp/kras-ios-godot-cpp-fresh-112/src/godot.cpp ...
Compiling /tmp/kras-ios-godot-cpp-fresh-112/src/core/method_bind.cpp ...
Compiling /tmp/kras-ios-godot-cpp-fresh-112/src/core/class_db.cpp ...
Compiling /tmp/kras-ios-godot-cpp-fresh-112/src/core/object.cpp ...
Compiling /tmp/kras-ios-godot-cpp-fresh-112/src/core/error_macros.cpp ...
Compiling /tmp/kras-ios-godot-cpp-fresh-112/src/core/print_string.cpp ...
Compiling /tmp/kras-ios-godot-cpp-fresh-112/src/variant/vector4i.cpp ...
Compiling /tmp/kras-ios-godot-cpp-fresh-112/src/variant/callable_method_pointer.cpp ...
Compiling /tmp/kras-ios-godot-cpp-fresh-112/src/variant/variant_internal.cpp ...
Compiling /tmp/kras-ios-godot-cpp-fresh-112/src/variant/basis.cpp ...
Compiling /tmp/kras-ios-godot-cpp-fresh-112/src/variant/vector4.cpp ...
Compiling /tmp/kras-ios-godot-cpp-fresh-112/src/variant/vector3.cpp ...
Compiling /tmp/kras-ios-godot-cpp-fresh-112/src/variant/vector2.cpp ...
Compiling /tmp/kras-ios-godot-cpp-fresh-112/src/variant/callable_custom.cpp ...
Compiling /tmp/kras-ios-godot-cpp-fresh-112/src/variant/vector2i.cpp ...
Compiling /tmp/kras-ios-godot-cpp-fresh-112/src/variant/projection.cpp ...
Compiling /tmp/kras-ios-godot-cpp-fresh-112/src/variant/aabb.cpp ...
Compiling /tmp/kras-ios-godot-cpp-fresh-112/src/variant/vector3i.cpp ...
Compiling /tmp/kras-ios-godot-cpp-fresh-112/src/variant/color.cpp ...
Compiling /tmp/kras-ios-godot-cpp-fresh-112/src/variant/rect2.cpp ...
Compiling /tmp/kras-ios-godot-cpp-fresh-112/src/variant/transform3d.cpp ...
Compiling /tmp/kras-ios-godot-cpp-fresh-112/src/variant/transform2d.cpp ...
Compiling /tmp/kras-ios-godot-cpp-fresh-112/src/variant/variant.cpp ...
Compiling /tmp/kras-ios-godot-cpp-fresh-112/src/variant/quaternion.cpp ...
Compiling /tmp/kras-ios-godot-cpp-fresh-112/src/variant/char_string.cpp ...
Compiling /tmp/kras-ios-godot-cpp-fresh-112/src/variant/packed_arrays.cpp ...
Compiling /tmp/kras-ios-godot-cpp-fresh-112/src/variant/plane.cpp ...
Compiling /tmp/kras-ios-godot-cpp-fresh-112/src/variant/rect2i.cpp ...
Compiling /tmp/kras-ios-godot-cpp-fresh-112/gen/src/variant/string.cpp ...
Compiling /tmp/kras-ios-godot-cpp-fresh-112/gen/src/variant/string_name.cpp ...
Compiling /tmp/kras-ios-godot-cpp-fresh-112/gen/src/variant/node_path.cpp ...
Compiling /tmp/kras-ios-godot-cpp-fresh-112/gen/src/variant/rid.cpp ...
Compiling /tmp/kras-ios-godot-cpp-fresh-112/gen/src/variant/callable.cpp ...
Compiling /tmp/kras-ios-godot-cpp-fresh-112/gen/src/variant/signal.cpp ...
Compiling /tmp/kras-ios-godot-cpp-fresh-112/gen/src/variant/dictionary.cpp ...
Compiling /tmp/kras-ios-godot-cpp-fresh-112/gen/src/variant/array.cpp ...
Compiling /tmp/kras-ios-godot-cpp-fresh-112/gen/src/variant/packed_byte_array.cpp ...
Compiling /tmp/kras-ios-godot-cpp-fresh-112/gen/src/variant/packed_int32_array.cpp ...
Compiling /tmp/kras-ios-godot-cpp-fresh-112/gen/src/variant/packed_int64_array.cpp ...
Compiling /tmp/kras-ios-godot-cpp-fresh-112/gen/src/variant/packed_float32_array.cpp ...
Compiling /tmp/kras-ios-godot-cpp-fresh-112/gen/src/variant/packed_float64_array.cpp ...
Compiling /tmp/kras-ios-godot-cpp-fresh-112/gen/src/variant/packed_string_array.cpp ...
Compiling /tmp/kras-ios-godot-cpp-fresh-112/gen/src/variant/packed_vector2_array.cpp ...
Compiling /tmp/kras-ios-godot-cpp-fresh-112/gen/src/variant/packed_vector3_array.cpp ...
Compiling /tmp/kras-ios-godot-cpp-fresh-112/gen/src/variant/packed_color_array.cpp ...
Compiling /tmp/kras-ios-godot-cpp-fresh-112/gen/src/variant/packed_vector4_array.cpp ...
Compiling /tmp/kras-ios-godot-cpp-fresh-112/gen/src/classes/class_db_singleton.cpp ...
Compiling /tmp/kras-ios-godot-cpp-fresh-112/gen/src/classes/file_access.cpp ...
Compiling /tmp/kras-ios-godot-cpp-fresh-112/gen/src/classes/image.cpp ...
Compiling /tmp/kras-ios-godot-cpp-fresh-112/gen/src/classes/os.cpp ...
Compiling /tmp/kras-ios-godot-cpp-fresh-112/gen/src/classes/object.cpp ...
Compiling /tmp/kras-ios-godot-cpp-fresh-112/gen/src/classes/ref_counted.cpp ...
Compiling /tmp/kras-ios-godot-cpp-fresh-112/gen/src/classes/resource.cpp ...
Compiling /tmp/kras-ios-godot-cpp-fresh-112/gen/src/classes/semaphore.cpp ...
Compiling /tmp/kras-ios-godot-cpp-fresh-112/gen/src/classes/worker_thread_pool.cpp ...
Compiling /tmp/kras-ios-godot-cpp-fresh-112/gen/src/classes/xml_parser.cpp ...
Compiling /tmp/kras-ios-godot-cpp-fresh-112/gen/src/variant/utility_functions.cpp ...
Compiling apple_bridge.mm ...
Linking Static Library /tmp/kras-ios-godot-cpp-fresh-112/bin/libgodot-cpp.ios.template_release.arm64.a ...
Ranlib Library /tmp/kras-ios-godot-cpp-fresh-112/bin/libgodot-cpp.ios.template_release.arm64.a ...
Linking Static Library bin/libKrasApple.device ...
Ranlib Library bin/libKrasApple.device ...
scons: done building targets.
scons: Reading SConscript files ...
Building for architecture universal on platform ios
scons: done reading SConscript files.
scons: Building targets ...
Compiling /tmp/kras-ios-godot-cpp-fresh-112/src/godot.cpp ...
Compiling /tmp/kras-ios-godot-cpp-fresh-112/src/classes/wrapped.cpp ...
Compiling /tmp/kras-ios-godot-cpp-fresh-112/src/classes/low_level.cpp ...
Compiling /tmp/kras-ios-godot-cpp-fresh-112/src/classes/editor_plugin_registration.cpp ...
Compiling /tmp/kras-ios-godot-cpp-fresh-112/src/core/memory.cpp ...
Compiling /tmp/kras-ios-godot-cpp-fresh-112/src/core/method_bind.cpp ...
Compiling /tmp/kras-ios-godot-cpp-fresh-112/src/core/class_db.cpp ...
Compiling /tmp/kras-ios-godot-cpp-fresh-112/src/core/object.cpp ...
Compiling /tmp/kras-ios-godot-cpp-fresh-112/src/core/error_macros.cpp ...
Compiling /tmp/kras-ios-godot-cpp-fresh-112/src/core/print_string.cpp ...
Compiling /tmp/kras-ios-godot-cpp-fresh-112/src/variant/vector4i.cpp ...
Compiling /tmp/kras-ios-godot-cpp-fresh-112/src/variant/callable_method_pointer.cpp ...
Compiling /tmp/kras-ios-godot-cpp-fresh-112/src/variant/variant_internal.cpp ...
Compiling /tmp/kras-ios-godot-cpp-fresh-112/src/variant/basis.cpp ...
Compiling /tmp/kras-ios-godot-cpp-fresh-112/src/variant/vector4.cpp ...
Compiling /tmp/kras-ios-godot-cpp-fresh-112/src/variant/vector3.cpp ...
Compiling /tmp/kras-ios-godot-cpp-fresh-112/src/variant/vector2.cpp ...
Compiling /tmp/kras-ios-godot-cpp-fresh-112/src/variant/callable_custom.cpp ...
Compiling /tmp/kras-ios-godot-cpp-fresh-112/src/variant/vector2i.cpp ...
Compiling /tmp/kras-ios-godot-cpp-fresh-112/src/variant/projection.cpp ...
Compiling /tmp/kras-ios-godot-cpp-fresh-112/src/variant/aabb.cpp ...
Compiling /tmp/kras-ios-godot-cpp-fresh-112/src/variant/vector3i.cpp ...
Compiling /tmp/kras-ios-godot-cpp-fresh-112/src/variant/color.cpp ...
Compiling /tmp/kras-ios-godot-cpp-fresh-112/src/variant/rect2.cpp ...
Compiling /tmp/kras-ios-godot-cpp-fresh-112/src/variant/transform3d.cpp ...
Compiling /tmp/kras-ios-godot-cpp-fresh-112/src/variant/transform2d.cpp ...
Compiling /tmp/kras-ios-godot-cpp-fresh-112/src/variant/variant.cpp ...
Compiling /tmp/kras-ios-godot-cpp-fresh-112/src/variant/quaternion.cpp ...
Compiling /tmp/kras-ios-godot-cpp-fresh-112/src/variant/char_string.cpp ...
Compiling /tmp/kras-ios-godot-cpp-fresh-112/src/variant/packed_arrays.cpp ...
Compiling /tmp/kras-ios-godot-cpp-fresh-112/src/variant/plane.cpp ...
Compiling /tmp/kras-ios-godot-cpp-fresh-112/src/variant/rect2i.cpp ...
Compiling /tmp/kras-ios-godot-cpp-fresh-112/gen/src/variant/string.cpp ...
Compiling /tmp/kras-ios-godot-cpp-fresh-112/gen/src/variant/string_name.cpp ...
Compiling /tmp/kras-ios-godot-cpp-fresh-112/gen/src/variant/node_path.cpp ...
Compiling /tmp/kras-ios-godot-cpp-fresh-112/gen/src/variant/rid.cpp ...
Compiling /tmp/kras-ios-godot-cpp-fresh-112/gen/src/variant/callable.cpp ...
Compiling /tmp/kras-ios-godot-cpp-fresh-112/gen/src/variant/signal.cpp ...
Compiling /tmp/kras-ios-godot-cpp-fresh-112/gen/src/variant/dictionary.cpp ...
Compiling /tmp/kras-ios-godot-cpp-fresh-112/gen/src/variant/array.cpp ...
Compiling /tmp/kras-ios-godot-cpp-fresh-112/gen/src/variant/packed_byte_array.cpp ...
Compiling /tmp/kras-ios-godot-cpp-fresh-112/gen/src/variant/packed_int32_array.cpp ...
Compiling /tmp/kras-ios-godot-cpp-fresh-112/gen/src/variant/packed_int64_array.cpp ...
Compiling /tmp/kras-ios-godot-cpp-fresh-112/gen/src/variant/packed_float32_array.cpp ...
Compiling /tmp/kras-ios-godot-cpp-fresh-112/gen/src/variant/packed_float64_array.cpp ...
Compiling /tmp/kras-ios-godot-cpp-fresh-112/gen/src/variant/packed_string_array.cpp ...
Compiling /tmp/kras-ios-godot-cpp-fresh-112/gen/src/variant/packed_vector2_array.cpp ...
Compiling /tmp/kras-ios-godot-cpp-fresh-112/gen/src/variant/packed_vector3_array.cpp ...
Compiling /tmp/kras-ios-godot-cpp-fresh-112/gen/src/variant/packed_color_array.cpp ...
Compiling /tmp/kras-ios-godot-cpp-fresh-112/gen/src/variant/packed_vector4_array.cpp ...
Compiling /tmp/kras-ios-godot-cpp-fresh-112/gen/src/classes/class_db_singleton.cpp ...
Compiling /tmp/kras-ios-godot-cpp-fresh-112/gen/src/classes/file_access.cpp ...
Compiling /tmp/kras-ios-godot-cpp-fresh-112/gen/src/classes/image.cpp ...
Compiling /tmp/kras-ios-godot-cpp-fresh-112/gen/src/classes/os.cpp ...
Compiling /tmp/kras-ios-godot-cpp-fresh-112/gen/src/classes/object.cpp ...
Compiling /tmp/kras-ios-godot-cpp-fresh-112/gen/src/classes/ref_counted.cpp ...
Compiling /tmp/kras-ios-godot-cpp-fresh-112/gen/src/classes/resource.cpp ...
Compiling /tmp/kras-ios-godot-cpp-fresh-112/gen/src/classes/semaphore.cpp ...
Compiling /tmp/kras-ios-godot-cpp-fresh-112/gen/src/classes/worker_thread_pool.cpp ...
Compiling /tmp/kras-ios-godot-cpp-fresh-112/gen/src/classes/xml_parser.cpp ...
Compiling /tmp/kras-ios-godot-cpp-fresh-112/gen/src/variant/utility_functions.cpp ...
Compiling apple_bridge.mm ...
Linking Static Library /tmp/kras-ios-godot-cpp-fresh-112/bin/libgodot-cpp.ios.template_release.universal.simulator.a ...
Ranlib Library /tmp/kras-ios-godot-cpp-fresh-112/bin/libgodot-cpp.ios.template_release.universal.simulator.a ...
Linking Static Library bin/libKrasApple.simulator ...
Ranlib Library bin/libKrasApple.simulator ...
scons: done building targets.
xcframework successfully written out to: /var/folders/77/ng2sccd50bd8dtpjwd7jqgj00000gn/T/tmp.AT8ffud40V/KrasApple.xcframework
