Godot Engine v4.7.1.stable.official.a13da4feb - https://godotengine.org

[INF][Balance] loaded 10 balance tables
[INF][Registry] registry: 8 characters, 39 games, 34 arenas, 22 powerups
[INF][Platform] platform: desktop, mobile=false, safe=[P: (0, 0), S: (0, 0)]
NETWORK_TIMING={"epoch":0,"max_frame_gap_ms":0,"phase":-1,"running":false,"seed":0,"snapshots":0,"state":""}
NETWORK_ROOM=4RYECJ
NETWORK_TIMING={"epoch":1,"max_frame_gap_ms":911,"phase":2,"running":true,"seed":909676325,"snapshots":0,"state":"playing"}
NETWORK_TIMING={"epoch":1,"max_frame_gap_ms":911,"phase":4,"running":true,"seed":909676325,"snapshots":0,"state":"playing"}
NETWORK_TIMING={"epoch":1,"max_frame_gap_ms":911,"phase":4,"running":true,"seed":909676325,"snapshots":0,"state":"playing"}
WARNING: [WRN][Net] online transport lost: socket_1000
     at: push_warning (core/variant/variant_utility.cpp:1033)
     GDScript backtrace (most recent call first):
         [0] _write (res://src/core/logger.gd:75)
         [1] w (res://src/core/logger.gd:34)
         [2] _transport_lost (res://src/net/net_service.gd:482)
         [3] _process (res://src/net/room_client.gd:88)
NETWORK_ROUND={"arena":"quad_court","epoch":1,"game":"goal_guard","moved":true,"scores":[5,10,10,11],"spectator":false}
NETWORK_TIMING={"epoch":2,"max_frame_gap_ms":911,"phase":2,"running":true,"seed":1040601288,"snapshots":0,"state":"playing"}
NETWORK_TIMING={"epoch":2,"max_frame_gap_ms":911,"phase":4,"running":true,"seed":1040601288,"snapshots":0,"state":"playing"}
NETWORK_TIMING={"epoch":2,"max_frame_gap_ms":911,"phase":6,"running":true,"seed":1040601288,"snapshots":0,"state":"playing"}
NETWORK_ROUND={"arena":"quad_court","epoch":2,"game":"goal_guard","moved":true,"scores":[9,7,3,12],"spectator":false}
NETWORK_TIMING={"epoch":3,"max_frame_gap_ms":911,"phase":3,"running":true,"seed":1129582967,"snapshots":0,"state":"playing"}
NETWORK_TIMING={"epoch":3,"max_frame_gap_ms":911,"phase":4,"running":true,"seed":1129582967,"snapshots":0,"state":"playing"}
NETWORK_ROUND={"arena":"quad_court","epoch":3,"game":"goal_guard","moved":true,"scores":[9,5,9,11],"spectator":false}
NETWORK_FINISHED={"carrying_seen":false,"collection_scored":false,"fawda_event_coverage":{},"fawda_worlds":[],"humans":2,"id":1,"matches":3,"moved":true,"reconnected":true,"scores":[9,5,9,11],"snapshots":0,"tournament":{"awards":[3.0,1.0,3.0,5.0],"champions":[3.0],"complete":true,"contenders":[],"cups":[0.0,0.0,0.0,3.0],"mode":"points","points":[7.0,6.0,7.0,15.0],"round":3.0,"target":3.0,"tie_attempts":0.0},"world_snapshots":0}
