Evidence: /home/runner/work/_temp/kras-network-smoke-PGcarh
{"event":"transition","op":"start","state":"loading","epoch":1,"game":"goal_guard","arena":"quad_court","host":true,"serverLoopMaxMs":21}
{"event":"transition","op":"loaded","state":"loading","epoch":1,"game":"goal_guard","arena":"quad_court","host":false,"serverLoopMaxMs":21}
{"event":"transition","op":"loaded","state":"playing","epoch":1,"game":"goal_guard","arena":"quad_court","host":true,"serverLoopMaxMs":21}
{"event":"transition","op":"resume","state":"playing","epoch":1,"game":"goal_guard","arena":"quad_court","host":false,"serverLoopMaxMs":21}
{"event":"transition","op":"loaded","state":"playing","epoch":1,"game":"goal_guard","arena":"quad_court","host":false,"serverLoopMaxMs":21}
{"event":"transition","op":"resume","state":"playing","epoch":1,"game":"goal_guard","arena":"quad_court","host":true,"serverLoopMaxMs":22}
{"event":"transition","op":"loaded","state":"playing","epoch":1,"game":"goal_guard","arena":"quad_court","host":true,"serverLoopMaxMs":22}
{"event":"transition","op":"result","state":"results","epoch":1,"game":"goal_guard","arena":"quad_court","host":true,"serverLoopMaxMs":22}
{"event":"room_closed","state":"results","reason":"left","authorityAge":16}
{"humans":2,"status":"PASS","results":[{"carrying_seen":false,"collection_scored":false,"fawda_event_coverage":{},"fawda_worlds":[],"humans":2,"id":1,"matches":1,"moved":true,"reconnected":true,"scores":[15,18,17,17],"snapshots":0,"tournament":{},"world_snapshots":0},{"carrying_seen":false,"collection_scored":false,"fawda_event_coverage":{},"fawda_worlds":[],"humans":2,"id":2,"matches":1,"moved":true,"reconnected":true,"scores":[15,18,17,17],"snapshots":1088,"tournament":{},"world_snapshots":1088}]}
{"event":"transition","op":"start","state":"loading","epoch":1,"game":"goal_guard","arena":"quad_court","host":true,"serverLoopMaxMs":24}
{"event":"transition","op":"loaded","state":"loading","epoch":1,"game":"goal_guard","arena":"quad_court","host":false,"serverLoopMaxMs":24}
{"event":"transition","op":"loaded","state":"loading","epoch":1,"game":"goal_guard","arena":"quad_court","host":false,"serverLoopMaxMs":24}
{"event":"transition","op":"loaded","state":"loading","epoch":1,"game":"goal_guard","arena":"quad_court","host":false,"serverLoopMaxMs":24}
{"event":"transition","op":"loaded","state":"playing","epoch":1,"game":"goal_guard","arena":"quad_court","host":true,"serverLoopMaxMs":24}
{"event":"transition","op":"resume","state":"playing","epoch":1,"game":"goal_guard","arena":"quad_court","host":false,"serverLoopMaxMs":24}
{"event":"transition","op":"loaded","state":"playing","epoch":1,"game":"goal_guard","arena":"quad_court","host":false,"serverLoopMaxMs":24}
{"event":"transition","op":"resume","state":"playing","epoch":1,"game":"goal_guard","arena":"quad_court","host":true,"serverLoopMaxMs":24}
{"event":"transition","op":"loaded","state":"playing","epoch":1,"game":"goal_guard","arena":"quad_court","host":true,"serverLoopMaxMs":24}
{"event":"transition","op":"result","state":"results","epoch":1,"game":"goal_guard","arena":"quad_court","host":true,"serverLoopMaxMs":24}
{"event":"room_closed","state":"results","reason":"left","authorityAge":15}
{"humans":4,"status":"PASS","results":[{"carrying_seen":false,"collection_scored":false,"fawda_event_coverage":{},"fawda_worlds":[],"humans":4,"id":1,"matches":1,"moved":true,"reconnected":true,"scores":[14,10,20,18],"snapshots":0,"tournament":{},"world_snapshots":0},{"carrying_seen":false,"collection_scored":false,"fawda_event_coverage":{},"fawda_worlds":[],"humans":4,"id":3,"matches":1,"moved":true,"reconnected":false,"scores":[14,10,20,18],"snapshots":1107,"tournament":{},"world_snapshots":1107},{"carrying_seen":false,"collection_scored":false,"fawda_event_coverage":{},"fawda_worlds":[],"humans":4,"id":2,"matches":1,"moved":true,"reconnected":true,"scores":[14,10,20,18],"snapshots":1088,"tournament":{},"world_snapshots":1088},{"carrying_seen":false,"collection_scored":false,"fawda_event_coverage":{},"fawda_worlds":[],"humans":4,"id":4,"matches":1,"moved":true,"reconnected":false,"scores":[14,10,20,18],"snapshots":1107,"tournament":{},"world_snapshots":1107}]}
{"event":"server_timing","maxMs":24}
