Evidence: /home/runner/work/_temp/kras-network-smoke-NDDeat
{"event":"transition","op":"start","state":"loading","epoch":1,"game":"goal_guard","arena":"quad_court","host":true,"serverLoopMaxMs":20}
{"event":"transition","op":"loaded","state":"loading","epoch":1,"game":"goal_guard","arena":"quad_court","host":false,"serverLoopMaxMs":21}
{"event":"transition","op":"loaded","state":"playing","epoch":1,"game":"goal_guard","arena":"quad_court","host":true,"serverLoopMaxMs":21}
{"event":"transition","op":"resume","state":"playing","epoch":1,"game":"goal_guard","arena":"quad_court","host":false,"serverLoopMaxMs":21}
{"event":"transition","op":"loaded","state":"playing","epoch":1,"game":"goal_guard","arena":"quad_court","host":false,"serverLoopMaxMs":21}
{"event":"transition","op":"resume","state":"playing","epoch":1,"game":"goal_guard","arena":"quad_court","host":true,"serverLoopMaxMs":22}
{"event":"transition","op":"loaded","state":"playing","epoch":1,"game":"goal_guard","arena":"quad_court","host":true,"serverLoopMaxMs":22}
{"event":"transition","op":"result","state":"results","epoch":1,"game":"goal_guard","arena":"quad_court","host":true,"serverLoopMaxMs":22}
{"event":"transition","op":"next","state":"loading","epoch":2,"game":"goal_guard","arena":"quad_court","host":true,"serverLoopMaxMs":22}
{"event":"transition","op":"loaded","state":"loading","epoch":2,"game":"goal_guard","arena":"quad_court","host":false,"serverLoopMaxMs":22}
{"event":"transition","op":"loaded","state":"playing","epoch":2,"game":"goal_guard","arena":"quad_court","host":true,"serverLoopMaxMs":22}
{"event":"transition","op":"result","state":"results","epoch":2,"game":"goal_guard","arena":"quad_court","host":true,"serverLoopMaxMs":22}
{"event":"transition","op":"next","state":"loading","epoch":3,"game":"goal_guard","arena":"quad_court","host":true,"serverLoopMaxMs":22}
{"event":"transition","op":"loaded","state":"loading","epoch":3,"game":"goal_guard","arena":"quad_court","host":false,"serverLoopMaxMs":22}
{"event":"transition","op":"loaded","state":"playing","epoch":3,"game":"goal_guard","arena":"quad_court","host":true,"serverLoopMaxMs":22}
{"event":"transition","op":"result","state":"results","epoch":3,"game":"goal_guard","arena":"quad_court","host":true,"serverLoopMaxMs":22}
{"event":"room_closed","state":"results","reason":"left","authorityAge":58}
{"humans":2,"status":"PASS","results":[{"carrying_seen":false,"collection_scored":false,"fawda_event_coverage":{},"fawda_worlds":[],"humans":2,"id":1,"matches":3,"moved":true,"reconnected":true,"scores":[8,6,11,11],"snapshots":0,"tournament":{"awards":[2,1,4,4],"champions":[2],"complete":true,"contenders":[],"cups":[0,0,3,1],"mode":"points","points":[6,5,14,8],"round":3,"target":3,"tie_attempts":0},"world_snapshots":0},{"carrying_seen":false,"collection_scored":false,"fawda_event_coverage":{},"fawda_worlds":[],"humans":2,"id":2,"matches":3,"moved":true,"reconnected":true,"scores":[8,6,11,11],"snapshots":1665,"tournament":{"awards":[2,1,4,4],"champions":[2],"complete":true,"contenders":[],"cups":[0,0,3,1],"mode":"points","points":[6,5,14,8],"round":3,"target":3,"tie_attempts":0},"world_snapshots":1665}]}
{"event":"transition","op":"start","state":"loading","epoch":1,"game":"goal_guard","arena":"quad_court","host":true,"serverLoopMaxMs":22}
{"event":"transition","op":"loaded","state":"loading","epoch":1,"game":"goal_guard","arena":"quad_court","host":false,"serverLoopMaxMs":22}
{"event":"transition","op":"loaded","state":"loading","epoch":1,"game":"goal_guard","arena":"quad_court","host":false,"serverLoopMaxMs":22}
{"event":"transition","op":"loaded","state":"loading","epoch":1,"game":"goal_guard","arena":"quad_court","host":true,"serverLoopMaxMs":22}
{"event":"transition","op":"loaded","state":"playing","epoch":1,"game":"goal_guard","arena":"quad_court","host":false,"serverLoopMaxMs":23}
{"event":"transition","op":"resume","state":"playing","epoch":1,"game":"goal_guard","arena":"quad_court","host":false,"serverLoopMaxMs":23}
{"event":"transition","op":"loaded","state":"playing","epoch":1,"game":"goal_guard","arena":"quad_court","host":false,"serverLoopMaxMs":23}
{"event":"transition","op":"resume","state":"playing","epoch":1,"game":"goal_guard","arena":"quad_court","host":true,"serverLoopMaxMs":23}
{"event":"transition","op":"loaded","state":"playing","epoch":1,"game":"goal_guard","arena":"quad_court","host":true,"serverLoopMaxMs":23}
{"event":"transition","op":"result","state":"results","epoch":1,"game":"goal_guard","arena":"quad_court","host":true,"serverLoopMaxMs":23}
{"event":"transition","op":"next","state":"loading","epoch":2,"game":"goal_guard","arena":"quad_court","host":true,"serverLoopMaxMs":23}
{"event":"transition","op":"loaded","state":"loading","epoch":2,"game":"goal_guard","arena":"quad_court","host":false,"serverLoopMaxMs":23}
{"event":"transition","op":"loaded","state":"loading","epoch":2,"game":"goal_guard","arena":"quad_court","host":false,"serverLoopMaxMs":23}
{"event":"transition","op":"loaded","state":"loading","epoch":2,"game":"goal_guard","arena":"quad_court","host":false,"serverLoopMaxMs":23}
{"event":"transition","op":"loaded","state":"playing","epoch":2,"game":"goal_guard","arena":"quad_court","host":true,"serverLoopMaxMs":23}
{"event":"transition","op":"result","state":"results","epoch":2,"game":"goal_guard","arena":"quad_court","host":true,"serverLoopMaxMs":23}
{"event":"transition","op":"next","state":"loading","epoch":3,"game":"goal_guard","arena":"quad_court","host":true,"serverLoopMaxMs":23}
{"event":"transition","op":"loaded","state":"loading","epoch":3,"game":"goal_guard","arena":"quad_court","host":false,"serverLoopMaxMs":23}
{"event":"transition","op":"loaded","state":"loading","epoch":3,"game":"goal_guard","arena":"quad_court","host":true,"serverLoopMaxMs":23}
{"event":"transition","op":"loaded","state":"loading","epoch":3,"game":"goal_guard","arena":"quad_court","host":false,"serverLoopMaxMs":23}
{"event":"transition","op":"loaded","state":"playing","epoch":3,"game":"goal_guard","arena":"quad_court","host":false,"serverLoopMaxMs":23}
{"event":"transition","op":"result","state":"results","epoch":3,"game":"goal_guard","arena":"quad_court","host":true,"serverLoopMaxMs":23}
{"event":"transition","op":"next","state":"loading","epoch":4,"game":"goal_guard","arena":"quad_court","host":true,"serverLoopMaxMs":23}
{"event":"transition","op":"loaded","state":"loading","epoch":4,"game":"goal_guard","arena":"quad_court","host":false,"serverLoopMaxMs":23}
{"event":"transition","op":"loaded","state":"loading","epoch":4,"game":"goal_guard","arena":"quad_court","host":false,"serverLoopMaxMs":23}
{"event":"transition","op":"loaded","state":"loading","epoch":4,"game":"goal_guard","arena":"quad_court","host":true,"serverLoopMaxMs":23}
{"event":"transition","op":"loaded","state":"playing","epoch":4,"game":"goal_guard","arena":"quad_court","host":false,"serverLoopMaxMs":23}
{"event":"transition","op":"result","state":"results","epoch":4,"game":"goal_guard","arena":"quad_court","host":true,"serverLoopMaxMs":23}
{"event":"room_closed","state":"results","reason":"left","authorityAge":51}
{"humans":4,"status":"PASS","results":[{"carrying_seen":false,"collection_scored":false,"fawda_event_coverage":{},"fawda_worlds":[],"humans":4,"id":1,"matches":4,"moved":false,"reconnected":true,"scores":[0,0,6,9],"snapshots":0,"tournament":{"awards":[0,0,0,0],"champions":[3],"complete":true,"contenders":[3],"cups":[1,1,1,1],"mode":"points","points":[8,7,10,10],"round":3,"target":3,"tie_attempts":1},"world_snapshots":0},{"carrying_seen":false,"collection_scored":false,"fawda_event_coverage":{},"fawda_worlds":[],"humans":4,"id":3,"matches":4,"moved":true,"reconnected":false,"scores":[0,0,6,9],"snapshots":2222,"tournament":{"awards":[0,0,0,0],"champions":[3],"complete":true,"contenders":[3],"cups":[1,1,1,1],"mode":"points","points":[8,7,10,10],"round":3,"target":3,"tie_attempts":1},"world_snapshots":2222},{"carrying_seen":false,"collection_scored":false,"fawda_event_coverage":{},"fawda_worlds":[],"humans":4,"id":2,"matches":4,"moved":false,"reconnected":true,"scores":[0,0,6,9],"snapshots":2203,"tournament":{"awards":[0,0,0,0],"champions":[3],"complete":true,"contenders":[3],"cups":[1,1,1,1],"mode":"points","points":[8,7,10,10],"round":3,"target":3,"tie_attempts":1},"world_snapshots":2203},{"carrying_seen":false,"collection_scored":false,"fawda_event_coverage":{},"fawda_worlds":[],"humans":4,"id":4,"matches":4,"moved":true,"reconnected":false,"scores":[0,0,6,9],"snapshots":2222,"tournament":{"awards":[0,0,0,0],"champions":[3],"complete":true,"contenders":[3],"cups":[1,1,1,1],"mode":"points","points":[8,7,10,10],"round":3,"target":3,"tie_attempts":1},"world_snapshots":2222}]}
{"event":"server_timing","maxMs":23}
