Evidence: /home/runner/work/_temp/kras-network-smoke-ZHyA5o
{"event":"transition","op":"start","state":"loading","epoch":1,"game":"star_rush","arena":"star_meadow","host":true,"serverLoopMaxMs":21}
{"event":"transition","op":"loaded","state":"loading","epoch":1,"game":"star_rush","arena":"star_meadow","host":false,"serverLoopMaxMs":21}
{"event":"transition","op":"loaded","state":"playing","epoch":1,"game":"star_rush","arena":"star_meadow","host":true,"serverLoopMaxMs":21}
{"event":"transition","op":"resume","state":"playing","epoch":1,"game":"star_rush","arena":"star_meadow","host":false,"serverLoopMaxMs":21}
{"event":"transition","op":"loaded","state":"playing","epoch":1,"game":"star_rush","arena":"star_meadow","host":false,"serverLoopMaxMs":21}
{"event":"transition","op":"resume","state":"playing","epoch":1,"game":"star_rush","arena":"star_meadow","host":true,"serverLoopMaxMs":21}
{"event":"transition","op":"loaded","state":"playing","epoch":1,"game":"star_rush","arena":"star_meadow","host":true,"serverLoopMaxMs":21}
{"event":"transition","op":"result","state":"results","epoch":1,"game":"star_rush","arena":"star_meadow","host":true,"serverLoopMaxMs":21}
{"event":"transition","op":"next","state":"loading","epoch":2,"game":"star_rush","arena":"star_meadow","host":true,"serverLoopMaxMs":21}
{"event":"transition","op":"loaded","state":"loading","epoch":2,"game":"star_rush","arena":"star_meadow","host":false,"serverLoopMaxMs":21}
{"event":"transition","op":"loaded","state":"playing","epoch":2,"game":"star_rush","arena":"star_meadow","host":true,"serverLoopMaxMs":21}
{"event":"transition","op":"result","state":"results","epoch":2,"game":"star_rush","arena":"star_meadow","host":true,"serverLoopMaxMs":21}
{"event":"transition","op":"next","state":"loading","epoch":3,"game":"star_rush","arena":"star_meadow","host":true,"serverLoopMaxMs":21}
{"event":"transition","op":"loaded","state":"loading","epoch":3,"game":"star_rush","arena":"star_meadow","host":false,"serverLoopMaxMs":21}
{"event":"transition","op":"loaded","state":"playing","epoch":3,"game":"star_rush","arena":"star_meadow","host":true,"serverLoopMaxMs":21}
{"event":"transition","op":"result","state":"results","epoch":3,"game":"star_rush","arena":"star_meadow","host":true,"serverLoopMaxMs":22}
{"event":"room_closed","state":"results","reason":"left","authorityAge":54}
{"humans":2,"status":"PASS","results":[{"carrying_seen":true,"collection_scored":true,"fawda_event_coverage":{},"fawda_worlds":[],"humans":2,"id":1,"matches":3,"moved":true,"reconnected":true,"scores":[3,6,2,5],"snapshots":0,"tournament":{"awards":[2,5,1,3],"champions":[0],"complete":true,"contenders":[],"cups":[2,1,1,0],"mode":"points","points":[11,8,7,8],"round":3,"target":3,"tie_attempts":0},"world_snapshots":0},{"carrying_seen":true,"collection_scored":true,"fawda_event_coverage":{},"fawda_worlds":[],"humans":2,"id":2,"matches":3,"moved":true,"reconnected":true,"scores":[3,6,2,5],"snapshots":1665,"tournament":{"awards":[2,5,1,3],"champions":[0],"complete":true,"contenders":[],"cups":[2,1,1,0],"mode":"points","points":[11,8,7,8],"round":3,"target":3,"tie_attempts":0},"world_snapshots":1665}]}
{"event":"transition","op":"start","state":"loading","epoch":1,"game":"star_rush","arena":"star_meadow","host":true,"serverLoopMaxMs":22}
{"event":"transition","op":"loaded","state":"loading","epoch":1,"game":"star_rush","arena":"star_meadow","host":false,"serverLoopMaxMs":22}
{"event":"transition","op":"loaded","state":"loading","epoch":1,"game":"star_rush","arena":"star_meadow","host":false,"serverLoopMaxMs":22}
{"event":"transition","op":"loaded","state":"loading","epoch":1,"game":"star_rush","arena":"star_meadow","host":false,"serverLoopMaxMs":22}
{"event":"transition","op":"loaded","state":"playing","epoch":1,"game":"star_rush","arena":"star_meadow","host":true,"serverLoopMaxMs":22}
{"event":"transition","op":"resume","state":"playing","epoch":1,"game":"star_rush","arena":"star_meadow","host":false,"serverLoopMaxMs":23}
{"event":"transition","op":"loaded","state":"playing","epoch":1,"game":"star_rush","arena":"star_meadow","host":false,"serverLoopMaxMs":23}
{"event":"transition","op":"resume","state":"playing","epoch":1,"game":"star_rush","arena":"star_meadow","host":true,"serverLoopMaxMs":23}
{"event":"transition","op":"loaded","state":"playing","epoch":1,"game":"star_rush","arena":"star_meadow","host":true,"serverLoopMaxMs":23}
{"event":"transition","op":"result","state":"results","epoch":1,"game":"star_rush","arena":"star_meadow","host":true,"serverLoopMaxMs":23}
{"event":"transition","op":"next","state":"loading","epoch":2,"game":"star_rush","arena":"star_meadow","host":true,"serverLoopMaxMs":23}
{"event":"transition","op":"loaded","state":"loading","epoch":2,"game":"star_rush","arena":"star_meadow","host":false,"serverLoopMaxMs":23}
{"event":"transition","op":"loaded","state":"loading","epoch":2,"game":"star_rush","arena":"star_meadow","host":false,"serverLoopMaxMs":23}
{"event":"transition","op":"loaded","state":"loading","epoch":2,"game":"star_rush","arena":"star_meadow","host":false,"serverLoopMaxMs":23}
{"event":"transition","op":"loaded","state":"playing","epoch":2,"game":"star_rush","arena":"star_meadow","host":true,"serverLoopMaxMs":23}
{"event":"transition","op":"result","state":"results","epoch":2,"game":"star_rush","arena":"star_meadow","host":true,"serverLoopMaxMs":23}
{"event":"transition","op":"next","state":"loading","epoch":3,"game":"star_rush","arena":"star_meadow","host":true,"serverLoopMaxMs":23}
{"event":"transition","op":"loaded","state":"loading","epoch":3,"game":"star_rush","arena":"star_meadow","host":false,"serverLoopMaxMs":23}
{"event":"transition","op":"loaded","state":"loading","epoch":3,"game":"star_rush","arena":"star_meadow","host":false,"serverLoopMaxMs":23}
{"event":"transition","op":"loaded","state":"loading","epoch":3,"game":"star_rush","arena":"star_meadow","host":false,"serverLoopMaxMs":23}
{"event":"transition","op":"loaded","state":"playing","epoch":3,"game":"star_rush","arena":"star_meadow","host":true,"serverLoopMaxMs":23}
{"event":"transition","op":"result","state":"results","epoch":3,"game":"star_rush","arena":"star_meadow","host":true,"serverLoopMaxMs":23}
{"event":"room_closed","state":"results","reason":"left","authorityAge":49}
{"humans":4,"status":"PASS","results":[{"carrying_seen":true,"collection_scored":true,"fawda_event_coverage":{},"fawda_worlds":[],"humans":4,"id":1,"matches":3,"moved":true,"reconnected":true,"scores":[4,4,5,4],"snapshots":0,"tournament":{"awards":[2,2,5,2],"champions":[2],"complete":true,"contenders":[],"cups":[1,0,2,0],"mode":"points","points":[10,5,12,6],"round":3,"target":3,"tie_attempts":0},"world_snapshots":0},{"carrying_seen":true,"collection_scored":true,"fawda_event_coverage":{},"fawda_worlds":[],"humans":4,"id":4,"matches":3,"moved":true,"reconnected":false,"scores":[4,4,5,4],"snapshots":1684,"tournament":{"awards":[2,2,5,2],"champions":[2],"complete":true,"contenders":[],"cups":[1,0,2,0],"mode":"points","points":[10,5,12,6],"round":3,"target":3,"tie_attempts":0},"world_snapshots":1684},{"carrying_seen":true,"collection_scored":true,"fawda_event_coverage":{},"fawda_worlds":[],"humans":4,"id":3,"matches":3,"moved":true,"reconnected":false,"scores":[4,4,5,4],"snapshots":1684,"tournament":{"awards":[2,2,5,2],"champions":[2],"complete":true,"contenders":[],"cups":[1,0,2,0],"mode":"points","points":[10,5,12,6],"round":3,"target":3,"tie_attempts":0},"world_snapshots":1684},{"carrying_seen":true,"collection_scored":true,"fawda_event_coverage":{},"fawda_worlds":[],"humans":4,"id":2,"matches":3,"moved":true,"reconnected":true,"scores":[4,4,5,4],"snapshots":1665,"tournament":{"awards":[2,2,5,2],"champions":[2],"complete":true,"contenders":[],"cups":[1,0,2,0],"mode":"points","points":[10,5,12,6],"round":3,"target":3,"tie_attempts":0},"world_snapshots":1665}]}
{"event":"server_timing","maxMs":23}
