Godot Engine v4.7.1.stable.official.a13da4feb - https://godotengine.org

[INF][Balance] loaded 10 balance tables
[INF][Registry] registry: 8 characters, 39 games, 34 arenas, 22 powerups
[INF][Platform] platform: desktop, mobile=false, safe=[P: (0, 0), S: (0, 0)]
NETWORK_TIMING={"epoch":0,"max_frame_gap_ms":0,"phase":-1,"running":false,"seed":0,"snapshots":0,"state":""}
NETWORK_ROOM=B5EHT2
NETWORK_TIMING={"epoch":1,"max_frame_gap_ms":529,"phase":2,"running":true,"seed":17,"snapshots":0,"state":"playing"}
NETWORK_HURDLES=[{"can_jump":true,"control":false,"finish":99999,"position":"(-6.825, 1.3, 28.9)","slot":0,"velocity":"(0.0, 0.0, 0.0)"},{"can_jump":true,"control":false,"finish":99999,"position":"(-2.275, 1.3, 28.9)","slot":1,"velocity":"(0.0, 0.0, 0.0)"},{"can_jump":true,"control":false,"finish":99999,"position":"(2.275, 1.3, 28.9)","slot":2,"velocity":"(0.0, 0.0, 0.0)"},{"can_jump":true,"control":false,"finish":99999,"position":"(6.825, 1.3, 28.9)","slot":3,"velocity":"(0.0, 0.0, 0.0)"}]
NETWORK_TIMING={"epoch":1,"max_frame_gap_ms":529,"phase":4,"running":true,"seed":17,"snapshots":0,"state":"playing"}
NETWORK_HURDLES=[{"can_jump":true,"control":true,"finish":99999,"position":"(-6.825, 1.501996, -12.68732)","slot":0,"velocity":"(-0.000004, -4.793335, -9.78)"},{"can_jump":true,"control":true,"finish":99999,"position":"(-2.275, 1.872998, -12.52432)","slot":1,"velocity":"(0.000002, -2.193335, -9.78)"},{"can_jump":true,"control":true,"finish":99999,"position":"(2.275, 1.872998, -12.52432)","slot":2,"velocity":"(-0.000002, -2.193335, -9.78)"},{"can_jump":true,"control":true,"finish":99999,"position":"(6.825, 1.872996, -12.52432)","slot":3,"velocity":"(0.000004, -2.193335, -9.78)"}]
NETWORK_TIMING={"epoch":1,"max_frame_gap_ms":529,"phase":3,"running":true,"seed":17,"snapshots":0,"state":"playing"}
NETWORK_HURDLES=[{"can_jump":true,"control":false,"finish":99999,"position":"(-6.825, 1.3, 28.9)","slot":0,"velocity":"(0.0, 0.0, 0.0)"},{"can_jump":true,"control":false,"finish":99999,"position":"(-2.275, 1.3, 28.9)","slot":1,"velocity":"(0.0, 0.0, 0.0)"},{"can_jump":true,"control":false,"finish":99999,"position":"(2.275, 1.3, 28.9)","slot":2,"velocity":"(0.0, 0.0, 0.0)"},{"can_jump":true,"control":false,"finish":99999,"position":"(6.825, 1.3, 28.9)","slot":3,"velocity":"(0.0, 0.0, 0.0)"}]
NETWORK_TIMING={"epoch":1,"max_frame_gap_ms":529,"phase":6,"running":true,"seed":17,"snapshots":0,"state":"playing"}
NETWORK_HURDLES=[{"can_jump":true,"control":false,"finish":705,"position":"(-6.825, 1.581802, -27.73971)","slot":0,"velocity":"(0.0, 0.0, 0.0)"},{"can_jump":true,"control":false,"finish":708,"position":"(-2.275, 1.719952, -27.42827)","slot":1,"velocity":"(0.0, 0.0, 0.0)"},{"can_jump":true,"control":false,"finish":707,"position":"(2.275, 1.654508, -27.58642)","slot":2,"velocity":"(0.0, 0.0, 0.0)"},{"can_jump":true,"control":false,"finish":707,"position":"(6.825, 1.65447, -27.58642)","slot":3,"velocity":"(0.0, 0.0, 0.0)"}]
WARNING: [WRN][Net] online transport lost: socket_1000
     at: push_warning (core/variant/variant_utility.cpp:1033)
     GDScript backtrace (most recent call first):
         [0] _write (res://src/core/logger.gd:75)
         [1] w (res://src/core/logger.gd:34)
         [2] _transport_lost (res://src/net/net_service.gd:482)
         [3] _process (res://src/net/room_client.gd:88)
NETWORK_ROUND={"arena":"hurdle_track","epoch":1,"game":"hurdle_dash","moved":true,"scores":[1405,1410,1409,1409],"spectator":false}
NETWORK_FINISHED={"arena_history":["hurdle_track"],"carrying_seen":false,"collection_scored":false,"fawda_event_coverage":{},"fawda_worlds":[],"humans":4,"id":1,"matches":1,"moved":true,"reconnected":true,"scores":[1405,1410,1409,1409],"snapshots":0,"tournament":{},"tournament_rotation":"random_no_repeat","world_snapshots":0}
