Godot Engine v4.7.1.stable.official.a13da4feb - https://godotengine.org

[INF][Balance] loaded 10 balance tables
[INF][Registry] registry: 8 characters, 39 games, 34 arenas, 22 powerups
[INF][Platform] platform: desktop, mobile=false, safe=[P: (0, 0), S: (0, 0)]

KRAS PASS test suite — Godot 4.7.1-stable (official), macOS

── hurdle boundaries and finish lifecycle ──────────────────────
  ✗ hurdle boundaries and finish lifecycle / : rows 1 lane 3 has the same physical hurdle burden (got 0, expected 1)
  ✗ hurdle boundaries and finish lifecycle / : rows 2 lane 2 has the same physical hurdle burden (got 1, expected 2)
  ✗ hurdle boundaries and finish lifecycle / : rows 2 lane 3 has the same physical hurdle burden (got 1, expected 2)
  ✗ hurdle boundaries and finish lifecycle / : rows 3 lane 1 has the same physical hurdle burden (got 2, expected 3)
  ✗ hurdle boundaries and finish lifecycle / : rows 3 lane 2 has the same physical hurdle burden (got 2, expected 3)
  ✗ hurdle boundaries and finish lifecycle / : rows 3 lane 3 has the same physical hurdle burden (got 2, expected 3)
  ✗ hurdle boundaries and finish lifecycle / : rows 5 lane 3 has the same physical hurdle burden (got 3, expected 4)
  ✗ hurdle boundaries and finish lifecycle / : rows 6 lane 2 has the same physical hurdle burden (got 4, expected 5)
  ✗ hurdle boundaries and finish lifecycle / : rows 6 lane 3 has the same physical hurdle burden (got 4, expected 5)
  ✗ hurdle boundaries and finish lifecycle / : rows 7 lane 1 has the same physical hurdle burden (got 5, expected 6)
  ✗ hurdle boundaries and finish lifecycle / : rows 7 lane 2 has the same physical hurdle burden (got 5, expected 6)
  ✗ hurdle boundaries and finish lifecycle / : rows 7 lane 3 has the same physical hurdle burden (got 5, expected 6)
  ✗ hurdle boundaries and finish lifecycle / : rows 9 lane 3 has the same physical hurdle burden (got 6, expected 7)
  ✗ hurdle boundaries and finish lifecycle / : rows 10 lane 2 has the same physical hurdle burden (got 7, expected 8)
  ✗ hurdle boundaries and finish lifecycle / : rows 10 lane 3 has the same physical hurdle burden (got 7, expected 8)
  ✗ hurdle boundaries and finish lifecycle / : rows 11 lane 1 has the same physical hurdle burden (got 8, expected 9)
  ✗ hurdle boundaries and finish lifecycle / : rows 11 lane 2 has the same physical hurdle burden (got 8, expected 9)
  ✗ hurdle boundaries and finish lifecycle / : rows 11 lane 3 has the same physical hurdle burden (got 8, expected 9)

finished in 2.3s

════════════════════════════════════════════════════════════════
FAILED — 56 passed, 18 failed
   ✗ hurdle boundaries and finish lifecycle / : rows 1 lane 3 has the same physical hurdle burden (got 0, expected 1)
   ✗ hurdle boundaries and finish lifecycle / : rows 2 lane 2 has the same physical hurdle burden (got 1, expected 2)
   ✗ hurdle boundaries and finish lifecycle / : rows 2 lane 3 has the same physical hurdle burden (got 1, expected 2)
   ✗ hurdle boundaries and finish lifecycle / : rows 3 lane 1 has the same physical hurdle burden (got 2, expected 3)
   ✗ hurdle boundaries and finish lifecycle / : rows 3 lane 2 has the same physical hurdle burden (got 2, expected 3)
   ✗ hurdle boundaries and finish lifecycle / : rows 3 lane 3 has the same physical hurdle burden (got 2, expected 3)
   ✗ hurdle boundaries and finish lifecycle / : rows 5 lane 3 has the same physical hurdle burden (got 3, expected 4)
   ✗ hurdle boundaries and finish lifecycle / : rows 6 lane 2 has the same physical hurdle burden (got 4, expected 5)
   ✗ hurdle boundaries and finish lifecycle / : rows 6 lane 3 has the same physical hurdle burden (got 4, expected 5)
   ✗ hurdle boundaries and finish lifecycle / : rows 7 lane 1 has the same physical hurdle burden (got 5, expected 6)
   ✗ hurdle boundaries and finish lifecycle / : rows 7 lane 2 has the same physical hurdle burden (got 5, expected 6)
   ✗ hurdle boundaries and finish lifecycle / : rows 7 lane 3 has the same physical hurdle burden (got 5, expected 6)
   ✗ hurdle boundaries and finish lifecycle / : rows 9 lane 3 has the same physical hurdle burden (got 6, expected 7)
   ✗ hurdle boundaries and finish lifecycle / : rows 10 lane 2 has the same physical hurdle burden (got 7, expected 8)
   ✗ hurdle boundaries and finish lifecycle / : rows 10 lane 3 has the same physical hurdle burden (got 7, expected 8)
   ✗ hurdle boundaries and finish lifecycle / : rows 11 lane 1 has the same physical hurdle burden (got 8, expected 9)
   ✗ hurdle boundaries and finish lifecycle / : rows 11 lane 2 has the same physical hurdle burden (got 8, expected 9)
   ✗ hurdle boundaries and finish lifecycle / : rows 11 lane 3 has the same physical hurdle burden (got 8, expected 9)
════════════════════════════════════════════════════════════════
