Evidence: /home/runner/work/_temp/kras-network-smoke-vIDveq
{"event":"transition","op":"start","state":"loading","epoch":1,"game":"ring_rumble","arena":"vortex_ring","host":true,"serverLoopMaxMs":22}
{"event":"transition","op":"loaded","state":"loading","epoch":1,"game":"ring_rumble","arena":"vortex_ring","host":false,"serverLoopMaxMs":22}
{"event":"transition","op":"loaded","state":"playing","epoch":1,"game":"ring_rumble","arena":"vortex_ring","host":true,"serverLoopMaxMs":22}
{"event":"transition","op":"resume","state":"playing","epoch":1,"game":"ring_rumble","arena":"vortex_ring","host":false,"serverLoopMaxMs":22}
{"event":"transition","op":"loaded","state":"playing","epoch":1,"game":"ring_rumble","arena":"vortex_ring","host":false,"serverLoopMaxMs":22}
{"event":"transition","op":"resume","state":"playing","epoch":1,"game":"ring_rumble","arena":"vortex_ring","host":true,"serverLoopMaxMs":22}
{"event":"transition","op":"loaded","state":"playing","epoch":1,"game":"ring_rumble","arena":"vortex_ring","host":true,"serverLoopMaxMs":22}
{"event":"transition","op":"result","state":"results","epoch":1,"game":"ring_rumble","arena":"vortex_ring","host":true,"serverLoopMaxMs":22}
{"event":"transition","op":"next","state":"loading","epoch":2,"game":"ring_rumble","arena":"storm_ring","host":true,"serverLoopMaxMs":22}
{"event":"transition","op":"loaded","state":"loading","epoch":2,"game":"ring_rumble","arena":"storm_ring","host":false,"serverLoopMaxMs":22}
{"event":"transition","op":"loaded","state":"playing","epoch":2,"game":"ring_rumble","arena":"storm_ring","host":true,"serverLoopMaxMs":22}
{"event":"transition","op":"result","state":"results","epoch":2,"game":"ring_rumble","arena":"storm_ring","host":true,"serverLoopMaxMs":22}
{"event":"transition","op":"next","state":"loading","epoch":3,"game":"ring_rumble","arena":"storm_ring","host":true,"serverLoopMaxMs":22}
{"event":"transition","op":"loaded","state":"loading","epoch":3,"game":"ring_rumble","arena":"storm_ring","host":false,"serverLoopMaxMs":22}
{"event":"transition","op":"loaded","state":"playing","epoch":3,"game":"ring_rumble","arena":"storm_ring","host":true,"serverLoopMaxMs":22}
{"event":"transition","op":"result","state":"results","epoch":3,"game":"ring_rumble","arena":"storm_ring","host":true,"serverLoopMaxMs":22}
{"event":"transition","op":"next","state":"loading","epoch":4,"game":"ring_rumble","arena":"vortex_ring","host":true,"serverLoopMaxMs":22}
{"event":"transition","op":"loaded","state":"loading","epoch":4,"game":"ring_rumble","arena":"vortex_ring","host":false,"serverLoopMaxMs":22}
{"event":"transition","op":"loaded","state":"playing","epoch":4,"game":"ring_rumble","arena":"vortex_ring","host":true,"serverLoopMaxMs":22}
{"event":"transition","op":"result","state":"results","epoch":4,"game":"ring_rumble","arena":"vortex_ring","host":true,"serverLoopMaxMs":22}
{"event":"transition","op":"next","state":"loading","epoch":5,"game":"ring_rumble","arena":"vortex_ring","host":true,"serverLoopMaxMs":22}
{"event":"transition","op":"loaded","state":"loading","epoch":5,"game":"ring_rumble","arena":"vortex_ring","host":false,"serverLoopMaxMs":22}
{"event":"transition","op":"loaded","state":"playing","epoch":5,"game":"ring_rumble","arena":"vortex_ring","host":true,"serverLoopMaxMs":22}
{"event":"transition","op":"result","state":"results","epoch":5,"game":"ring_rumble","arena":"vortex_ring","host":true,"serverLoopMaxMs":22}
{"event":"transition","op":"next","state":"loading","epoch":6,"game":"ring_rumble","arena":"storm_ring","host":true,"serverLoopMaxMs":22}
{"event":"transition","op":"loaded","state":"loading","epoch":6,"game":"ring_rumble","arena":"storm_ring","host":false,"serverLoopMaxMs":22}
{"event":"transition","op":"loaded","state":"playing","epoch":6,"game":"ring_rumble","arena":"storm_ring","host":true,"serverLoopMaxMs":22}
{"event":"transition","op":"result","state":"results","epoch":6,"game":"ring_rumble","arena":"storm_ring","host":true,"serverLoopMaxMs":22}
{"event":"room_closed","state":"results","reason":"left","authorityAge":19}
{"humans":2,"status":"PASS","results":[{"carrying_seen":false,"collection_scored":false,"fawda_event_coverage":{},"fawda_worlds":[],"humans":2,"id":1,"matches":6,"moved":true,"reconnected":true,"scores":[8,8,8,8],"snapshots":0,"tournament":{"awards":[0,0,0,0],"champions":[0,1,2,3],"complete":true,"contenders":[0,1,2,3],"cups":[3,3,3,3],"mode":"points","points":[9,9,9,9],"round":3,"target":3,"tie_attempts":3},"world_snapshots":0},{"carrying_seen":false,"collection_scored":false,"fawda_event_coverage":{},"fawda_worlds":[],"humans":2,"id":2,"matches":6,"moved":true,"reconnected":true,"scores":[8,8,8,8],"snapshots":1965,"tournament":{"awards":[0,0,0,0],"champions":[0,1,2,3],"complete":true,"contenders":[0,1,2,3],"cups":[3,3,3,3],"mode":"points","points":[9,9,9,9],"round":3,"target":3,"tie_attempts":3},"world_snapshots":0}]}
{"event":"transition","op":"start","state":"loading","epoch":1,"game":"ring_rumble","arena":"vortex_ring","host":true,"serverLoopMaxMs":22}
{"event":"transition","op":"loaded","state":"loading","epoch":1,"game":"ring_rumble","arena":"vortex_ring","host":false,"serverLoopMaxMs":23}
{"event":"transition","op":"loaded","state":"loading","epoch":1,"game":"ring_rumble","arena":"vortex_ring","host":true,"serverLoopMaxMs":23}
{"event":"transition","op":"loaded","state":"loading","epoch":1,"game":"ring_rumble","arena":"vortex_ring","host":false,"serverLoopMaxMs":23}
{"event":"transition","op":"loaded","state":"playing","epoch":1,"game":"ring_rumble","arena":"vortex_ring","host":false,"serverLoopMaxMs":23}
{"event":"transition","op":"resume","state":"playing","epoch":1,"game":"ring_rumble","arena":"vortex_ring","host":false,"serverLoopMaxMs":23}
{"event":"transition","op":"loaded","state":"playing","epoch":1,"game":"ring_rumble","arena":"vortex_ring","host":false,"serverLoopMaxMs":23}
{"event":"transition","op":"resume","state":"playing","epoch":1,"game":"ring_rumble","arena":"vortex_ring","host":true,"serverLoopMaxMs":23}
{"event":"transition","op":"loaded","state":"playing","epoch":1,"game":"ring_rumble","arena":"vortex_ring","host":true,"serverLoopMaxMs":23}
{"event":"transition","op":"result","state":"results","epoch":1,"game":"ring_rumble","arena":"vortex_ring","host":true,"serverLoopMaxMs":23}
{"event":"transition","op":"next","state":"loading","epoch":2,"game":"ring_rumble","arena":"storm_ring","host":true,"serverLoopMaxMs":23}
{"event":"transition","op":"loaded","state":"loading","epoch":2,"game":"ring_rumble","arena":"storm_ring","host":false,"serverLoopMaxMs":23}
{"event":"transition","op":"loaded","state":"loading","epoch":2,"game":"ring_rumble","arena":"storm_ring","host":false,"serverLoopMaxMs":23}
{"event":"transition","op":"loaded","state":"loading","epoch":2,"game":"ring_rumble","arena":"storm_ring","host":false,"serverLoopMaxMs":23}
{"event":"transition","op":"loaded","state":"playing","epoch":2,"game":"ring_rumble","arena":"storm_ring","host":true,"serverLoopMaxMs":23}
{"event":"transition","op":"result","state":"results","epoch":2,"game":"ring_rumble","arena":"storm_ring","host":true,"serverLoopMaxMs":23}
{"event":"transition","op":"next","state":"loading","epoch":3,"game":"ring_rumble","arena":"storm_ring","host":true,"serverLoopMaxMs":23}
{"event":"transition","op":"loaded","state":"loading","epoch":3,"game":"ring_rumble","arena":"storm_ring","host":false,"serverLoopMaxMs":23}
{"event":"transition","op":"loaded","state":"loading","epoch":3,"game":"ring_rumble","arena":"storm_ring","host":false,"serverLoopMaxMs":23}
{"event":"transition","op":"loaded","state":"loading","epoch":3,"game":"ring_rumble","arena":"storm_ring","host":false,"serverLoopMaxMs":23}
{"event":"transition","op":"loaded","state":"playing","epoch":3,"game":"ring_rumble","arena":"storm_ring","host":true,"serverLoopMaxMs":23}
{"event":"transition","op":"result","state":"results","epoch":3,"game":"ring_rumble","arena":"storm_ring","host":true,"serverLoopMaxMs":23}
{"event":"transition","op":"next","state":"loading","epoch":4,"game":"ring_rumble","arena":"vortex_ring","host":true,"serverLoopMaxMs":23}
{"event":"transition","op":"loaded","state":"loading","epoch":4,"game":"ring_rumble","arena":"vortex_ring","host":false,"serverLoopMaxMs":23}
{"event":"transition","op":"loaded","state":"loading","epoch":4,"game":"ring_rumble","arena":"vortex_ring","host":false,"serverLoopMaxMs":23}
{"event":"transition","op":"loaded","state":"loading","epoch":4,"game":"ring_rumble","arena":"vortex_ring","host":true,"serverLoopMaxMs":23}
{"event":"transition","op":"loaded","state":"playing","epoch":4,"game":"ring_rumble","arena":"vortex_ring","host":false,"serverLoopMaxMs":23}
{"event":"transition","op":"result","state":"results","epoch":4,"game":"ring_rumble","arena":"vortex_ring","host":true,"serverLoopMaxMs":23}
{"event":"transition","op":"next","state":"loading","epoch":5,"game":"ring_rumble","arena":"vortex_ring","host":true,"serverLoopMaxMs":23}
{"event":"transition","op":"loaded","state":"loading","epoch":5,"game":"ring_rumble","arena":"vortex_ring","host":false,"serverLoopMaxMs":23}
{"event":"transition","op":"loaded","state":"loading","epoch":5,"game":"ring_rumble","arena":"vortex_ring","host":false,"serverLoopMaxMs":23}
{"event":"transition","op":"loaded","state":"loading","epoch":5,"game":"ring_rumble","arena":"vortex_ring","host":false,"serverLoopMaxMs":23}
{"event":"transition","op":"loaded","state":"playing","epoch":5,"game":"ring_rumble","arena":"vortex_ring","host":true,"serverLoopMaxMs":23}
{"event":"transition","op":"result","state":"results","epoch":5,"game":"ring_rumble","arena":"vortex_ring","host":true,"serverLoopMaxMs":23}
{"event":"transition","op":"next","state":"loading","epoch":6,"game":"ring_rumble","arena":"storm_ring","host":true,"serverLoopMaxMs":23}
{"event":"transition","op":"loaded","state":"loading","epoch":6,"game":"ring_rumble","arena":"storm_ring","host":false,"serverLoopMaxMs":23}
{"event":"transition","op":"loaded","state":"loading","epoch":6,"game":"ring_rumble","arena":"storm_ring","host":false,"serverLoopMaxMs":23}
{"event":"transition","op":"loaded","state":"loading","epoch":6,"game":"ring_rumble","arena":"storm_ring","host":false,"serverLoopMaxMs":23}
{"event":"transition","op":"loaded","state":"playing","epoch":6,"game":"ring_rumble","arena":"storm_ring","host":true,"serverLoopMaxMs":23}
{"event":"transition","op":"result","state":"results","epoch":6,"game":"ring_rumble","arena":"storm_ring","host":true,"serverLoopMaxMs":23}
{"event":"room_closed","state":"results","reason":"left","authorityAge":17}
{"humans":4,"status":"PASS","results":[{"carrying_seen":false,"collection_scored":false,"fawda_event_coverage":{},"fawda_worlds":[],"humans":4,"id":1,"matches":6,"moved":true,"reconnected":true,"scores":[8,8,8,8],"snapshots":0,"tournament":{"awards":[0,0,0,0],"champions":[0,1,2,3],"complete":true,"contenders":[0,1,2,3],"cups":[3,3,3,3],"mode":"points","points":[9,9,9,9],"round":3,"target":3,"tie_attempts":3},"world_snapshots":0},{"carrying_seen":false,"collection_scored":false,"fawda_event_coverage":{},"fawda_worlds":[],"humans":4,"id":2,"matches":6,"moved":true,"reconnected":true,"scores":[8,8,8,8],"snapshots":1965,"tournament":{"awards":[0,0,0,0],"champions":[0,1,2,3],"complete":true,"contenders":[0,1,2,3],"cups":[3,3,3,3],"mode":"points","points":[9,9,9,9],"round":3,"target":3,"tie_attempts":3},"world_snapshots":0},{"carrying_seen":false,"collection_scored":false,"fawda_event_coverage":{},"fawda_worlds":[],"humans":4,"id":4,"matches":6,"moved":true,"reconnected":false,"scores":[8,8,8,8],"snapshots":1984,"tournament":{"awards":[0,0,0,0],"champions":[0,1,2,3],"complete":true,"contenders":[0,1,2,3],"cups":[3,3,3,3],"mode":"points","points":[9,9,9,9],"round":3,"target":3,"tie_attempts":3},"world_snapshots":0},{"carrying_seen":false,"collection_scored":false,"fawda_event_coverage":{},"fawda_worlds":[],"humans":4,"id":3,"matches":6,"moved":true,"reconnected":false,"scores":[8,8,8,8],"snapshots":1984,"tournament":{"awards":[0,0,0,0],"champions":[0,1,2,3],"complete":true,"contenders":[0,1,2,3],"cups":[3,3,3,3],"mode":"points","points":[9,9,9,9],"round":3,"target":3,"tie_attempts":3},"world_snapshots":0}]}
{"event":"server_timing","maxMs":23}
