
> test
> node --test

✔ fresh database reaches schema 2 with expiry indexes (10.893167ms)
✔ legacy schema migration preserves owner, sessions and challenge then reopens idempotently (41.411625ms)
✔ schema 1 upgrades indexes without changing stored data (23.029375ms)
✔ future schema is rejected without downgrading or changing contents (17.809ms)
✔ negative schema version is rejected without rewriting the database (11.587208ms)
✔ partial legacy schema is rejected without creating missing account tables (2.095083ms)
✔ foreign-key damage refuses migration and preserves diagnostic source (14.222042ms)
✔ migration error rolls back both version and earlier DDL (10.604917ms)
✔ existing index with incompatible definition refuses migration and rolls back (11.189084ms)
✔ current version with missing index fails rather than silently accepting damaged schema (8.030833ms)
✔ incompatible legacy columns fail without altering account rows or schema (17.346084ms)
✔ deletion requires matching Apple subject and removes every account session (7.1715ms)
✔ owner binding persists by subject, ordinary accounts stay locked, nonce cannot replay (1.604917ms)
✔ expired challenge is denied (0.773917ms)
✔ Apple signature, audience, issuer, nonce, expiry and verified email are enforced (181.265542ms)
✔ armed race world bounds inventory hazards and inherited progress (13.861125ms)
✔ actual Godot armed-race capture satisfies server schema (1.133791ms)
✔ restore audit includes uncheckpointed account WAL and leaves live data unchanged (37.13625ms)
✔ audit refuses missing, relative and corrupt source files without creating a database (3.432041ms)
✔ audit rejects foreign-key damage and unrelated SQLite schemas (16.294458ms)
✔ audit compares one WAL snapshot while the service continues writing (20.194084ms)
✔ complete campaign counts actual qualified matches but does not certify release (2.917708ms)
✔ partial campaign names missing games explicitly (3.848583ms)
✔ warnings survive aggregation instead of becoming green readiness (0.190583ms)
✔ rejects campaign missing start (0.122084ms)
✔ rejects campaign missing end (0.088583ms)
✔ rejects campaign short fingerprint (0.066708ms)
✔ rejects campaign non-hex fingerprint (0.05625ms)
✔ rejects campaign changed source (0.050333ms)
✔ rejects campaign different source across games (0.090125ms)
✔ rejects campaign missing engine (0.186791ms)
✔ rejects campaign wrong engine (0.154708ms)
✔ source pin cannot be replaced by an internally consistent different fingerprint (0.118791ms)
✔ matching explicit source pin remains accepted without declaring release readiness (0.108625ms)
✔ empty partial evidence does not invent a verified engine or source (0.072209ms)
✔ rejects invalid expected fingerprint  (1.99225ms)
✔ rejects invalid expected fingerprint 1 (0.128541ms)
✔ rejects invalid expected fingerprint short (0.079875ms)
✔ rejects invalid expected fingerprint zzzzzzzzzzzzzzzzzzzzzzzzzzzzzzzzzzzzzzzzzzzzzzzzzzzzzzzzzzzzzzzz (0.054625ms)
✔ rejects invalid expected engine  (0.087042ms)
✔ rejects invalid expected engine   (0.049292ms)
✔ rejects invalid expected engine null (0.05025ms)
✔ rejects invalid expected engine 4.7 (0.056209ms)
✔ rejects wrong source (0.120125ms)
✔ rejects wrong checkout (0.184334ms)
✔ rejects mixed run (0.131917ms)
✔ rejects clipped window (0.0875ms)
✔ rejects incomplete baseline (0.082791ms)
✔ rejects incomplete difficulty (0.224916ms)
✔ rejects failed smoke (0.082041ms)
✔ rejects critical flag (0.067625ms)
✔ rejects unlabelled warning (0.132375ms)
✔ rejects malformed warning (0.0815ms)
✔ rejects wrong game (0.066833ms)
✔ rejects invalid wins (8.7605ms)
✔ independent campaign records offset and still verifies matched pairs (0.790375ms)
✔ rejects independent campaign source offset (0.233666ms)
✔ rejects independent campaign report offset (0.113416ms)
✔ rejects independent campaign game offset (0.09025ms)
✔ rejects independent campaign baseline missing (0.122ms)
✔ rejects independent campaign baseline replayed (0.090291ms)
✔ rejects independent campaign mutator replayed (0.126041ms)
✔ rejects independent campaign chaos missing (0.095ms)
✔ rejects independent campaign both difficulty seeds replayed (0.103458ms)
✔ rejects invalid expected seed offset -1 (0.082917ms)
✔ rejects invalid expected seed offset 1.5 (0.045375ms)
✔ rejects invalid expected seed offset 1000000001 (0.051833ms)
✔ rejects invalid expected seed offset NaN (0.043458ms)
✔ rejects invalid expected seed offset Infinity (0.04125ms)
✔ rejects duplicate reports even in partial mode (0.093958ms)
✔ rejects unregistered source and invalid expected identity (0.489ms)
✔ boss completion requires explicit seeded objective evidence (0.573417ms)
✔ rejects boss evidence missing outcomes (0.206125ms)
✔ rejects boss evidence missing counter (0.1705ms)
✔ rejects boss evidence negative counter (0.128208ms)
✔ rejects boss evidence fractional counter (0.123041ms)
✔ rejects boss evidence string counter (0.106292ms)
✔ rejects boss evidence counter mismatch (0.124667ms)
✔ rejects boss evidence short outcomes (0.094542ms)
✔ rejects boss evidence duplicate seed (0.104333ms)
✔ rejects boss evidence wrong seed (0.104209ms)
✔ rejects boss evidence malformed outcome (0.1005ms)
✔ rejects boss evidence unknown objective (0.428417ms)
✔ rejects boss evidence invalid objective (0.16275ms)
✔ surviving every boss match requires a retained review warning (0.356125ms)
✔ boss outcomes must use the configured independent campaign offset (0.3575ms)
✔ rejects boss comparison missing difficulty outcome (0.212ms)
✔ rejects boss comparison unknown difficulty outcome (0.127458ms)
✔ rejects boss comparison null difficulty sample (0.14025ms)
✔ rejects boss comparison missing mutated outcome (0.134375ms)
✔ rejects boss comparison unknown chaos outcome (0.796125ms)
✔ rejects boss comparison invalid mutated outcome (0.227541ms)
✔ paired campaign verifies all roster members and adjusted match counts (0.128875ms)
✔ legacy evidence stays explicitly unpaired and cannot qualify a paired campaign (0.108875ms)
✔ rejects mismatched paired world seed (0.113792ms)
✔ rejects mismatched paired character (0.099959ms)
✔ rejects mismatched paired seat orientation (0.102209ms)
✔ rejects mismatched paired completion (0.091834ms)
✔ rejects mismatched paired roster coverage (0.085625ms)
✔ later clean recheck cannot erase an earlier current warning (3.495916ms)
✔ clean current evidence still requires device review and attestation (1.024042ms)
✔ stale or mid-run changed sources are retained but cannot qualify (0.273084ms)
✔ incomplete current warning remains visible instead of being dropped (0.279834ms)
✔ bad flags, severity, engine, mode and difficulty fail eligibility (0.363625ms)
✔ duplicate reports and unknown or duplicate games are rejected (0.745834ms)
✔ overlapping seeds are retained separately without invented match totals (2.38ms)
✔ empty evidence cannot claim balance or release readiness (0.438208ms)
✔ CLI reads the actual catalogue and pins the current checkout itself (536.202ms)
✔ source fingerprint matches the engine path/hash/newline contract (11.083417ms)
✔ nested gameplay edits change the pin but ignored files do not (11.947834ms)
✔ each engine-qualified extension and project settings affects the pin (27.649166ms)
✔ missing required roots and symlinks fail closed (4.49125ms)
✔ campaign summary pins evidence to its actual checked-out source (2.085708ms)
✔ blast world validates bounded host state and terminal detonation (2.179542ms)
✔ bumper world bounds five visual scales and hit serials (1.316125ms)
✔ color world requires a complete bounded quilt, call and phase (9.165791ms)
✔ colossus world bounds poses, holes, identity and authority state (6.334708ms)
✔ actual Godot colossus slam and arm hit satisfy server schema (3.294625ms)
✔ crate worlds bound identities, types, feedback and lab-only projectiles (2.532417ms)
✔ crate event lanes retain mixed kinds and reject incoherent or excessive history (0.660042ms)
✔ draw world validates bounded host decisions without hidden timing (2.47325ms)
✔ dreadnought schema bounds boss state and every visible world object (5.988542ms)
✔ actual Godot dreadnought capture satisfies server schema (0.525666ms)
✔ duel world bounds lives and damage to the authoritative roster (1.524833ms)
✔ duo world binds team points, lives and hazards to the selected arena (2.197792ms)
✔ echo publishes only the visible cue with consistent bounded progress (2.150458ms)
✔ recorded fawda standings restore the actual two-contender final (5.919875ms)
✔ checkpoint cannot silently replace an unrelated or started match (1.990541ms)
✔ early final does not invent an explosion, but world agreement is mandatory (2.231333ms)
✔ ordinary campaigns still require each real ordnance event (0.573458ms)
✔ agreement checks reject lost events, altered fuses, carriers and bombs (1.590167ms)
✔ missing match history and a noncontender champion cannot pass (9.690625ms)
✔ decimal JSON round-trip noise is not a changed physical position (0.364208ms)
✔ fawda bounds visible bombs carrying and sampled event generations (2.576833ms)
✔ floe world bounds all three platform positions and motion age (1.312667ms)
✔ forge schema rejects incomplete or inconsistent boss and object presentation (4.170583ms)
✔ actual Godot forge capture satisfies server schema (1.629292ms)
✔ kart result range preserves unfinished progress and summed rounds without widening arena scores (1.623709ms)
✔ kart tournament ranks unfinished racers behind finishers using real score encoding (2.297625ms)
✔ hurdle world bounds finish times by observed elapsed clock (5.15075ms)
✔ kart world bounds course progress finishing rescue and per-player boost state (7.685958ms)
✔ lab budgets cover authored rounds, bounded finals and every CI peer group (2.019625ms)
✔ network timing separates handler work from scheduler stalls without payloads (2.549459ms)
✔ network timing bounds samples while retaining the worst later stall (0.27825ms)
✔ operation CPU stays associated with its actual worst wall sample (0.220958ms)
✔ diagnostic operation cardinality is bounded without dropping known samples (0.232917ms)
✔ kart fixture budgets all ordinary races and bounded contender finals (1.3115ms)
✔ colossus room validates host authority and restores carved world and result on resume (6.606875ms)
✔ sovereign room validates host world and restores identity, world and result on resume (1.411125ms)
✔ dreadnought room validates host world and restores identity and result on resume (1.218417ms)
✔ forge room validates host state and restores identity, world and result on resume (1.370458ms)
✔ boss_forge tournament resolves final without changing ordinary points or cups (1.744708ms)
✔ boss_dreadnought tournament resolves final without changing ordinary points or cups (1.040333ms)
✔ boss_sovereign tournament resolves final without changing ordinary points or cups (1.887875ms)
✔ boss_colossus tournament resolves final without changing ordinary points or cups (1.033542ms)
✔ siege rooms bind both arenas and preserve host crystal state on resume (3.097ms)
✔ siege tournament rotates both arenas and final awards no extra points or cups (1.610292ms)
✔ wall clock adjustments cannot expire a live room (0.293417ms)
✔ diagnostic seeds are server-injected and clients cannot override them (0.407584ms)
✔ closed-room inputs drain briefly without granting authority to detached clients (0.687291ms)
✔ joining another room clears the closed-room input drain allowance (0.3215ms)
✔ goal guard enforces its arena and complete world snapshots (0.736834ms)
✔ blast room rejects missing fuse, invalid arena and non-host snapshots (0.641959ms)
✔ echo room accepts only host public cues and consistent progress (0.794833ms)
✔ crate rooms require their arena and host snapshots with game-specific weapons (1.647125ms)
✔ draw room relays host decisions and rejects hidden timing or client authority (0.624458ms)
✔ color room requires host-owned palette and called color (0.975459ms)
✔ crumble room relays only complete host-owned floor state (0.792333ms)
✔ sky room requires bounded bank and warning state (0.645208ms)
✔ storm room relays turbine state and rejects missing or excessive state (0.544084ms)
✔ magnet rooms require both ball state and bounded magnet ownership (0.478583ms)
✔ zone hold requires host capture state and rejects malformed updates (0.397708ms)
✔ relic match requires world state and bounds carrier to roster (0.426958ms)
✔ tag match requires bounded authoritative hunter role (0.355292ms)
✔ paint games relay complete ownership and reject invalid grids (1.465167ms)
✔ collection games reject absent or wrong-kind world state (0.740375ms)
✔ relay room accepts only host cargo with its authored arena (0.469916ms)
✔ bumper rooms require five bounded host-owned barriers (0.842584ms)
✔ kart rooms bind host laps and course geometry and preserve race state on resume (2.8775ms)
✔ kart tournament final snapshots use one lap instead of the lobby lap limit (0.981667ms)
✔ armed race rooms bind all authored courses, host laps and resumed weapon state (21.4745ms)
✔ armed race tournament final binds one lap and cannot award extra cups (1.096375ms)
✔ fawda rooms require bounded host bomb state on both maps and preserve it on resume (1.465333ms)
✔ scrap rooms validate host health and preserve collision baseline on resume (0.792708ms)
✔ ATV rooms require host-owned armor ammo crates and shell generations on each map (2.148208ms)
✔ turret rooms require host-owned launch generations and combat meters (0.775417ms)
✔ floe rooms require bounded host-owned platforms on each authored arena (1.072042ms)
✔ duo rooms bind team snapshots to each authored arena (1.408541ms)
✔ duel rooms validate host lives and damage (0.499833ms)
✔ sweeper rooms require all three host-owned arm angles (0.5295ms)
✔ tide rooms accept only host water state on the authored arena (0.536625ms)
✔ hurdle rooms validate host times and award the fastest tournament runner (0.641042ms)
✔ tournament snapshots follow the current game rather than the lobby default (0.295333ms)
✔ private codes, public discovery, four players, no leaked tokens (0.459042ms)
✔ host controls, readiness invalidation, load barrier, authoritative results (0.75ms)
✔ reconnect preserves identity and grace, rejects impersonation and expired tokens (0.237542ms)
✔ host loss expires without fabricated winner, kick invalidates token (0.180083ms)
✔ incompatible protocols cannot create, join or resume a room (0.606125ms)
✔ protocol/config validation and bounded room resources (0.208416ms)
✔ rejoining a lobby reuses only a vacant slot (0.228ms)
✔ resuming after returning to lobby cannot replay an old result (0.203709ms)
✔ disconnected host receives the full reconnect grace, not snapshot age (0.135542ms)
✔ loading and silent-authority watchdogs terminate without a result (0.139625ms)
✔ four-peer mixed playlist advances game contracts and restores tournament identity (1.938791ms)
✔ online tournament keeps roster, requires ready between rounds and reconnects standings (0.893ms)
✔ online tournament rejects unavailable games and malformed point tables (0.139416ms)
✔ host can configure independent random tournament rotation without bypassing readiness (0.281125ms)
✔ real WebSocket match, reconnect and closed-room input drain (45.450125ms)
✔ independent scheduling probe starts, reports and exits without room payloads (132.232875ms)
✔ scrap world bounds health maximum impact position and wreck feedback by roster (2.163917ms)
✔ siege schema bounds roster-ordered base health animation and feedback (1.624666ms)
✔ actual Godot siege capture satisfies server schema (0.518375ms)
✔ sovereign schema bounds phases, shields, recovery and visible objects (8.573167ms)
✔ actual Godot sovereign capture satisfies server schema (0.793458ms)
✔ sweeper world contains exactly three finite bounded arm angles (1.319125ms)
✔ tank world validates all shell kinds, ammunition, armor, fuses and five crates (4.006583ms)
✔ tide snapshots contain only bounded authoritative water presentation (1.843917ms)
✔ mixed race and score rounds use their own ranking direction (3.222709ms)
✔ race tiebreak ignores faster spectators and awards no extra points (0.240875ms)
✔ duo teammates settle a tournament tie in an individual duel (0.20975ms)
✔ catalogue ranking rejects unknown games and cannot be supplied by clients (1.027041ms)
✔ race cup tournaments reward quickest finish and refuse unstarted results (0.251375ms)
✔ points, cup awards and results are applied once per epoch (0.197833ms)
✔ cup target, tied finalists and bounded shared championship (0.160041ms)
✔ a tiebreak narrows contenders without awarding extra tournament points (0.110834ms)
✔ seeded rotation exhausts each bag without repetition (0.231ms)
✔ no-repeat rotation exhausts games before reusing a game with several arenas (5.923292ms)
✔ single-game no-repeat keeps arena rotation and avoids a repeat at cycle boundaries (1.0705ms)
✔ independent random rotation is seeded and permits consecutive repeats (0.4155ms)
✔ tournament view cannot mutate authoritative accounting (0.318ms)
✔ turret world bounds launch generations, live shots and host cooldown/damage (1.728167ms)
✔ crumble requires every authored tile with bounded phases and event counters (1.995916ms)
✔ sky world bounds tilt and warning state with no arbitrary transforms (1.187875ms)
✔ storm world allows two extra balls but requires turbine state and bounded events (0.665875ms)
✔ magnet world maps every ball to a bounded owner and every player to a meter (0.291334ms)
✔ saboteur requires bounded drone and warning state with tile ownership (0.62ms)
✔ paint grid requires complete bounded tile ownership (0.21275ms)
✔ tag world bounds role and handover grace without coercing JSON types (0.151375ms)
✔ relic ownership and loose-item representation are mutually exclusive (0.338166ms)
✔ zone world rejects malformed or unbounded presentation state (0.263292ms)
✔ goal world validates counts, finite bounds, generations and JSON types (0.309375ms)
✔ collection worlds bound identities, visual fields, carrying and payload size (0.666417ms)
✔ relay snapshots enforce single cargo and bounded crate population (0.219583ms)
ℹ tests 243
ℹ suites 0
ℹ pass 243
ℹ fail 0
ℹ cancelled 0
ℹ skipped 0
ℹ todo 0
ℹ duration_ms 1217.606583
