Evidence: /var/folders/77/ng2sccd50bd8dtpjwd7jqgj00000gn/T/kras-network-smoke-JEh336
{"event":"transition","op":"start","state":"loading","epoch":1,"game":"hurdle_dash","arena":"hurdle_track","host":true,"serverLoopMaxMs":25}
{"event":"transition","op":"loaded","state":"loading","epoch":1,"game":"hurdle_dash","arena":"hurdle_track","host":false,"serverLoopMaxMs":25}
{"event":"transition","op":"loaded","state":"loading","epoch":1,"game":"hurdle_dash","arena":"hurdle_track","host":false,"serverLoopMaxMs":25}
{"event":"transition","op":"loaded","state":"loading","epoch":1,"game":"hurdle_dash","arena":"hurdle_track","host":false,"serverLoopMaxMs":25}
{"event":"transition","op":"loaded","state":"playing","epoch":1,"game":"hurdle_dash","arena":"hurdle_track","host":true,"serverLoopMaxMs":25}
{"event":"transition","op":"resume","state":"playing","epoch":1,"game":"hurdle_dash","arena":"hurdle_track","host":false,"serverLoopMaxMs":25}
{"event":"transition","op":"loaded","state":"playing","epoch":1,"game":"hurdle_dash","arena":"hurdle_track","host":false,"serverLoopMaxMs":25}
{"event":"transition","op":"resume","state":"playing","epoch":1,"game":"hurdle_dash","arena":"hurdle_track","host":true,"serverLoopMaxMs":52}
{"event":"transition","op":"loaded","state":"playing","epoch":1,"game":"hurdle_dash","arena":"hurdle_track","host":true,"serverLoopMaxMs":52}
{"event":"transition","op":"result","state":"results","epoch":1,"game":"hurdle_dash","arena":"hurdle_track","host":true,"serverLoopMaxMs":52}
{"event":"transition","op":"next","state":"loading","epoch":2,"game":"goal_guard","arena":"quad_court","host":true,"serverLoopMaxMs":52}
{"event":"transition","op":"loaded","state":"loading","epoch":2,"game":"goal_guard","arena":"quad_court","host":false,"serverLoopMaxMs":52}
{"event":"transition","op":"loaded","state":"loading","epoch":2,"game":"goal_guard","arena":"quad_court","host":false,"serverLoopMaxMs":52}
{"event":"transition","op":"loaded","state":"loading","epoch":2,"game":"goal_guard","arena":"quad_court","host":false,"serverLoopMaxMs":52}
{"event":"transition","op":"loaded","state":"playing","epoch":2,"game":"goal_guard","arena":"quad_court","host":true,"serverLoopMaxMs":52}
{"event":"transition","op":"result","state":"results","epoch":2,"game":"goal_guard","arena":"quad_court","host":true,"serverLoopMaxMs":98}
{"event":"transition","op":"next","state":"loading","epoch":3,"game":"ring_rumble","arena":"vortex_ring","host":true,"serverLoopMaxMs":98}
{"event":"transition","op":"loaded","state":"loading","epoch":3,"game":"ring_rumble","arena":"vortex_ring","host":false,"serverLoopMaxMs":98}
{"event":"transition","op":"loaded","state":"loading","epoch":3,"game":"ring_rumble","arena":"vortex_ring","host":true,"serverLoopMaxMs":98}
{"event":"transition","op":"loaded","state":"loading","epoch":3,"game":"ring_rumble","arena":"vortex_ring","host":false,"serverLoopMaxMs":98}
{"event":"transition","op":"loaded","state":"playing","epoch":3,"game":"ring_rumble","arena":"vortex_ring","host":false,"serverLoopMaxMs":98}
{"event":"transition","op":"result","state":"results","epoch":3,"game":"ring_rumble","arena":"vortex_ring","host":true,"serverLoopMaxMs":98}
{"event":"room_closed","state":"results","reason":"left","authorityAge":26}
{"humans":4,"status":"PASS","results":[{"arena_history":["hurdle_track","quad_court","vortex_ring"],"carrying_seen":false,"collection_scored":false,"fawda_event_coverage":{},"fawda_worlds":[],"humans":4,"id":1,"matches":3,"moved":true,"reconnected":true,"round_history":[{"arena":"hurdle_track","epoch":1,"game":"hurdle_dash","scores":[692,693,693,693]},{"arena":"quad_court","epoch":2,"game":"goal_guard","scores":[7,9,11,10]},{"arena":"vortex_ring","epoch":3,"game":"ring_rumble","scores":[8,8,8,8]}],"scores":[8,8,8,8],"snapshots":0,"tournament":{"awards":[3,3,3,3],"champions":[2],"complete":true,"contenders":[],"cups":[2,1,2,1],"mode":"points","points":[9,7,10,8],"round":3,"target":3,"tie_attempts":0},"tournament_rotation":"random_no_repeat","world_snapshots":0},{"arena_history":["hurdle_track","quad_court","vortex_ring"],"carrying_seen":false,"collection_scored":false,"fawda_event_coverage":{},"fawda_worlds":[],"humans":4,"id":3,"matches":3,"moved":true,"reconnected":false,"round_history":[{"arena":"hurdle_track","epoch":1,"game":"hurdle_dash","scores":[692,693,693,693]},{"arena":"quad_court","epoch":2,"game":"goal_guard","scores":[7,9,11,10]},{"arena":"vortex_ring","epoch":3,"game":"ring_rumble","scores":[8,8,8,8]}],"scores":[8,8,8,8],"snapshots":1444,"tournament":{"awards":[3,3,3,3],"champions":[2],"complete":true,"contenders":[],"cups":[2,1,2,1],"mode":"points","points":[9,7,10,8],"round":3,"target":3,"tie_attempts":0},"tournament_rotation":"random_no_repeat","world_snapshots":1055},{"arena_history":["hurdle_track","quad_court","vortex_ring"],"carrying_seen":false,"collection_scored":false,"fawda_event_coverage":{},"fawda_worlds":[],"humans":4,"id":2,"matches":3,"moved":true,"reconnected":true,"round_history":[{"arena":"hurdle_track","epoch":1,"game":"hurdle_dash","scores":[692,693,693,693]},{"arena":"quad_court","epoch":2,"game":"goal_guard","scores":[7,9,11,10]},{"arena":"vortex_ring","epoch":3,"game":"ring_rumble","scores":[8,8,8,8]}],"scores":[8,8,8,8],"snapshots":1425,"tournament":{"awards":[3,3,3,3],"champions":[2],"complete":true,"contenders":[],"cups":[2,1,2,1],"mode":"points","points":[9,7,10,8],"round":3,"target":3,"tie_attempts":0},"tournament_rotation":"random_no_repeat","world_snapshots":1036},{"arena_history":["hurdle_track","quad_court","vortex_ring"],"carrying_seen":false,"collection_scored":false,"fawda_event_coverage":{},"fawda_worlds":[],"humans":4,"id":4,"matches":3,"moved":true,"reconnected":false,"round_history":[{"arena":"hurdle_track","epoch":1,"game":"hurdle_dash","scores":[692,693,693,693]},{"arena":"quad_court","epoch":2,"game":"goal_guard","scores":[7,9,11,10]},{"arena":"vortex_ring","epoch":3,"game":"ring_rumble","scores":[8,8,8,8]}],"scores":[8,8,8,8],"snapshots":1444,"tournament":{"awards":[3,3,3,3],"champions":[2],"complete":true,"contenders":[],"cups":[2,1,2,1],"mode":"points","points":[9,7,10,8],"round":3,"target":3,"tie_attempts":0},"tournament_rotation":"random_no_repeat","world_snapshots":1055}]}
{"event":"server_timing","maxMs":98}
