Evidence: /var/folders/77/ng2sccd50bd8dtpjwd7jqgj00000gn/T/kras-network-smoke-mDkfGF
{"event":"transition","op":"start","state":"loading","epoch":1,"game":"crate_smash","arena":"crate_yard","host":true,"serverLoopMaxMs":30}
{"event":"transition","op":"loaded","state":"loading","epoch":1,"game":"crate_smash","arena":"crate_yard","host":false,"serverLoopMaxMs":48}
{"event":"transition","op":"loaded","state":"loading","epoch":1,"game":"crate_smash","arena":"crate_yard","host":true,"serverLoopMaxMs":48}
{"event":"transition","op":"loaded","state":"loading","epoch":1,"game":"crate_smash","arena":"crate_yard","host":false,"serverLoopMaxMs":48}
{"event":"transition","op":"loaded","state":"playing","epoch":1,"game":"crate_smash","arena":"crate_yard","host":false,"serverLoopMaxMs":48}
{"event":"transition","op":"resume","state":"playing","epoch":1,"game":"crate_smash","arena":"crate_yard","host":false,"serverLoopMaxMs":285}
{"event":"transition","op":"loaded","state":"playing","epoch":1,"game":"crate_smash","arena":"crate_yard","host":false,"serverLoopMaxMs":285}
{"event":"transition","op":"resume","state":"playing","epoch":1,"game":"crate_smash","arena":"crate_yard","host":true,"serverLoopMaxMs":393}
{"event":"transition","op":"loaded","state":"playing","epoch":1,"game":"crate_smash","arena":"crate_yard","host":true,"serverLoopMaxMs":393}
{"event":"transition","op":"result","state":"results","epoch":1,"game":"crate_smash","arena":"crate_yard","host":true,"serverLoopMaxMs":393}
{"event":"transition","op":"next","state":"loading","epoch":2,"game":"crate_smash","arena":"crate_yard","host":true,"serverLoopMaxMs":393}
{"event":"transition","op":"loaded","state":"loading","epoch":2,"game":"crate_smash","arena":"crate_yard","host":true,"serverLoopMaxMs":393}
{"event":"transition","op":"loaded","state":"loading","epoch":2,"game":"crate_smash","arena":"crate_yard","host":false,"serverLoopMaxMs":393}
{"event":"transition","op":"loaded","state":"loading","epoch":2,"game":"crate_smash","arena":"crate_yard","host":false,"serverLoopMaxMs":393}
{"event":"transition","op":"loaded","state":"playing","epoch":2,"game":"crate_smash","arena":"crate_yard","host":false,"serverLoopMaxMs":393}
{"event":"transition","op":"result","state":"results","epoch":2,"game":"crate_smash","arena":"crate_yard","host":true,"serverLoopMaxMs":393}
{"event":"transition","op":"next","state":"loading","epoch":3,"game":"crate_smash","arena":"crate_yard","host":true,"serverLoopMaxMs":393}
{"event":"transition","op":"loaded","state":"loading","epoch":3,"game":"crate_smash","arena":"crate_yard","host":false,"serverLoopMaxMs":393}
{"event":"transition","op":"loaded","state":"loading","epoch":3,"game":"crate_smash","arena":"crate_yard","host":false,"serverLoopMaxMs":393}
{"event":"transition","op":"loaded","state":"loading","epoch":3,"game":"crate_smash","arena":"crate_yard","host":true,"serverLoopMaxMs":393}
{"event":"transition","op":"loaded","state":"playing","epoch":3,"game":"crate_smash","arena":"crate_yard","host":false,"serverLoopMaxMs":393}
{"event":"transition","op":"result","state":"results","epoch":3,"game":"crate_smash","arena":"crate_yard","host":true,"serverLoopMaxMs":762}
{"event":"room_closed","state":"results","reason":"left","authorityAge":42}
{"humans":4,"status":"PASS","results":[{"arena_history":["crate_yard","crate_yard","crate_yard"],"carrying_seen":false,"collection_scored":false,"fawda_event_coverage":{},"fawda_worlds":[],"humans":4,"id":1,"matches":3,"moved":true,"reconnected":true,"round_history":[{"arena":"crate_yard","epoch":1,"game":"crate_smash","scores":[29,12,19,22]},{"arena":"crate_yard","epoch":2,"game":"crate_smash","scores":[29,28,15,30]},{"arena":"crate_yard","epoch":3,"game":"crate_smash","scores":[39,36,7,10]}],"scores":[39,36,7,10],"snapshots":0,"tournament":{"awards":[5,3,1,2],"champions":[0],"complete":true,"contenders":[],"cups":[2,0,0,1],"mode":"points","points":[13,6,4,10],"round":3,"target":3,"tie_attempts":0},"tournament_rotation":"random_no_repeat","world_snapshots":0},{"arena_history":["crate_yard","crate_yard","crate_yard"],"carrying_seen":false,"collection_scored":false,"fawda_event_coverage":{},"fawda_worlds":[],"humans":4,"id":3,"matches":3,"moved":true,"reconnected":false,"round_history":[{"arena":"crate_yard","epoch":1,"game":"crate_smash","scores":[29,12,19,22]},{"arena":"crate_yard","epoch":2,"game":"crate_smash","scores":[29,28,15,30]},{"arena":"crate_yard","epoch":3,"game":"crate_smash","scores":[39,36,7,10]}],"scores":[39,36,7,10],"snapshots":5287,"tournament":{"awards":[5,3,1,2],"champions":[0],"complete":true,"contenders":[],"cups":[2,0,0,1],"mode":"points","points":[13,6,4,10],"round":3,"target":3,"tie_attempts":0},"tournament_rotation":"random_no_repeat","world_snapshots":5287},{"arena_history":["crate_yard","crate_yard","crate_yard"],"carrying_seen":false,"collection_scored":false,"fawda_event_coverage":{},"fawda_worlds":[],"humans":4,"id":4,"matches":3,"moved":true,"reconnected":false,"round_history":[{"arena":"crate_yard","epoch":1,"game":"crate_smash","scores":[29,12,19,22]},{"arena":"crate_yard","epoch":2,"game":"crate_smash","scores":[29,28,15,30]},{"arena":"crate_yard","epoch":3,"game":"crate_smash","scores":[39,36,7,10]}],"scores":[39,36,7,10],"snapshots":5287,"tournament":{"awards":[5,3,1,2],"champions":[0],"complete":true,"contenders":[],"cups":[2,0,0,1],"mode":"points","points":[13,6,4,10],"round":3,"target":3,"tie_attempts":0},"tournament_rotation":"random_no_repeat","world_snapshots":5287},{"arena_history":["crate_yard","crate_yard","crate_yard"],"carrying_seen":false,"collection_scored":false,"fawda_event_coverage":{},"fawda_worlds":[],"humans":4,"id":2,"matches":3,"moved":true,"reconnected":true,"round_history":[{"arena":"crate_yard","epoch":1,"game":"crate_smash","scores":[29,12,19,22]},{"arena":"crate_yard","epoch":2,"game":"crate_smash","scores":[29,28,15,30]},{"arena":"crate_yard","epoch":3,"game":"crate_smash","scores":[39,36,7,10]}],"scores":[39,36,7,10],"snapshots":5265,"tournament":{"awards":[5,3,1,2],"champions":[0],"complete":true,"contenders":[],"cups":[2,0,0,1],"mode":"points","points":[13,6,4,10],"round":3,"target":3,"tie_attempts":0},"tournament_rotation":"random_no_repeat","world_snapshots":5265}]}
{"event":"server_timing","maxMs":762}
