Evidence: /var/folders/77/ng2sccd50bd8dtpjwd7jqgj00000gn/T//kras-party-check.gHip61
Godot Engine v4.7.1.stable.official.a13da4feb - https://godotengine.org

[INF][Balance] loaded 10 balance tables
[INF][Registry] registry: 8 characters, 39 games, 34 arenas, 22 powerups
[INF][Platform] platform: desktop, mobile=false, safe=[P: (0, 0), S: (0, 0)]

compile check: 423 scripts
OK — every script compiles
Godot Engine v4.7.1.stable.official.a13da4feb - https://godotengine.org

[INF][Balance] loaded 10 balance tables
[INF][Registry] registry: 8 characters, 39 games, 34 arenas, 22 powerups
[INF][Platform] platform: desktop, mobile=false, safe=[P: (0, 0), S: (0, 0)]
STAGE ZERO: 523 resources, 22 autoloads, 27 routes, 8 characters, 0 issues

── lifecycle ───────────────────────────────────────────────────
TEST_START: lifecycle / backgrounding flushes the save exactly once and toggles is_backgrounded
[DBG][Platform] app backgrounded
[DBG][Platform] app foregrounded
TEST_START: lifecycle / a live match pauses itself on Platform's real background signal, and does not silently resume on foreground
[DBG][Platform] app backgrounded
[DBG][Platform] app foregrounded
TEST_START: lifecycle / match completion preserves interrupted round eligibility
TEST_START: lifecycle / teardown stops live callbacks before draining pools and is idempotent

── AI jump requests on actual floor ────────────────────────────
JUMP_CONTRACT tier=0 edges=57 jumps=7 landings=7 position=(1000.0, 1.330461, 999.0209)
JUMP_CONTRACT tier=1 edges=57 jumps=7 landings=7 position=(1000.0, 1.330461, 999.0209)
JUMP_CONTRACT tier=2 edges=57 jumps=7 landings=7 position=(1000.0, 1.330461, 999.0209)
JUMP_CONTRACT tier=3 edges=57 jumps=7 landings=7 position=(1000.0, 1.330461, 999.0209)

finished in 445.0s

════════════════════════════════════════════════════════════════
ALL TESTS PASSED — 390939 assertions
════════════════════════════════════════════════════════════════
Godot Engine v4.7.1.stable.official.a13da4feb - https://godotengine.org

[INF][Balance] loaded 10 balance tables
[INF][Registry] registry: 8 characters, 39 games, 34 arenas, 22 powerups
[INF][Platform] platform: desktop, mobile=false, safe=[P: (0, 0), S: (0, 0)]
PARTY RACE arena=dune_circuit seed=9614
race progress 120s laps=[2, 2, 2, 2] checkpoints=[40, 48, 51, 49]
slot=0 pos=(-71.08178, 3.308153, -17.50999) velocity=(-0.050518, 0.0, -22.38423) target=(-64.7433, 3.760048, -26.49914)
slot=1 pos=(-27.88254, 1.253262, -54.90399) velocity=(8.404179, 0.0, -0.559197) target=(-19.09433, 2.088643, -57.07742)
slot=2 pos=(-8.411355, 1.021189, -57.27628) velocity=(13.26211, 0.0, 0.407805) target=(2.379988, 1.921693, -56.89605)
slot=3 pos=(-22.18912, 1.163565, -56.00629) velocity=(14.4876, 0.0, -2.0022) target=(-11.93814, 2.015687, -57.43032)
finish duration=128.316666666661 rescue counts=[{ "spun": 2, "crates": 5, "hits": 1, "time": 12832, "laps": 3 }, { "crates": 12, "hits": 3, "spun": 6, "time": 12437, "laps": 3 }, { "crates": 13, "hits": 6, "spun": 2, "time": 12090, "laps": 3 }, { "crates": 7, "hits": 2, "spun": 2, "time": 12253, "laps": 3 }]
PARTY RACE: PASS
Godot Engine v4.7.1.stable.official.a13da4feb - https://godotengine.org

[INF][Balance] loaded 10 balance tables
[INF][Registry] registry: 8 characters, 39 games, 34 arenas, 22 powerups
[INF][Platform] platform: desktop, mobile=false, safe=[P: (0, 0), S: (0, 0)]
COLOSSUS_AI game=boss_colossus time=30 health=360.0 scores=[165, 55, 165, 55]
COLOSSUS_AI game=boss_colossus seed=345 difficulty=3 defeated=true health=0.0 scores=[305, 110, 220, 165]
COLOSSUS_AI: PASS
Godot Engine v4.7.1.stable.official.a13da4feb - https://godotengine.org

[INF][Balance] loaded 10 balance tables
[INF][Registry] registry: 8 characters, 39 games, 34 arenas, 22 powerups
[INF][Platform] platform: desktop, mobile=false, safe=[P: (0, 0), S: (0, 0)]
COLOSSUS_AI game=boss_colossus time=30 health=250.0 scores=[110, 165, 165, 110]
COLOSSUS_AI game=boss_colossus seed=9614 difficulty=3 defeated=true health=0.0 scores=[110, 220, 250, 220]
COLOSSUS_AI: PASS
Godot Engine v4.7.1.stable.official.a13da4feb - https://godotengine.org

[INF][Balance] loaded 10 balance tables
[INF][Registry] registry: 8 characters, 39 games, 34 arenas, 22 powerups
[INF][Platform] platform: desktop, mobile=false, safe=[P: (0, 0), S: (0, 0)]
COLOSSUS_AI game=boss_colossus time=30 health=195.0 scores=[165, 165, 165, 110]
COLOSSUS_AI game=boss_colossus seed=172 difficulty=3 defeated=true health=0.0 scores=[220, 195, 220, 165]
COLOSSUS_AI: PASS
Godot Engine v4.7.1.stable.official.a13da4feb - https://godotengine.org

[INF][Balance] loaded 10 balance tables
[INF][Registry] registry: 8 characters, 39 games, 34 arenas, 22 powerups
[INF][Platform] platform: desktop, mobile=false, safe=[P: (0, 0), S: (0, 0)]
BOSS_AI game=boss_forge time=30 health=394.333333333333 scores=[197, 114, 193, 0]
BOSS_AI game=boss_forge seed=9614 difficulty=3 defeated=true health=0.0 scores=[283, 214, 290, 110]
BOSS_AI: PASS
Godot Engine v4.7.1.stable.official.a13da4feb - https://godotengine.org

[INF][Balance] loaded 10 balance tables
[INF][Registry] registry: 8 characters, 39 games, 34 arenas, 22 powerups
[INF][Platform] platform: desktop, mobile=false, safe=[P: (0, 0), S: (0, 0)]
BOSS_AI game=boss_dreadnought seed=9614 difficulty=3 defeated=true health=0.0 scores=[315, 270, 270, 245]
BOSS_AI: PASS
Godot Engine v4.7.1.stable.official.a13da4feb - https://godotengine.org

[INF][Balance] loaded 10 balance tables
[INF][Registry] registry: 8 characters, 39 games, 34 arenas, 22 powerups
[INF][Platform] platform: desktop, mobile=false, safe=[P: (0, 0), S: (0, 0)]
BOSS_AI game=boss_sovereign time=30 health=630.0 scores=[240, 270, 180, 180]
BOSS_AI game=boss_sovereign seed=9614 difficulty=3 defeated=true health=0.0 scores=[360, 510, 330, 300]
BOSS_AI: PASS
STABILITY 1/1 duel_pit: PASS
STABILITY 1/1 boss_forge: PASS
STABILITY 1/1 boss_colossus: PASS
STABILITY 1/1 boss_dreadnought: PASS
STABILITY 1/1 boss_sovereign: PASS
STABILITY 1/1 sabaq_sawarikh: PASS
STABILITY 1/1 relic_hold: PASS
STABILITY 1/1 tag_hunt: PASS
STABILITY 1/1 base_siege: PASS
STABILITY 1/1 drift_floes: PASS
STABILITY 1/1 duo_clash: PASS
WARNING: [WRN][Platform] OS memory warning — draining caches
     at: push_warning (core/variant/variant_utility.cpp:1033)
     GDScript backtrace (most recent call first):
         [0] _write (res://src/core/logger.gd:75)
         [1] w (res://src/core/logger.gd:34)
         [2] _on_memory_warning (res://src/core/platform_service.gd:163)
         [3] _ready (res://tests/stage_zero_stability.gd:65)
         [4] _play (res://tests/stage_zero_stability.gd:193)
         [5] _settle (res://tests/stage_zero_stability.gd:199)
STABILITY CACHE RELEASE: {"after":{"audio_pcm_bytes_cached":0,"materials_cached":0,"memory_bytes":140043456,"meshes_cached":0,"objects":2042.0,"resources":197.0,"textures_cached":0,"watched_resources_cached":["res://src/match/match_scene.gd","res://src/minigames/tank_arena.gd","res://src/arenas/tank_world.gd","res://src/minigames/ring_rumble.gd","res://src/minigames/crumble_court.gd","res://src/minigames/bumper_bowl.gd","res://src/minigames/fawda.gd","res://src/minigames/goal_guard.gd","res://src/minigames/magnet_court.gd","res://src/minigames/storm_heart.gd","res://src/minigames/sky_court.gd","res://src/minigames/blast_ball.gd","res://src/minigames/scrap_karts.gd","res://src/minigames/turret_duel.gd","res://src/minigames/gem_grab.gd","res://src/minigames/star_rush.gd","res://src/minigames/paint_grid.gd","res://src/minigames/mnatiq.gd","res://src/minigames/mukharrib.gd","res://src/minigames/zone_hold.gd","res://src/minigames/crate_smash.gd","res://src/minigames/lab_crates.gd","res://src/minigames/crate_relay.gd","res://src/minigames/hurdle_dash.gd","res://src/minigames/kart_sprint.gd","res://src/minigames/color_stand.gd","res://src/minigames/symbol_echo.gd","res://src/minigames/quick_draw.gd","res://src/minigames/rising_tide.gd","res://src/minigames/sweeper_storm.gd","res://src/minigames/duel_pit.gd","res://src/minigames/boss_forge.gd","res://src/minigames/boss_colossus.gd","res://src/minigames/boss_dreadnought.gd","res://src/minigames/boss_sovereign.gd","res://src/minigames/sabaq_sawarikh.gd","res://src/arenas/racing_biome.gd","res://src/arenas/racing_routes.gd","res://src/arenas/race_structures.gd","res://src/minigames/relic_hold.gd","res://src/minigames/tag_hunt.gd","res://src/minigames/base_siege.gd","res://src/minigames/drift_floes.gd","res://src/minigames/duo_clash.gd"]},"before":{"audio_pcm_bytes_cached":0,"materials_cached":526,"memory_bytes":260576120,"meshes_cached":306,"objects":3947.0,"resources":197.0,"textures_cached":266,"watched_resources_cached":["res://src/match/match_scene.gd","res://src/minigames/tank_arena.gd","res://src/arenas/tank_world.gd","res://src/minigames/ring_rumble.gd","res://src/minigames/crumble_court.gd","res://src/minigames/bumper_bowl.gd","res://src/minigames/fawda.gd","res://src/minigames/goal_guard.gd","res://src/minigames/magnet_court.gd","res://src/minigames/storm_heart.gd","res://src/minigames/sky_court.gd","res://src/minigames/blast_ball.gd","res://src/minigames/scrap_karts.gd","res://src/minigames/turret_duel.gd","res://src/minigames/gem_grab.gd","res://src/minigames/star_rush.gd","res://src/minigames/paint_grid.gd","res://src/minigames/mnatiq.gd","res://src/minigames/mukharrib.gd","res://src/minigames/zone_hold.gd","res://src/minigames/crate_smash.gd","res://src/minigames/lab_crates.gd","res://src/minigames/crate_relay.gd","res://src/minigames/hurdle_dash.gd","res://src/minigames/kart_sprint.gd","res://src/minigames/color_stand.gd","res://src/minigames/symbol_echo.gd","res://src/minigames/quick_draw.gd","res://src/minigames/rising_tide.gd","res://src/minigames/sweeper_storm.gd","res://src/minigames/duel_pit.gd","res://src/minigames/boss_forge.gd","res://src/minigames/boss_colossus.gd","res://src/minigames/boss_dreadnought.gd","res://src/minigames/boss_sovereign.gd","res://src/minigames/sabaq_sawarikh.gd","res://src/arenas/racing_biome.gd","res://src/arenas/racing_routes.gd","res://src/arenas/race_structures.gd","res://src/minigames/relic_hold.gd","res://src/minigames/tag_hunt.gd","res://src/minigames/base_siege.gd","res://src/minigames/drift_floes.gd","res://src/minigames/duo_clash.gd"]},"settled_5s":{"audio_pcm_bytes_cached":0,"materials_cached":0,"memory_bytes":140042784,"meshes_cached":0,"objects":2040.0,"resources":197.0,"textures_cached":0,"watched_resources_cached":["res://src/match/match_scene.gd","res://src/minigames/tank_arena.gd","res://src/arenas/tank_world.gd","res://src/minigames/ring_rumble.gd","res://src/minigames/crumble_court.gd","res://src/minigames/bumper_bowl.gd","res://src/minigames/fawda.gd","res://src/minigames/goal_guard.gd","res://src/minigames/magnet_court.gd","res://src/minigames/storm_heart.gd","res://src/minigames/sky_court.gd","res://src/minigames/blast_ball.gd","res://src/minigames/scrap_karts.gd","res://src/minigames/turret_duel.gd","res://src/minigames/gem_grab.gd","res://src/minigames/star_rush.gd","res://src/minigames/paint_grid.gd","res://src/minigames/mnatiq.gd","res://src/minigames/mukharrib.gd","res://src/minigames/zone_hold.gd","res://src/minigames/crate_smash.gd","res://src/minigames/lab_crates.gd","res://src/minigames/crate_relay.gd","res://src/minigames/hurdle_dash.gd","res://src/minigames/kart_sprint.gd","res://src/minigames/color_stand.gd","res://src/minigames/symbol_echo.gd","res://src/minigames/quick_draw.gd","res://src/minigames/rising_tide.gd","res://src/minigames/sweeper_storm.gd","res://src/minigames/duel_pit.gd","res://src/minigames/boss_forge.gd","res://src/minigames/boss_colossus.gd","res://src/minigames/boss_dreadnought.gd","res://src/minigames/boss_sovereign.gd","res://src/minigames/sabaq_sawarikh.gd","res://src/arenas/racing_biome.gd","res://src/arenas/racing_routes.gd","res://src/arenas/race_structures.gd","res://src/minigames/relic_hold.gd","res://src/minigames/tag_hunt.gd","res://src/minigames/base_siege.gd","res://src/minigames/drift_floes.gd","res://src/minigames/duo_clash.gd"]}}
STABILITY COMPLETE: 39 matches, 0 failures
Compile and tests passed; inspect device performance separately.
