Evidence: /home/runner/work/_temp/kras-network-smoke-1S0e8Z
{"event":"transition","op":"start","state":"loading","epoch":1,"game":"goal_guard","arena":"quad_court","host":true,"serverLoopMaxMs":21}
{"event":"transition","op":"loaded","state":"loading","epoch":1,"game":"goal_guard","arena":"quad_court","host":false,"serverLoopMaxMs":21}
{"event":"transition","op":"loaded","state":"playing","epoch":1,"game":"goal_guard","arena":"quad_court","host":true,"serverLoopMaxMs":21}
{"event":"transition","op":"resume","state":"playing","epoch":1,"game":"goal_guard","arena":"quad_court","host":false,"serverLoopMaxMs":21}
{"event":"transition","op":"loaded","state":"playing","epoch":1,"game":"goal_guard","arena":"quad_court","host":false,"serverLoopMaxMs":21}
{"event":"transition","op":"resume","state":"playing","epoch":1,"game":"goal_guard","arena":"quad_court","host":true,"serverLoopMaxMs":22}
{"event":"transition","op":"loaded","state":"playing","epoch":1,"game":"goal_guard","arena":"quad_court","host":true,"serverLoopMaxMs":22}
{"event":"transition","op":"result","state":"results","epoch":1,"game":"goal_guard","arena":"quad_court","host":true,"serverLoopMaxMs":22}
{"event":"transition","op":"next","state":"loading","epoch":2,"game":"goal_guard","arena":"quad_court","host":true,"serverLoopMaxMs":22}
{"event":"transition","op":"loaded","state":"loading","epoch":2,"game":"goal_guard","arena":"quad_court","host":false,"serverLoopMaxMs":22}
{"event":"transition","op":"loaded","state":"playing","epoch":2,"game":"goal_guard","arena":"quad_court","host":true,"serverLoopMaxMs":22}
{"event":"transition","op":"result","state":"results","epoch":2,"game":"goal_guard","arena":"quad_court","host":true,"serverLoopMaxMs":22}
{"event":"transition","op":"next","state":"loading","epoch":3,"game":"goal_guard","arena":"quad_court","host":true,"serverLoopMaxMs":22}
{"event":"transition","op":"loaded","state":"loading","epoch":3,"game":"goal_guard","arena":"quad_court","host":false,"serverLoopMaxMs":22}
{"event":"transition","op":"loaded","state":"playing","epoch":3,"game":"goal_guard","arena":"quad_court","host":true,"serverLoopMaxMs":22}
{"event":"transition","op":"result","state":"results","epoch":3,"game":"goal_guard","arena":"quad_court","host":true,"serverLoopMaxMs":22}
{"event":"room_closed","state":"results","reason":"left","authorityAge":51}
{"humans":2,"status":"PASS","results":[{"carrying_seen":false,"collection_scored":false,"fawda_event_coverage":{},"fawda_worlds":[],"humans":2,"id":1,"matches":3,"moved":true,"reconnected":true,"scores":[9,5,9,11],"snapshots":0,"tournament":{"awards":[3,1,3,5],"champions":[3],"complete":true,"contenders":[],"cups":[0,0,0,3],"mode":"points","points":[7,6,7,15],"round":3,"target":3,"tie_attempts":0},"world_snapshots":0},{"carrying_seen":false,"collection_scored":false,"fawda_event_coverage":{},"fawda_worlds":[],"humans":2,"id":2,"matches":3,"moved":true,"reconnected":true,"scores":[9,5,9,11],"snapshots":1665,"tournament":{"awards":[3,1,3,5],"champions":[3],"complete":true,"contenders":[],"cups":[0,0,0,3],"mode":"points","points":[7,6,7,15],"round":3,"target":3,"tie_attempts":0},"world_snapshots":1665}]}
{"event":"transition","op":"start","state":"loading","epoch":1,"game":"goal_guard","arena":"quad_court","host":true,"serverLoopMaxMs":22}
{"event":"transition","op":"loaded","state":"loading","epoch":1,"game":"goal_guard","arena":"quad_court","host":false,"serverLoopMaxMs":22}
{"event":"transition","op":"loaded","state":"loading","epoch":1,"game":"goal_guard","arena":"quad_court","host":false,"serverLoopMaxMs":22}
{"event":"transition","op":"loaded","state":"loading","epoch":1,"game":"goal_guard","arena":"quad_court","host":true,"serverLoopMaxMs":22}
{"event":"transition","op":"loaded","state":"playing","epoch":1,"game":"goal_guard","arena":"quad_court","host":false,"serverLoopMaxMs":22}
{"event":"transition","op":"resume","state":"playing","epoch":1,"game":"goal_guard","arena":"quad_court","host":false,"serverLoopMaxMs":22}
{"event":"transition","op":"loaded","state":"playing","epoch":1,"game":"goal_guard","arena":"quad_court","host":false,"serverLoopMaxMs":22}
{"event":"transition","op":"resume","state":"playing","epoch":1,"game":"goal_guard","arena":"quad_court","host":true,"serverLoopMaxMs":22}
{"event":"transition","op":"loaded","state":"playing","epoch":1,"game":"goal_guard","arena":"quad_court","host":true,"serverLoopMaxMs":22}
{"event":"transition","op":"result","state":"results","epoch":1,"game":"goal_guard","arena":"quad_court","host":true,"serverLoopMaxMs":22}
{"event":"transition","op":"next","state":"loading","epoch":2,"game":"goal_guard","arena":"quad_court","host":true,"serverLoopMaxMs":22}
{"event":"transition","op":"loaded","state":"loading","epoch":2,"game":"goal_guard","arena":"quad_court","host":false,"serverLoopMaxMs":22}
{"event":"transition","op":"loaded","state":"loading","epoch":2,"game":"goal_guard","arena":"quad_court","host":false,"serverLoopMaxMs":22}
{"event":"transition","op":"loaded","state":"loading","epoch":2,"game":"goal_guard","arena":"quad_court","host":false,"serverLoopMaxMs":22}
{"event":"transition","op":"loaded","state":"playing","epoch":2,"game":"goal_guard","arena":"quad_court","host":true,"serverLoopMaxMs":22}
{"event":"transition","op":"result","state":"results","epoch":2,"game":"goal_guard","arena":"quad_court","host":true,"serverLoopMaxMs":22}
{"event":"transition","op":"next","state":"loading","epoch":3,"game":"goal_guard","arena":"quad_court","host":true,"serverLoopMaxMs":22}
{"event":"transition","op":"loaded","state":"loading","epoch":3,"game":"goal_guard","arena":"quad_court","host":false,"serverLoopMaxMs":22}
{"event":"transition","op":"loaded","state":"loading","epoch":3,"game":"goal_guard","arena":"quad_court","host":false,"serverLoopMaxMs":22}
{"event":"transition","op":"loaded","state":"loading","epoch":3,"game":"goal_guard","arena":"quad_court","host":false,"serverLoopMaxMs":22}
{"event":"transition","op":"loaded","state":"playing","epoch":3,"game":"goal_guard","arena":"quad_court","host":true,"serverLoopMaxMs":22}
{"event":"transition","op":"result","state":"results","epoch":3,"game":"goal_guard","arena":"quad_court","host":true,"serverLoopMaxMs":22}
{"event":"room_closed","state":"results","reason":"left","authorityAge":51}
{"humans":4,"status":"PASS","results":[{"carrying_seen":false,"collection_scored":false,"fawda_event_coverage":{},"fawda_worlds":[],"humans":4,"id":1,"matches":3,"moved":true,"reconnected":true,"scores":[8,6,9,10],"snapshots":0,"tournament":{"awards":[2,1,3,5],"champions":[3],"complete":true,"contenders":[],"cups":[0,0,1,2],"mode":"points","points":[5,7,11,12],"round":3,"target":3,"tie_attempts":0},"world_snapshots":0},{"carrying_seen":false,"collection_scored":false,"fawda_event_coverage":{},"fawda_worlds":[],"humans":4,"id":4,"matches":3,"moved":true,"reconnected":false,"scores":[8,6,9,10],"snapshots":1684,"tournament":{"awards":[2,1,3,5],"champions":[3],"complete":true,"contenders":[],"cups":[0,0,1,2],"mode":"points","points":[5,7,11,12],"round":3,"target":3,"tie_attempts":0},"world_snapshots":1684},{"carrying_seen":false,"collection_scored":false,"fawda_event_coverage":{},"fawda_worlds":[],"humans":4,"id":2,"matches":3,"moved":true,"reconnected":true,"scores":[8,6,9,10],"snapshots":1665,"tournament":{"awards":[2,1,3,5],"champions":[3],"complete":true,"contenders":[],"cups":[0,0,1,2],"mode":"points","points":[5,7,11,12],"round":3,"target":3,"tie_attempts":0},"world_snapshots":1665},{"carrying_seen":false,"collection_scored":false,"fawda_event_coverage":{},"fawda_worlds":[],"humans":4,"id":3,"matches":3,"moved":true,"reconnected":false,"scores":[8,6,9,10],"snapshots":1684,"tournament":{"awards":[2,1,3,5],"champions":[3],"complete":true,"contenders":[],"cups":[0,0,1,2],"mode":"points","points":[5,7,11,12],"round":3,"target":3,"tie_attempts":0},"world_snapshots":1684}]}
{"event":"server_timing","maxMs":22}
