Evidence: /var/folders/77/ng2sccd50bd8dtpjwd7jqgj00000gn/T/kras-network-smoke-vkb4Sl
{"event":"transition","op":"start","state":"loading","epoch":1,"game":"crate_smash","arena":"crate_yard","host":true,"serverLoopMaxMs":22}
{"event":"transition","op":"loaded","state":"loading","epoch":1,"game":"crate_smash","arena":"crate_yard","host":false,"serverLoopMaxMs":22}
{"event":"transition","op":"loaded","state":"loading","epoch":1,"game":"crate_smash","arena":"crate_yard","host":true,"serverLoopMaxMs":22}
{"event":"transition","op":"loaded","state":"loading","epoch":1,"game":"crate_smash","arena":"crate_yard","host":false,"serverLoopMaxMs":22}
{"event":"transition","op":"loaded","state":"playing","epoch":1,"game":"crate_smash","arena":"crate_yard","host":false,"serverLoopMaxMs":22}
{"event":"transition","op":"resume","state":"playing","epoch":1,"game":"crate_smash","arena":"crate_yard","host":false,"serverLoopMaxMs":23}
{"event":"transition","op":"loaded","state":"playing","epoch":1,"game":"crate_smash","arena":"crate_yard","host":false,"serverLoopMaxMs":23}
{"event":"transition","op":"resume","state":"playing","epoch":1,"game":"crate_smash","arena":"crate_yard","host":true,"serverLoopMaxMs":23}
{"event":"transition","op":"loaded","state":"playing","epoch":1,"game":"crate_smash","arena":"crate_yard","host":true,"serverLoopMaxMs":23}
{"event":"transition","op":"result","state":"results","epoch":1,"game":"crate_smash","arena":"crate_yard","host":true,"serverLoopMaxMs":23}
{"event":"transition","op":"next","state":"loading","epoch":2,"game":"crate_smash","arena":"crate_yard","host":true,"serverLoopMaxMs":23}
{"event":"transition","op":"loaded","state":"loading","epoch":2,"game":"crate_smash","arena":"crate_yard","host":false,"serverLoopMaxMs":23}
{"event":"transition","op":"loaded","state":"loading","epoch":2,"game":"crate_smash","arena":"crate_yard","host":true,"serverLoopMaxMs":23}
{"event":"transition","op":"loaded","state":"loading","epoch":2,"game":"crate_smash","arena":"crate_yard","host":false,"serverLoopMaxMs":23}
{"event":"transition","op":"loaded","state":"playing","epoch":2,"game":"crate_smash","arena":"crate_yard","host":false,"serverLoopMaxMs":23}
{"event":"transition","op":"result","state":"results","epoch":2,"game":"crate_smash","arena":"crate_yard","host":true,"serverLoopMaxMs":23}
{"event":"transition","op":"next","state":"loading","epoch":3,"game":"crate_smash","arena":"crate_yard","host":true,"serverLoopMaxMs":23}
{"event":"transition","op":"loaded","state":"loading","epoch":3,"game":"crate_smash","arena":"crate_yard","host":false,"serverLoopMaxMs":23}
{"event":"transition","op":"loaded","state":"loading","epoch":3,"game":"crate_smash","arena":"crate_yard","host":false,"serverLoopMaxMs":23}
{"event":"transition","op":"loaded","state":"loading","epoch":3,"game":"crate_smash","arena":"crate_yard","host":false,"serverLoopMaxMs":23}
{"event":"transition","op":"loaded","state":"playing","epoch":3,"game":"crate_smash","arena":"crate_yard","host":true,"serverLoopMaxMs":23}
{"event":"transition","op":"result","state":"results","epoch":3,"game":"crate_smash","arena":"crate_yard","host":true,"serverLoopMaxMs":102}
{"event":"room_closed","state":"results","reason":"host_left","authorityAge":56}
{"humans":4,"status":"PASS","results":[{"arena_history":["crate_yard","crate_yard","crate_yard"],"carrying_seen":false,"collection_scored":false,"fawda_event_coverage":{},"fawda_worlds":[],"humans":4,"id":1,"matches":3,"moved":true,"reconnected":true,"round_history":[{"arena":"crate_yard","epoch":1,"game":"crate_smash","scores":[13,8,8,10]},{"arena":"crate_yard","epoch":2,"game":"crate_smash","scores":[8,6,12,11]},{"arena":"crate_yard","epoch":3,"game":"crate_smash","scores":[21,5,4,12]}],"scores":[21,5,4,12],"snapshots":0,"tournament":{"awards":[5,2,1,3],"champions":[0],"complete":true,"contenders":[],"cups":[2,0,1,0],"mode":"points","points":[12,5,8,9],"round":3,"target":3,"tie_attempts":0},"tournament_rotation":"random_no_repeat","world_snapshots":0},{"arena_history":["crate_yard","crate_yard","crate_yard"],"carrying_seen":false,"collection_scored":false,"fawda_event_coverage":{},"fawda_worlds":[],"humans":4,"id":3,"matches":3,"moved":true,"reconnected":false,"round_history":[{"arena":"crate_yard","epoch":1,"game":"crate_smash","scores":[13,8,8,10]},{"arena":"crate_yard","epoch":2,"game":"crate_smash","scores":[8,6,12,11]},{"arena":"crate_yard","epoch":3,"game":"crate_smash","scores":[21,5,4,12]}],"scores":[21,5,4,12],"snapshots":1684,"tournament":{"awards":[5,2,1,3],"champions":[0],"complete":true,"contenders":[],"cups":[2,0,1,0],"mode":"points","points":[12,5,8,9],"round":3,"target":3,"tie_attempts":0},"tournament_rotation":"random_no_repeat","world_snapshots":1684},{"arena_history":["crate_yard","crate_yard","crate_yard"],"carrying_seen":false,"collection_scored":false,"fawda_event_coverage":{},"fawda_worlds":[],"humans":4,"id":4,"matches":3,"moved":true,"reconnected":false,"round_history":[{"arena":"crate_yard","epoch":1,"game":"crate_smash","scores":[13,8,8,10]},{"arena":"crate_yard","epoch":2,"game":"crate_smash","scores":[8,6,12,11]},{"arena":"crate_yard","epoch":3,"game":"crate_smash","scores":[21,5,4,12]}],"scores":[21,5,4,12],"snapshots":1684,"tournament":{"awards":[5,2,1,3],"champions":[0],"complete":true,"contenders":[],"cups":[2,0,1,0],"mode":"points","points":[12,5,8,9],"round":3,"target":3,"tie_attempts":0},"tournament_rotation":"random_no_repeat","world_snapshots":1684},{"arena_history":["crate_yard","crate_yard","crate_yard"],"carrying_seen":false,"collection_scored":false,"fawda_event_coverage":{},"fawda_worlds":[],"humans":4,"id":2,"matches":3,"moved":true,"reconnected":true,"round_history":[{"arena":"crate_yard","epoch":1,"game":"crate_smash","scores":[13,8,8,10]},{"arena":"crate_yard","epoch":2,"game":"crate_smash","scores":[8,6,12,11]},{"arena":"crate_yard","epoch":3,"game":"crate_smash","scores":[21,5,4,12]}],"scores":[21,5,4,12],"snapshots":1665,"tournament":{"awards":[5,2,1,3],"champions":[0],"complete":true,"contenders":[],"cups":[2,0,1,0],"mode":"points","points":[12,5,8,9],"round":3,"target":3,"tie_attempts":0},"tournament_rotation":"random_no_repeat","world_snapshots":1665}]}
{"event":"server_timing","maxMs":102}
