✔ fresh database reaches schema 2 with expiry indexes (8.153458ms)
✔ legacy schema migration preserves owner, sessions and challenge then reopens idempotently (12.359958ms)
✔ schema 1 upgrades indexes without changing stored data (6.50125ms)
✔ future schema is rejected without downgrading or changing contents (5.52625ms)
✔ negative schema version is rejected without rewriting the database (5.608208ms)
✔ partial legacy schema is rejected without creating missing account tables (1.535791ms)
✔ foreign-key damage refuses migration and preserves diagnostic source (15.613083ms)
✔ migration error rolls back both version and earlier DDL (7.015583ms)
✔ existing index with incompatible definition refuses migration and rolls back (6.133958ms)
✔ current version with missing index fails rather than silently accepting damaged schema (4.750792ms)
✔ incompatible legacy columns fail without altering account rows or schema (6.970625ms)
✔ deletion requires matching Apple subject and removes every account session (3.642709ms)
✔ owner binding persists by subject, ordinary accounts stay locked, nonce cannot replay (1.4095ms)
✔ expired challenge is denied (0.7575ms)
✔ Apple signature, audience, issuer, nonce, expiry and verified email are enforced (164.250417ms)
✔ armed race world bounds inventory hazards and inherited progress (7.743833ms)
✔ actual Godot armed-race capture satisfies server schema (0.495625ms)
✔ restore audit includes uncheckpointed account WAL and leaves live data unchanged (19.266292ms)
✔ audit refuses missing, relative and corrupt source files without creating a database (4.750833ms)
✔ audit rejects foreign-key damage and unrelated SQLite schemas (9.691959ms)
✔ audit compares one WAL snapshot while the service continues writing (9.154583ms)
✔ complete campaign counts actual qualified matches but does not certify release (2.094042ms)
✔ partial campaign names missing games explicitly (1.672125ms)
✔ warnings survive aggregation instead of becoming green readiness (0.223416ms)
✔ rejects campaign missing start (0.220666ms)
✔ rejects campaign missing end (0.138083ms)
✔ rejects campaign short fingerprint (0.083125ms)
✔ rejects campaign non-hex fingerprint (0.067542ms)
✔ rejects campaign changed source (0.060834ms)
✔ rejects campaign different source across games (0.090666ms)
✔ rejects campaign missing engine (0.210708ms)
✔ rejects campaign wrong engine (0.135417ms)
✔ source pin cannot be replaced by an internally consistent different fingerprint (0.121541ms)
✔ matching explicit source pin remains accepted without declaring release readiness (0.102375ms)
✔ empty partial evidence does not invent a verified engine or source (0.063208ms)
✔ rejects invalid expected fingerprint  (0.089458ms)
✔ rejects invalid expected fingerprint 1 (0.083708ms)
✔ rejects invalid expected fingerprint short (0.147166ms)
✔ rejects invalid expected fingerprint zzzzzzzzzzzzzzzzzzzzzzzzzzzzzzzzzzzzzzzzzzzzzzzzzzzzzzzzzzzzzzzz (0.117459ms)
✔ rejects invalid expected engine  (0.092667ms)
✔ rejects invalid expected engine   (0.044958ms)
✔ rejects invalid expected engine null (0.03775ms)
✔ rejects invalid expected engine 4.7 (0.039042ms)
✔ rejects wrong source (0.086583ms)
✔ rejects wrong checkout (0.077ms)
✔ rejects mixed run (0.057625ms)
✔ rejects clipped window (0.056542ms)
✔ rejects incomplete baseline (0.055458ms)
✔ rejects incomplete difficulty (0.063708ms)
✔ rejects failed smoke (0.055375ms)
✔ rejects critical flag (5.671ms)
✔ rejects unlabelled warning (0.125209ms)
✔ rejects malformed warning (0.072666ms)
✔ rejects wrong game (0.057958ms)
✔ rejects invalid wins (0.075959ms)
✔ independent campaign records offset and still verifies matched pairs (0.766459ms)
✔ rejects independent campaign source offset (0.2785ms)
✔ rejects independent campaign report offset (0.309833ms)
✔ rejects independent campaign game offset (0.214375ms)
✔ rejects independent campaign baseline missing (0.168417ms)
✔ rejects independent campaign baseline replayed (0.176292ms)
✔ rejects independent campaign mutator replayed (0.093709ms)
✔ rejects independent campaign chaos missing (0.126667ms)
✔ rejects independent campaign both difficulty seeds replayed (0.109542ms)
✔ rejects invalid expected seed offset -1 (0.068375ms)
✔ rejects invalid expected seed offset 1.5 (0.039917ms)
✔ rejects invalid expected seed offset 1000000001 (0.037875ms)
✔ rejects invalid expected seed offset NaN (0.045458ms)
✔ rejects invalid expected seed offset Infinity (0.040541ms)
✔ rejects duplicate reports even in partial mode (0.231291ms)
✔ rejects unregistered source and invalid expected identity (1.536833ms)
✔ boss completion requires explicit seeded objective evidence (1.983541ms)
✔ rejects boss evidence missing outcomes (0.681875ms)
✔ rejects boss evidence missing counter (0.36325ms)
✔ rejects boss evidence negative counter (0.203583ms)
✔ rejects boss evidence fractional counter (0.134084ms)
✔ rejects boss evidence string counter (0.105791ms)
✔ rejects boss evidence counter mismatch (0.446042ms)
✔ rejects boss evidence short outcomes (0.235334ms)
✔ rejects boss evidence duplicate seed (0.123708ms)
✔ rejects boss evidence wrong seed (0.15225ms)
✔ rejects boss evidence malformed outcome (0.101125ms)
✔ rejects boss evidence unknown objective (0.08675ms)
✔ rejects boss evidence invalid objective (0.185583ms)
✔ surviving every boss match requires a retained review warning (0.744459ms)
✔ boss outcomes must use the configured independent campaign offset (0.521542ms)
✔ rejects boss comparison missing difficulty outcome (0.168959ms)
✔ rejects boss comparison unknown difficulty outcome (0.251292ms)
✔ rejects boss comparison null difficulty sample (0.143625ms)
✔ rejects boss comparison missing mutated outcome (0.126333ms)
✔ rejects boss comparison unknown chaos outcome (0.166291ms)
✔ rejects boss comparison invalid mutated outcome (0.103083ms)
✔ paired campaign verifies all roster members and adjusted match counts (0.109666ms)
✔ legacy evidence stays explicitly unpaired and cannot qualify a paired campaign (0.171833ms)
✔ rejects mismatched paired world seed (0.127041ms)
✔ rejects mismatched paired character (0.154208ms)
✔ rejects mismatched paired seat orientation (0.090541ms)
✔ rejects mismatched paired completion (0.153125ms)
✔ rejects mismatched paired roster coverage (0.105583ms)
✔ later clean recheck cannot erase an earlier current warning (2.29075ms)
✔ clean current evidence still requires device review and attestation (0.371208ms)
✔ stale or mid-run changed sources are retained but cannot qualify (0.284917ms)
✔ incomplete current warning remains visible instead of being dropped (0.156291ms)
✔ bad flags, severity, engine, mode and difficulty fail eligibility (0.139833ms)
✔ duplicate reports and unknown or duplicate games are rejected (0.298833ms)
✔ overlapping seeds are retained separately without invented match totals (0.067208ms)
✔ empty evidence cannot claim balance or release readiness (0.099666ms)
✔ CLI reads the actual catalogue and pins the current checkout itself (332.909292ms)
✔ source fingerprint matches the engine path/hash/newline contract (6.915541ms)
✔ nested gameplay edits change the pin but ignored files do not (5.495333ms)
✔ each engine-qualified extension and project settings affects the pin (7.49675ms)
✔ missing required roots and symlinks fail closed (2.846375ms)
✔ campaign summary pins evidence to its actual checked-out source (0.874ms)
✔ blast world validates bounded host state and terminal detonation (1.77675ms)
✔ bumper world bounds five visual scales and hit serials (1.339125ms)
✔ color world requires a complete bounded quilt, call and phase (6.74125ms)
✔ colossus world bounds poses, holes, identity and authority state (3.615958ms)
✔ actual Godot colossus slam and arm hit satisfy server schema (1.420334ms)
✔ crate worlds bound identities, types, feedback and lab-only projectiles (2.21025ms)
✔ crate event lanes retain mixed kinds and reject incoherent or excessive history (0.425542ms)
✔ draw world validates bounded host decisions without hidden timing (1.474083ms)
✔ dreadnought schema bounds boss state and every visible world object (3.355792ms)
✔ actual Godot dreadnought capture satisfies server schema (0.571083ms)
✔ duel world bounds lives and damage to the authoritative roster (1.282708ms)
✔ duo world binds team points, lives and hazards to the selected arena (1.149958ms)
✔ echo publishes only the visible cue with consistent bounded progress (1.357833ms)
✔ recorded fawda standings restore the actual two-contender final (2.317792ms)
✔ checkpoint cannot silently replace an unrelated or started match (1.316875ms)
✔ early final does not invent an explosion, but world agreement is mandatory (1.159042ms)
✔ ordinary campaigns still require each real ordnance event (0.645917ms)
✔ agreement checks reject lost events, altered fuses, carriers and bombs (1.439709ms)
✔ missing match history and a noncontender champion cannot pass (7.646958ms)
✔ decimal JSON round-trip noise is not a changed physical position (0.290625ms)
✔ fawda bounds visible bombs carrying and sampled event generations (2.410708ms)
✔ floe world bounds all three platform positions and motion age (0.999208ms)
✔ forge schema rejects incomplete or inconsistent boss and object presentation (3.081708ms)
✔ actual Godot forge capture satisfies server schema (0.448333ms)
✔ kart result range preserves unfinished progress and summed rounds without widening arena scores (1.601875ms)
✔ kart tournament ranks unfinished racers behind finishers using real score encoding (1.683583ms)
✔ hurdle world bounds finish times by observed elapsed clock (1.821083ms)
✔ kart world bounds course progress finishing rescue and per-player boost state (3.478ms)
✔ lab budgets cover authored rounds, bounded finals and every CI peer group (1.717208ms)
✔ network timing separates handler work from scheduler stalls without payloads (2.570083ms)
✔ network timing bounds samples while retaining the worst later stall (0.316625ms)
✔ operation CPU stays associated with its actual worst wall sample (1.130125ms)
✔ diagnostic operation cardinality is bounded without dropping known samples (0.233125ms)
✔ kart fixture budgets all ordinary races and bounded contender finals (1.177958ms)
✔ colossus room validates host authority and restores carved world and result on resume (6.661375ms)
✔ sovereign room validates host world and restores identity, world and result on resume (1.156166ms)
✔ dreadnought room validates host world and restores identity and result on resume (1.017791ms)
✔ forge room validates host state and restores identity, world and result on resume (0.963458ms)
✔ boss_forge tournament resolves final without changing ordinary points or cups (1.662709ms)
✔ boss_dreadnought tournament resolves final without changing ordinary points or cups (3.542416ms)
✔ boss_sovereign tournament resolves final without changing ordinary points or cups (3.218917ms)
✔ boss_colossus tournament resolves final without changing ordinary points or cups (5.071584ms)
✔ siege rooms bind both arenas and preserve host crystal state on resume (2.084083ms)
✔ siege tournament rotates both arenas and final awards no extra points or cups (1.207083ms)
✔ wall clock adjustments cannot expire a live room (0.243375ms)
✔ diagnostic seeds are server-injected and clients cannot override them (0.310542ms)
✔ closed-room inputs drain briefly without granting authority to detached clients (0.574042ms)
✔ joining another room clears the closed-room input drain allowance (0.89775ms)
✔ goal guard enforces its arena and complete world snapshots (0.481667ms)
✔ blast room rejects missing fuse, invalid arena and non-host snapshots (0.422625ms)
✔ echo room accepts only host public cues and consistent progress (0.489667ms)
✔ crate rooms require their arena and host snapshots with game-specific weapons (5.053459ms)
✔ draw room relays host decisions and rejects hidden timing or client authority (0.911084ms)
✔ color room requires host-owned palette and called color (1.888458ms)
✔ crumble room relays only complete host-owned floor state (0.678084ms)
✔ sky room requires bounded bank and warning state (0.600875ms)
✔ storm room relays turbine state and rejects missing or excessive state (0.727125ms)
✔ magnet rooms require both ball state and bounded magnet ownership (0.482375ms)
✔ zone hold requires host capture state and rejects malformed updates (0.368917ms)
✔ relic match requires world state and bounds carrier to roster (0.382667ms)
✔ tag match requires bounded authoritative hunter role (0.319459ms)
✔ paint games relay complete ownership and reject invalid grids (1.298ms)
✔ collection games reject absent or wrong-kind world state (1.119ms)
✔ relay room accepts only host cargo with its authored arena (0.644666ms)
✔ bumper rooms require five bounded host-owned barriers (0.679833ms)
✔ kart rooms bind host laps and course geometry and preserve race state on resume (2.761125ms)
✔ kart tournament final snapshots use one lap instead of the lobby lap limit (0.886667ms)
✔ armed race rooms bind all authored courses, host laps and resumed weapon state (15.381333ms)
✔ armed race tournament final binds one lap and cannot award extra cups (1.0655ms)
✔ fawda rooms require bounded host bomb state on both maps and preserve it on resume (1.329833ms)
✔ scrap rooms validate host health and preserve collision baseline on resume (1.223625ms)
✔ ATV rooms require host-owned armor ammo crates and shell generations on each map (2.3655ms)
✔ turret rooms require host-owned launch generations and combat meters (0.490792ms)
✔ floe rooms require bounded host-owned platforms on each authored arena (0.7705ms)
✔ duo rooms bind team snapshots to each authored arena (0.910584ms)
✔ duel rooms validate host lives and damage (0.380084ms)
✔ sweeper rooms require all three host-owned arm angles (0.362875ms)
✔ tide rooms accept only host water state on the authored arena (0.397833ms)
✔ hurdle rooms validate host times and award the fastest tournament runner (0.51125ms)
✔ tournament snapshots follow the current game rather than the lobby default (0.243625ms)
✔ private codes, public discovery, four players, no leaked tokens (0.400959ms)
✔ host controls, readiness invalidation, load barrier, authoritative results (0.64975ms)
✔ reconnect preserves identity and grace, rejects impersonation and expired tokens (0.197708ms)
✔ host loss expires without fabricated winner, kick invalidates token (0.155375ms)
✔ incompatible protocols cannot create, join or resume a room (0.515458ms)
✔ protocol/config validation and bounded room resources (0.1835ms)
✔ rejoining a lobby reuses only a vacant slot (0.196542ms)
✔ resuming after returning to lobby cannot replay an old result (0.194333ms)
✔ disconnected host receives the full reconnect grace, not snapshot age (0.114542ms)
✔ loading and silent-authority watchdogs terminate without a result (0.119542ms)
✔ online tournament keeps roster, requires ready between rounds and reconnects standings (0.738292ms)
✔ online tournament rejects unavailable games and malformed point tables (0.120875ms)
✔ host can configure independent random tournament rotation without bypassing readiness (0.247875ms)
✔ real WebSocket match, reconnect and closed-room input drain (38.371292ms)
✔ independent scheduling probe starts, reports and exits without room payloads (117.190375ms)
✔ scrap world bounds health maximum impact position and wreck feedback by roster (3.6825ms)
✔ siege schema bounds roster-ordered base health animation and feedback (2.662125ms)
✔ actual Godot siege capture satisfies server schema (0.554ms)
✔ sovereign schema bounds phases, shields, recovery and visible objects (4.117833ms)
✔ actual Godot sovereign capture satisfies server schema (0.524333ms)
✔ sweeper world contains exactly three finite bounded arm angles (2.07875ms)
✔ tank world validates all shell kinds, ammunition, armor, fuses and five crates (3.007833ms)
✔ tide snapshots contain only bounded authoritative water presentation (1.375583ms)
✔ mixed race and score rounds use their own ranking direction (2.351208ms)
✔ race tiebreak ignores faster spectators and awards no extra points (0.153917ms)
✔ duo teammates settle a tournament tie in an individual duel (0.177625ms)
✔ catalogue ranking rejects unknown games and cannot be supplied by clients (0.360291ms)
✔ race cup tournaments reward quickest finish and refuse unstarted results (0.863625ms)
✔ points, cup awards and results are applied once per epoch (0.21425ms)
✔ cup target, tied finalists and bounded shared championship (0.263459ms)
✔ a tiebreak narrows contenders without awarding extra tournament points (0.190791ms)
✔ seeded rotation exhausts each bag without repetition (0.214125ms)
✔ independent random rotation is seeded and permits consecutive repeats (0.350625ms)
✔ tournament view cannot mutate authoritative accounting (0.130083ms)
✔ turret world bounds launch generations, live shots and host cooldown/damage (1.48175ms)
✔ crumble requires every authored tile with bounded phases and event counters (2.242666ms)
✔ sky world bounds tilt and warning state with no arbitrary transforms (0.47275ms)
✔ storm world allows two extra balls but requires turbine state and bounded events (0.568041ms)
✔ magnet world maps every ball to a bounded owner and every player to a meter (0.239333ms)
✔ saboteur requires bounded drone and warning state with tile ownership (0.479375ms)
✔ paint grid requires complete bounded tile ownership (0.183083ms)
✔ tag world bounds role and handover grace without coercing JSON types (0.130042ms)
✔ relic ownership and loose-item representation are mutually exclusive (0.298583ms)
✔ zone world rejects malformed or unbounded presentation state (0.22025ms)
✔ goal world validates counts, finite bounds, generations and JSON types (0.263792ms)
✔ collection worlds bound identities, visual fields, carrying and payload size (0.582209ms)
✔ relay snapshots enforce single cargo and bounded crate population (0.189875ms)
ℹ tests 240
ℹ suites 0
ℹ pass 240
ℹ fail 0
ℹ cancelled 0
ℹ skipped 0
ℹ todo 0
ℹ duration_ms 789.255
