✔ colossus room validates host authority and restores carved world and result on resume (3.468417ms)
✔ sovereign room validates host world and restores identity, world and result on resume (0.661625ms)
✔ dreadnought room validates host world and restores identity and result on resume (0.752416ms)
✔ forge room validates host state and restores identity, world and result on resume (0.5935ms)
✔ boss_forge tournament resolves final without changing ordinary points or cups (0.805083ms)
✔ boss_dreadnought tournament resolves final without changing ordinary points or cups (0.489959ms)
✔ boss_sovereign tournament resolves final without changing ordinary points or cups (0.463625ms)
✔ boss_colossus tournament resolves final without changing ordinary points or cups (0.418875ms)
✔ siege rooms bind both arenas and preserve host crystal state on resume (1.07675ms)
✔ siege tournament rotates both arenas and final awards no extra points or cups (0.654875ms)
✔ wall clock adjustments cannot expire a live room (0.130833ms)
✔ diagnostic seeds are server-injected and clients cannot override them (0.183208ms)
✔ closed-room inputs drain briefly without granting authority to detached clients (0.332541ms)
✔ joining another room clears the closed-room input drain allowance (0.143958ms)
✔ goal guard enforces its arena and complete world snapshots (0.245458ms)
✔ blast room rejects missing fuse, invalid arena and non-host snapshots (0.243916ms)
✔ echo room accepts only host public cues and consistent progress (0.283792ms)
✔ crate rooms require their arena and host snapshots with game-specific weapons (0.549458ms)
✔ draw room relays host decisions and rejects hidden timing or client authority (0.249167ms)
✔ color room requires host-owned palette and called color (0.403292ms)
✔ crumble room relays only complete host-owned floor state (0.27ms)
✔ sky room requires bounded bank and warning state (0.236708ms)
✔ storm room relays turbine state and rejects missing or excessive state (0.245917ms)
✔ magnet rooms require both ball state and bounded magnet ownership (0.214708ms)
✔ zone hold requires host capture state and rejects malformed updates (0.189459ms)
✔ relic match requires world state and bounds carrier to roster (0.212ms)
✔ tag match requires bounded authoritative hunter role (0.182166ms)
✔ paint games relay complete ownership and reject invalid grids (0.756917ms)
✔ collection games reject absent or wrong-kind world state (0.529458ms)
✔ relay room accepts only host cargo with its authored arena (0.272667ms)
✔ bumper rooms require five bounded host-owned barriers (0.284667ms)
✔ kart rooms bind host laps and course geometry and preserve race state on resume (1.342917ms)
✔ kart tournament final snapshots use one lap instead of the lobby lap limit (0.529166ms)
✔ armed race rooms bind all authored courses, host laps and resumed weapon state (7.887959ms)
✔ armed race tournament final binds one lap and cannot award extra cups (0.507083ms)
✔ fawda rooms require bounded host bomb state on both maps and preserve it on resume (0.722458ms)
✔ scrap rooms validate host health and preserve collision baseline on resume (0.396083ms)
✔ ATV rooms require host-owned armor ammo crates and shell generations on each map (1.270833ms)
✔ turret rooms require host-owned launch generations and combat meters (0.309458ms)
✔ floe rooms require bounded host-owned platforms on each authored arena (0.455334ms)
✔ duo rooms bind team snapshots to each authored arena (0.537ms)
✔ duel rooms validate host lives and damage (0.22425ms)
✔ sweeper rooms require all three host-owned arm angles (0.2175ms)
✔ tide rooms accept only host water state on the authored arena (0.234209ms)
✔ hurdle rooms validate host times and award the fastest tournament runner (0.298333ms)
✔ tournament snapshots follow the current game rather than the lobby default (0.142209ms)
✔ private codes, public discovery, four players, no leaked tokens (0.241292ms)
✔ host controls, readiness invalidation, load barrier, authoritative results (0.3835ms)
✔ reconnect preserves identity and grace, rejects impersonation and expired tokens (0.117667ms)
✔ host loss expires without fabricated winner, kick invalidates token (0.088834ms)
✔ incompatible protocols cannot create, join or resume a room (0.302958ms)
✔ protocol/config validation and bounded room resources (0.108042ms)
✔ rejoining a lobby reuses only a vacant slot (0.1195ms)
✔ resuming after returning to lobby cannot replay an old result (0.107375ms)
✔ disconnected host receives the full reconnect grace, not snapshot age (0.06925ms)
✔ loading and silent-authority watchdogs terminate without a result (0.071375ms)
✔ online tournament keeps roster, requires ready between rounds and reconnects standings (0.445416ms)
✔ online tournament rejects unavailable games and malformed point tables (0.072959ms)
✔ host can configure independent random tournament rotation without bypassing readiness (0.157458ms)
✔ real WebSocket match, reconnect and closed-room input drain (32.786834ms)
✔ mixed race and score rounds use their own ranking direction (1.707917ms)
✔ race tiebreak ignores faster spectators and awards no extra points (0.115375ms)
✔ duo teammates settle a tournament tie in an individual duel (0.125166ms)
✔ catalogue ranking rejects unknown games and cannot be supplied by clients (0.230875ms)
✔ race cup tournaments reward quickest finish and refuse unstarted results (0.514625ms)
✔ points, cup awards and results are applied once per epoch (0.1195ms)
✔ cup target, tied finalists and bounded shared championship (0.079917ms)
✔ a tiebreak narrows contenders without awarding extra tournament points (0.054584ms)
✔ seeded rotation exhausts each bag without repetition (0.126333ms)
✔ independent random rotation is seeded and permits consecutive repeats (0.229625ms)
✔ tournament view cannot mutate authoritative accounting (0.081917ms)
ℹ tests 71
ℹ suites 0
ℹ pass 71
ℹ fail 0
ℹ cancelled 0
ℹ skipped 0
ℹ todo 0
ℹ duration_ms 201.710916
