
> test
> node --test

✔ fresh database reaches schema 2 with expiry indexes (10.664708ms)
✔ legacy schema migration preserves owner, sessions and challenge then reopens idempotently (10.018583ms)
✔ schema 1 upgrades indexes without changing stored data (7.233083ms)
✔ future schema is rejected without downgrading or changing contents (5.183375ms)
✔ negative schema version is rejected without rewriting the database (4.141125ms)
✔ partial legacy schema is rejected without creating missing account tables (1.603417ms)
✔ foreign-key damage refuses migration and preserves diagnostic source (5.460375ms)
✔ migration error rolls back both version and earlier DDL (7.094042ms)
✔ existing index with incompatible definition refuses migration and rolls back (5.860167ms)
✔ current version with missing index fails rather than silently accepting damaged schema (33.205584ms)
✔ incompatible legacy columns fail without altering account rows or schema (7.00675ms)
✔ deletion requires matching Apple subject and removes every account session (21.993916ms)
✔ owner binding persists by subject, ordinary accounts stay locked, nonce cannot replay (1.037791ms)
✔ expired challenge is denied (0.853166ms)
✔ Apple signature, audience, issuer, nonce, expiry and verified email are enforced (270.384667ms)
✔ armed race world bounds inventory hazards and inherited progress (21.128375ms)
✔ actual Godot armed-race capture satisfies server schema (2.295542ms)
✔ restore audit includes uncheckpointed account WAL and leaves live data unchanged (20.156208ms)
✔ audit refuses missing, relative and corrupt source files without creating a database (2.199375ms)
✔ audit rejects foreign-key damage and unrelated SQLite schemas (7.481291ms)
✔ audit compares one WAL snapshot while the service continues writing (7.606083ms)
✔ complete campaign counts actual qualified matches but does not certify release (2.133625ms)
✔ partial campaign names missing games explicitly (1.299042ms)
✔ warnings survive aggregation instead of becoming green readiness (0.207ms)
✔ rejects campaign missing start (0.122833ms)
✔ rejects campaign missing end (0.089791ms)
✔ rejects campaign short fingerprint (0.068542ms)
✔ rejects campaign non-hex fingerprint (0.063334ms)
✔ rejects campaign changed source (0.057041ms)
✔ rejects campaign different source across games (0.091125ms)
✔ rejects campaign missing engine (0.110292ms)
✔ rejects campaign wrong engine (0.065541ms)
✔ source pin cannot be replaced by an internally consistent different fingerprint (0.075375ms)
✔ matching explicit source pin remains accepted without declaring release readiness (0.073625ms)
✔ empty partial evidence does not invent a verified engine or source (0.051542ms)
✔ rejects invalid expected fingerprint  (0.049917ms)
✔ rejects invalid expected fingerprint 1 (0.03675ms)
✔ rejects invalid expected fingerprint short (0.036792ms)
✔ rejects invalid expected fingerprint zzzzzzzzzzzzzzzzzzzzzzzzzzzzzzzzzzzzzzzzzzzzzzzzzzzzzzzzzzzzzzzz (0.027542ms)
✔ rejects invalid expected engine  (0.04975ms)
✔ rejects invalid expected engine   (0.026417ms)
✔ rejects invalid expected engine null (0.02525ms)
✔ rejects invalid expected engine 4.7 (0.026583ms)
✔ rejects wrong source (0.187875ms)
✔ rejects wrong checkout (0.148125ms)
✔ rejects mixed run (0.122166ms)
✔ rejects clipped window (0.138459ms)
✔ rejects incomplete baseline (0.124208ms)
✔ rejects incomplete difficulty (0.114042ms)
✔ rejects failed smoke (1.070958ms)
✔ rejects critical flag (0.147333ms)
✔ rejects unlabelled warning (0.073834ms)
✔ rejects malformed warning (0.065625ms)
✔ rejects wrong game (0.060333ms)
✔ rejects invalid wins (0.080958ms)
✔ independent campaign records offset and still verifies matched pairs (0.285417ms)
✔ rejects independent campaign source offset (0.103833ms)
✔ rejects independent campaign report offset (0.208083ms)
✔ rejects independent campaign game offset (0.18575ms)
✔ rejects independent campaign baseline missing (0.216583ms)
✔ rejects independent campaign baseline replayed (0.231125ms)
✔ rejects independent campaign mutator replayed (0.093541ms)
✔ rejects independent campaign chaos missing (0.074875ms)
✔ rejects independent campaign both difficulty seeds replayed (0.089416ms)
✔ rejects invalid expected seed offset -1 (0.061ms)
✔ rejects invalid expected seed offset 1.5 (0.0335ms)
✔ rejects invalid expected seed offset 1000000001 (0.032209ms)
✔ rejects invalid expected seed offset NaN (0.031584ms)
✔ rejects invalid expected seed offset Infinity (0.031833ms)
✔ rejects duplicate reports even in partial mode (0.069166ms)
✔ rejects unregistered source and invalid expected identity (0.087ms)
✔ boss completion requires explicit seeded objective evidence (0.330916ms)
✔ rejects boss evidence missing outcomes (0.131541ms)
✔ rejects boss evidence missing counter (0.126292ms)
✔ rejects boss evidence negative counter (0.095083ms)
✔ rejects boss evidence fractional counter (0.097666ms)
✔ rejects boss evidence string counter (0.085917ms)
✔ rejects boss evidence counter mismatch (0.092792ms)
✔ rejects boss evidence short outcomes (0.071125ms)
✔ rejects boss evidence duplicate seed (0.080667ms)
✔ rejects boss evidence wrong seed (0.091083ms)
✔ rejects boss evidence malformed outcome (0.076875ms)
✔ rejects boss evidence unknown objective (0.0775ms)
✔ rejects boss evidence invalid objective (0.083958ms)
✔ surviving every boss match requires a retained review warning (0.27175ms)
✔ boss outcomes must use the configured independent campaign offset (1.090209ms)
✔ rejects boss comparison missing difficulty outcome (0.693792ms)
✔ rejects boss comparison unknown difficulty outcome (1.050917ms)
✔ rejects boss comparison null difficulty sample (0.3055ms)
✔ rejects boss comparison missing mutated outcome (0.311916ms)
✔ rejects boss comparison unknown chaos outcome (0.214333ms)
✔ rejects boss comparison invalid mutated outcome (0.179917ms)
✔ paired campaign verifies all roster members and adjusted match counts (0.126458ms)
✔ legacy evidence stays explicitly unpaired and cannot qualify a paired campaign (0.102333ms)
✔ rejects mismatched paired world seed (0.188708ms)
✔ rejects mismatched paired character (0.374875ms)
✔ rejects mismatched paired seat orientation (0.096375ms)
✔ rejects mismatched paired completion (0.296792ms)
✔ rejects mismatched paired roster coverage (0.146916ms)
✔ later clean recheck cannot erase an earlier current warning (3.285334ms)
✔ clean current evidence still requires device review and attestation (0.263958ms)
✔ stale or mid-run changed sources are retained but cannot qualify (0.3065ms)
✔ incomplete current warning remains visible instead of being dropped (0.155666ms)
✔ bad flags, severity, engine, mode and difficulty fail eligibility (0.210041ms)
✔ duplicate reports and unknown or duplicate games are rejected (0.5415ms)
✔ overlapping seeds are retained separately without invented match totals (0.142084ms)
✔ empty evidence cannot claim balance or release readiness (0.183083ms)
✔ CLI reads the actual catalogue and pins the current checkout itself (390.076959ms)
✔ source fingerprint matches the engine path/hash/newline contract (5.389125ms)
✔ nested gameplay edits change the pin but ignored files do not (4.721666ms)
✔ each engine-qualified extension and project settings affects the pin (9.758125ms)
✔ missing required roots and symlinks fail closed (3.393916ms)
✔ campaign summary pins evidence to its actual checked-out source (0.964834ms)
✔ blast world validates bounded host state and terminal detonation (1.197ms)
✔ bumper world bounds five visual scales and hit serials (1.564ms)
✔ color world requires a complete bounded quilt, call and phase (6.057875ms)
✔ colossus world bounds poses, holes, identity and authority state (4.311583ms)
✔ actual Godot colossus slam and arm hit satisfy server schema (1.848333ms)
✔ crate worlds bound identities, types, feedback and lab-only projectiles (3.099ms)
✔ crate event lanes retain mixed kinds and reject incoherent or excessive history (0.53175ms)
✔ draw world validates bounded host decisions without hidden timing (1.524083ms)
✔ dreadnought schema bounds boss state and every visible world object (3.635375ms)
✔ actual Godot dreadnought capture satisfies server schema (0.644584ms)
✔ duel world bounds lives and damage to the authoritative roster (1.47225ms)
✔ duo world binds team points, lives and hazards to the selected arena (1.581833ms)
✔ echo publishes only the visible cue with consistent bounded progress (4.720459ms)
✔ recorded fawda standings restore the actual two-contender final (3.651333ms)
✔ checkpoint cannot silently replace an unrelated or started match (1.895334ms)
✔ early final does not invent an explosion, but world agreement is mandatory (0.739709ms)
✔ ordinary campaigns still require each real ordnance event (1.111041ms)
✔ agreement checks reject lost events, altered fuses, carriers and bombs (1.733084ms)
✔ missing match history and a noncontender champion cannot pass (10.098917ms)
✔ decimal JSON round-trip noise is not a changed physical position (0.432542ms)
✔ fawda bounds visible bombs carrying and sampled event generations (2.3175ms)
✔ floe world bounds all three platform positions and motion age (2.128833ms)
✔ forge schema rejects incomplete or inconsistent boss and object presentation (12.952542ms)
✔ actual Godot forge capture satisfies server schema (0.600042ms)
✔ kart result range preserves unfinished progress and summed rounds without widening arena scores (4.68275ms)
✔ kart tournament ranks unfinished racers behind finishers using real score encoding (1.76625ms)
✔ hurdle world bounds finish times by observed elapsed clock (1.3465ms)
✔ kart world bounds course progress finishing rescue and per-player boost state (6.642375ms)
✔ lab budgets cover authored rounds, bounded finals and every CI peer group (1.992875ms)
✔ network timing separates handler work from scheduler stalls without payloads (3.1035ms)
✔ network timing bounds samples while retaining the worst later stall (0.379708ms)
✔ operation CPU stays associated with its actual worst wall sample (0.3175ms)
✔ diagnostic operation cardinality is bounded without dropping known samples (0.2785ms)
✔ kart fixture budgets all ordinary races and bounded contender finals (1.715917ms)
✔ colossus room validates host authority and restores carved world and result on resume (7.950167ms)
✔ sovereign room validates host world and restores identity, world and result on resume (1.506875ms)
✔ dreadnought room validates host world and restores identity and result on resume (1.750542ms)
✔ forge room validates host state and restores identity, world and result on resume (1.377708ms)
✔ boss_forge tournament resolves final without changing ordinary points or cups (1.624708ms)
✔ boss_dreadnought tournament resolves final without changing ordinary points or cups (1.47125ms)
✔ boss_sovereign tournament resolves final without changing ordinary points or cups (1.277167ms)
✔ boss_colossus tournament resolves final without changing ordinary points or cups (1.101208ms)
✔ siege rooms bind both arenas and preserve host crystal state on resume (2.845875ms)
✔ siege tournament rotates both arenas and final awards no extra points or cups (2.072417ms)
✔ wall clock adjustments cannot expire a live room (0.385ms)
✔ diagnostic seeds are server-injected and clients cannot override them (0.537375ms)
✔ closed-room inputs drain briefly without granting authority to detached clients (0.803916ms)
✔ joining another room clears the closed-room input drain allowance (0.351792ms)
✔ goal guard enforces its arena and complete world snapshots (1.288541ms)
✔ blast room rejects missing fuse, invalid arena and non-host snapshots (0.8535ms)
✔ echo room accepts only host public cues and consistent progress (0.774042ms)
✔ crate rooms require their arena and host snapshots with game-specific weapons (1.362625ms)
✔ draw room relays host decisions and rejects hidden timing or client authority (0.598875ms)
✔ color room requires host-owned palette and called color (0.777708ms)
✔ crumble room relays only complete host-owned floor state (0.543667ms)
✔ sky room requires bounded bank and warning state (0.581ms)
✔ storm room relays turbine state and rejects missing or excessive state (0.455ms)
✔ magnet rooms require both ball state and bounded magnet ownership (0.4215ms)
✔ zone hold requires host capture state and rejects malformed updates (0.394167ms)
✔ relic match requires world state and bounds carrier to roster (0.405417ms)
✔ tag match requires bounded authoritative hunter role (0.337041ms)
✔ paint games relay complete ownership and reject invalid grids (1.785167ms)
✔ collection games reject absent or wrong-kind world state (0.874125ms)
✔ relay room accepts only host cargo with its authored arena (0.535709ms)
✔ bumper rooms require five bounded host-owned barriers (0.553541ms)
✔ kart rooms bind host laps and course geometry and preserve race state on resume (3.080667ms)
✔ kart tournament final snapshots use one lap instead of the lobby lap limit (1.063125ms)
✔ armed race rooms bind all authored courses, host laps and resumed weapon state (24.370666ms)
✔ armed race tournament final binds one lap and cannot award extra cups (1.315167ms)
✔ fawda rooms require bounded host bomb state on both maps and preserve it on resume (1.944167ms)
✔ scrap rooms validate host health and preserve collision baseline on resume (1.097416ms)
✔ ATV rooms require host-owned armor ammo crates and shell generations on each map (3.07075ms)
✔ turret rooms require host-owned launch generations and combat meters (0.613ms)
✔ floe rooms require bounded host-owned platforms on each authored arena (1.908125ms)
✔ duo rooms bind team snapshots to each authored arena (1.572083ms)
✔ duel rooms validate host lives and damage (0.5035ms)
✔ sweeper rooms require all three host-owned arm angles (0.451125ms)
✔ tide rooms accept only host water state on the authored arena (0.481666ms)
✔ hurdle rooms validate host times and award the fastest tournament runner (0.621458ms)
✔ tournament snapshots follow the current game rather than the lobby default (0.293959ms)
✔ private codes, public discovery, four players, no leaked tokens (0.485ms)
✔ host controls, readiness invalidation, load barrier, authoritative results (0.766042ms)
✔ reconnect preserves identity and grace, rejects impersonation and expired tokens (0.238334ms)
✔ host loss expires without fabricated winner, kick invalidates token (0.180625ms)
✔ incompatible protocols cannot create, join or resume a room (0.60275ms)
✔ protocol/config validation and bounded room resources (0.208875ms)
✔ rejoining a lobby reuses only a vacant slot (0.227333ms)
✔ resuming after returning to lobby cannot replay an old result (0.204792ms)
✔ disconnected host receives the full reconnect grace, not snapshot age (0.131958ms)
✔ loading and silent-authority watchdogs terminate without a result (0.1395ms)
✔ online tournament keeps roster, requires ready between rounds and reconnects standings (0.95275ms)
✔ online tournament rejects unavailable games and malformed point tables (0.141125ms)
✔ real WebSocket match, reconnect and closed-room input drain (49.695208ms)
✔ independent scheduling probe starts, reports and exits without room payloads (159.598667ms)
✔ scrap world bounds health maximum impact position and wreck feedback by roster (2.154458ms)
✔ siege schema bounds roster-ordered base health animation and feedback (1.557459ms)
✔ actual Godot siege capture satisfies server schema (0.45525ms)
✔ sovereign schema bounds phases, shields, recovery and visible objects (5.0485ms)
✔ actual Godot sovereign capture satisfies server schema (1.408209ms)
✔ sweeper world contains exactly three finite bounded arm angles (1.478458ms)
✔ tank world validates all shell kinds, ammunition, armor, fuses and five crates (3.970291ms)
✔ tide snapshots contain only bounded authoritative water presentation (1.526209ms)
✔ mixed race and score rounds use their own ranking direction (3.132958ms)
✔ race tiebreak ignores faster spectators and awards no extra points (0.187083ms)
✔ duo teammates settle a tournament tie in an individual duel (0.206458ms)
✔ catalogue ranking rejects unknown games and cannot be supplied by clients (0.427792ms)
✔ race cup tournaments reward quickest finish and refuse unstarted results (0.184542ms)
✔ points, cup awards and results are applied once per epoch (1.1595ms)
✔ cup target, tied finalists and bounded shared championship (0.272ms)
✔ a tiebreak narrows contenders without awarding extra tournament points (0.1455ms)
✔ seeded rotation exhausts each bag without repetition (0.255625ms)
✔ tournament view cannot mutate authoritative accounting (0.246083ms)
✔ turret world bounds launch generations, live shots and host cooldown/damage (2.241458ms)
✔ crumble requires every authored tile with bounded phases and event counters (2.807833ms)
✔ sky world bounds tilt and warning state with no arbitrary transforms (1.211ms)
✔ storm world allows two extra balls but requires turbine state and bounded events (0.725166ms)
✔ magnet world maps every ball to a bounded owner and every player to a meter (0.296208ms)
✔ saboteur requires bounded drone and warning state with tile ownership (0.576916ms)
✔ paint grid requires complete bounded tile ownership (0.217459ms)
✔ tag world bounds role and handover grace without coercing JSON types (0.158875ms)
✔ relic ownership and loose-item representation are mutually exclusive (0.357833ms)
✔ zone world rejects malformed or unbounded presentation state (0.270167ms)
✔ goal world validates counts, finite bounds, generations and JSON types (0.310708ms)
✔ collection worlds bound identities, visual fields, carrying and payload size (0.644959ms)
✔ relay snapshots enforce single cargo and bounded crate population (0.225834ms)
ℹ tests 238
ℹ suites 0
ℹ pass 238
ℹ fail 0
ℹ cancelled 0
ℹ skipped 0
ℹ todo 0
ℹ duration_ms 1006.772917
