
> test
> node --test

✔ fresh database reaches schema 2 with expiry indexes (5.165375ms)
✔ legacy schema migration preserves owner, sessions and challenge then reopens idempotently (13.977167ms)
✔ schema 1 upgrades indexes without changing stored data (10.2125ms)
✔ future schema is rejected without downgrading or changing contents (7.271625ms)
✔ negative schema version is rejected without rewriting the database (6.697959ms)
✔ partial legacy schema is rejected without creating missing account tables (1.783292ms)
✔ foreign-key damage refuses migration and preserves diagnostic source (10.337667ms)
✔ migration error rolls back both version and earlier DDL (8.210458ms)
✔ existing index with incompatible definition refuses migration and rolls back (8.947417ms)
✔ current version with missing index fails rather than silently accepting damaged schema (7.993542ms)
✔ incompatible legacy columns fail without altering account rows or schema (11.616959ms)
✔ deletion requires matching Apple subject and removes every account session (9.755208ms)
✔ owner binding persists by subject, ordinary accounts stay locked, nonce cannot replay (1.450417ms)
✔ expired challenge is denied (6.513125ms)
✔ Apple signature, audience, issuer, nonce, expiry and verified email are enforced (322.901041ms)
✔ armed race world bounds inventory hazards and inherited progress (7.700708ms)
✔ actual Godot armed-race capture satisfies server schema (0.709166ms)
✔ restore audit includes uncheckpointed account WAL and leaves live data unchanged (21.342584ms)
✔ audit refuses missing, relative and corrupt source files without creating a database (3.820833ms)
✔ audit rejects foreign-key damage and unrelated SQLite schemas (22.337833ms)
✔ audit compares one WAL snapshot while the service continues writing (24.05125ms)
✔ complete campaign counts actual qualified matches but does not certify release (2.287166ms)
✔ partial campaign names missing games explicitly (1.567208ms)
✔ warnings survive aggregation instead of becoming green readiness (0.202042ms)
✔ rejects campaign missing start (0.144667ms)
✔ rejects campaign missing end (0.113625ms)
✔ rejects campaign short fingerprint (0.081917ms)
✔ rejects campaign non-hex fingerprint (0.075167ms)
✔ rejects campaign changed source (0.074458ms)
✔ rejects campaign different source across games (0.127166ms)
✔ rejects campaign missing engine (0.141083ms)
✔ rejects campaign wrong engine (0.085917ms)
✔ source pin cannot be replaced by an internally consistent different fingerprint (0.09725ms)
✔ matching explicit source pin remains accepted without declaring release readiness (0.089667ms)
✔ empty partial evidence does not invent a verified engine or source (0.071042ms)
✔ rejects invalid expected fingerprint  (0.066958ms)
✔ rejects invalid expected fingerprint 1 (0.057459ms)
✔ rejects invalid expected fingerprint short (0.054083ms)
✔ rejects invalid expected fingerprint zzzzzzzzzzzzzzzzzzzzzzzzzzzzzzzzzzzzzzzzzzzzzzzzzzzzzzzzzzzzzzzz (0.044625ms)
✔ rejects invalid expected engine  (0.073583ms)
✔ rejects invalid expected engine   (0.043541ms)
✔ rejects invalid expected engine null (0.042583ms)
✔ rejects invalid expected engine 4.7 (0.044125ms)
✔ rejects wrong source (0.081375ms)
✔ rejects wrong checkout (1.229333ms)
✔ rejects mixed run (0.124458ms)
✔ rejects clipped window (0.099125ms)
✔ rejects incomplete baseline (0.089667ms)
✔ rejects incomplete difficulty (0.093334ms)
✔ rejects failed smoke (2.516167ms)
✔ rejects critical flag (0.148583ms)
✔ rejects unlabelled warning (0.105667ms)
✔ rejects malformed warning (0.143875ms)
✔ rejects wrong game (0.135125ms)
✔ rejects invalid wins (0.126792ms)
✔ independent campaign records offset and still verifies matched pairs (0.651375ms)
✔ rejects independent campaign source offset (0.163583ms)
✔ rejects independent campaign report offset (0.144375ms)
✔ rejects independent campaign game offset (0.132333ms)
✔ rejects independent campaign baseline missing (10.136584ms)
✔ rejects independent campaign baseline replayed (0.16475ms)
✔ rejects independent campaign mutator replayed (0.109209ms)
✔ rejects independent campaign chaos missing (0.097458ms)
✔ rejects independent campaign both difficulty seeds replayed (0.121166ms)
✔ rejects invalid expected seed offset -1 (0.080833ms)
✔ rejects invalid expected seed offset 1.5 (0.044792ms)
✔ rejects invalid expected seed offset 1000000001 (0.041833ms)
✔ rejects invalid expected seed offset NaN (1.092625ms)
✔ rejects invalid expected seed offset Infinity (0.075209ms)
✔ rejects duplicate reports even in partial mode (1.6855ms)
✔ rejects unregistered source and invalid expected identity (0.549917ms)
✔ boss completion requires explicit seeded objective evidence (4.050375ms)
✔ rejects boss evidence missing outcomes (1.741625ms)
✔ rejects boss evidence missing counter (4.531625ms)
✔ rejects boss evidence negative counter (0.1425ms)
✔ rejects boss evidence fractional counter (0.126666ms)
✔ rejects boss evidence string counter (0.106792ms)
✔ rejects boss evidence counter mismatch (0.120833ms)
✔ rejects boss evidence short outcomes (1.262375ms)
✔ rejects boss evidence duplicate seed (0.161417ms)
✔ rejects boss evidence wrong seed (0.117916ms)
✔ rejects boss evidence malformed outcome (0.099292ms)
✔ rejects boss evidence unknown objective (0.111875ms)
✔ rejects boss evidence invalid objective (0.107584ms)
✔ surviving every boss match requires a retained review warning (0.972958ms)
✔ boss outcomes must use the configured independent campaign offset (0.584959ms)
✔ rejects boss comparison missing difficulty outcome (3.188875ms)
✔ rejects boss comparison unknown difficulty outcome (0.132666ms)
✔ rejects boss comparison null difficulty sample (0.415041ms)
✔ rejects boss comparison missing mutated outcome (1.970041ms)
✔ rejects boss comparison unknown chaos outcome (0.324833ms)
✔ rejects boss comparison invalid mutated outcome (0.344042ms)
✔ paired campaign verifies all roster members and adjusted match counts (0.104333ms)
✔ legacy evidence stays explicitly unpaired and cannot qualify a paired campaign (6.235125ms)
✔ rejects mismatched paired world seed (0.255708ms)
✔ rejects mismatched paired character (0.132083ms)
✔ rejects mismatched paired seat orientation (0.212708ms)
✔ rejects mismatched paired completion (0.2375ms)
✔ rejects mismatched paired roster coverage (0.307542ms)
✔ source fingerprint matches the engine path/hash/newline contract (5.308875ms)
✔ nested gameplay edits change the pin but ignored files do not (5.389958ms)
✔ each engine-qualified extension and project settings affects the pin (13.270459ms)
✔ missing required roots and symlinks fail closed (3.8755ms)
✔ campaign summary pins evidence to its actual checked-out source (1.081459ms)
✔ blast world validates bounded host state and terminal detonation (1.992916ms)
✔ bumper world bounds five visual scales and hit serials (2.2275ms)
✔ color world requires a complete bounded quilt, call and phase (7.322792ms)
✔ colossus world bounds poses, holes, identity and authority state (6.57425ms)
✔ actual Godot colossus slam and arm hit satisfy server schema (3.45125ms)
✔ crate worlds bound identities, types, feedback and lab-only projectiles (2.386458ms)
✔ crate event lanes retain mixed kinds and reject incoherent or excessive history (0.470875ms)
✔ draw world validates bounded host decisions without hidden timing (4.179333ms)
✔ dreadnought schema bounds boss state and every visible world object (4.053458ms)
✔ actual Godot dreadnought capture satisfies server schema (0.59725ms)
✔ duel world bounds lives and damage to the authoritative roster (3.1755ms)
✔ duo world binds team points, lives and hazards to the selected arena (2.284917ms)
✔ echo publishes only the visible cue with consistent bounded progress (3.582333ms)
✔ recorded fawda standings restore the actual two-contender final (3.589583ms)
✔ checkpoint cannot silently replace an unrelated or started match (1.546208ms)
✔ early final does not invent an explosion, but world agreement is mandatory (1.15475ms)
✔ ordinary campaigns still require each real ordnance event (1.314541ms)
✔ agreement checks reject lost events, altered fuses, carriers and bombs (2.137959ms)
✔ missing match history and a noncontender champion cannot pass (14.5685ms)
✔ decimal JSON round-trip noise is not a changed physical position (0.367083ms)
✔ fawda bounds visible bombs carrying and sampled event generations (2.744958ms)
✔ floe world bounds all three platform positions and motion age (3.782458ms)
✔ forge schema rejects incomplete or inconsistent boss and object presentation (4.436958ms)
✔ actual Godot forge capture satisfies server schema (0.619334ms)
✔ kart result range preserves unfinished progress and summed rounds without widening arena scores (1.836917ms)
✔ kart tournament ranks unfinished racers behind finishers using real score encoding (1.866ms)
✔ hurdle world bounds finish times by observed elapsed clock (1.711ms)
✔ kart world bounds course progress finishing rescue and per-player boost state (8.649666ms)
✔ lab budgets cover authored rounds, bounded finals and every CI peer group (2.2845ms)
✔ network timing separates handler work from scheduler stalls without payloads (4.37475ms)
✔ network timing bounds samples while retaining the worst later stall (0.354292ms)
✔ operation CPU stays associated with its actual worst wall sample (0.283083ms)
✔ diagnostic operation cardinality is bounded without dropping known samples (0.281666ms)
✔ kart fixture budgets all ordinary races and bounded contender finals (1.5965ms)
✔ colossus room validates host authority and restores carved world and result on resume (8.789084ms)
✔ sovereign room validates host world and restores identity, world and result on resume (1.536ms)
✔ dreadnought room validates host world and restores identity and result on resume (1.96675ms)
✔ forge room validates host state and restores identity, world and result on resume (1.809209ms)
✔ boss_forge tournament resolves final without changing ordinary points or cups (2.541458ms)
✔ boss_dreadnought tournament resolves final without changing ordinary points or cups (1.959875ms)
✔ boss_sovereign tournament resolves final without changing ordinary points or cups (1.593916ms)
✔ boss_colossus tournament resolves final without changing ordinary points or cups (1.286208ms)
✔ siege rooms bind both arenas and preserve host crystal state on resume (3.098958ms)
✔ siege tournament rotates both arenas and final awards no extra points or cups (1.534667ms)
✔ wall clock adjustments cannot expire a live room (0.315041ms)
✔ diagnostic seeds are server-injected and clients cannot override them (0.414625ms)
✔ closed-room inputs drain briefly without granting authority to detached clients (0.879666ms)
✔ joining another room clears the closed-room input drain allowance (0.394792ms)
✔ goal guard enforces its arena and complete world snapshots (0.60425ms)
✔ blast room rejects missing fuse, invalid arena and non-host snapshots (0.570625ms)
✔ echo room accepts only host public cues and consistent progress (0.668208ms)
✔ crate rooms require their arena and host snapshots with game-specific weapons (1.303ms)
✔ draw room relays host decisions and rejects hidden timing or client authority (0.577ms)
✔ color room requires host-owned palette and called color (0.991292ms)
✔ crumble room relays only complete host-owned floor state (0.879666ms)
✔ sky room requires bounded bank and warning state (0.964041ms)
✔ storm room relays turbine state and rejects missing or excessive state (0.650792ms)
✔ magnet rooms require both ball state and bounded magnet ownership (0.711209ms)
✔ zone hold requires host capture state and rejects malformed updates (0.540416ms)
✔ relic match requires world state and bounds carrier to roster (0.625208ms)
✔ tag match requires bounded authoritative hunter role (0.49975ms)
✔ paint games relay complete ownership and reject invalid grids (2.492417ms)
✔ collection games reject absent or wrong-kind world state (2.093208ms)
✔ relay room accepts only host cargo with its authored arena (0.734541ms)
✔ bumper rooms require five bounded host-owned barriers (0.741417ms)
✔ kart rooms bind host laps and course geometry and preserve race state on resume (4.77875ms)
✔ kart tournament final snapshots use one lap instead of the lobby lap limit (1.908458ms)
✔ armed race rooms bind all authored courses, host laps and resumed weapon state (19.9925ms)
✔ armed race tournament final binds one lap and cannot award extra cups (1.224375ms)
✔ fawda rooms require bounded host bomb state on both maps and preserve it on resume (1.858083ms)
✔ scrap rooms validate host health and preserve collision baseline on resume (1.17275ms)
✔ ATV rooms require host-owned armor ammo crates and shell generations on each map (3.075583ms)
✔ turret rooms require host-owned launch generations and combat meters (0.97575ms)
✔ floe rooms require bounded host-owned platforms on each authored arena (1.487375ms)
✔ duo rooms bind team snapshots to each authored arena (1.433833ms)
✔ duel rooms validate host lives and damage (0.581083ms)
✔ sweeper rooms require all three host-owned arm angles (0.536167ms)
✔ tide rooms accept only host water state on the authored arena (0.55325ms)
✔ hurdle rooms validate host times and award the fastest tournament runner (0.781834ms)
✔ tournament snapshots follow the current game rather than the lobby default (0.6895ms)
✔ private codes, public discovery, four players, no leaked tokens (0.64275ms)
✔ host controls, readiness invalidation, load barrier, authoritative results (1.046ms)
✔ reconnect preserves identity and grace, rejects impersonation and expired tokens (0.345542ms)
✔ host loss expires without fabricated winner, kick invalidates token (0.344166ms)
✔ incompatible protocols cannot create, join or resume a room (0.688334ms)
✔ protocol/config validation and bounded room resources (0.297958ms)
✔ rejoining a lobby reuses only a vacant slot (0.437542ms)
✔ resuming after returning to lobby cannot replay an old result (0.441208ms)
✔ disconnected host receives the full reconnect grace, not snapshot age (0.260625ms)
✔ loading and silent-authority watchdogs terminate without a result (0.207583ms)
✔ online tournament keeps roster, requires ready between rounds and reconnects standings (1.154375ms)
✔ online tournament rejects unavailable games and malformed point tables (0.342625ms)
✔ real WebSocket match, reconnect and closed-room input drain (61.946125ms)
✔ independent scheduling probe starts, reports and exits without room payloads (157.423042ms)
✔ scrap world bounds health maximum impact position and wreck feedback by roster (2.315916ms)
✔ siege schema bounds roster-ordered base health animation and feedback (4.2015ms)
✔ actual Godot siege capture satisfies server schema (1.884875ms)
✔ sovereign schema bounds phases, shields, recovery and visible objects (3.851666ms)
✔ actual Godot sovereign capture satisfies server schema (0.590458ms)
✔ sweeper world contains exactly three finite bounded arm angles (1.738125ms)
✔ tank world validates all shell kinds, ammunition, armor, fuses and five crates (4.25725ms)
✔ tide snapshots contain only bounded authoritative water presentation (1.663ms)
✔ mixed race and score rounds use their own ranking direction (3.692292ms)
✔ race tiebreak ignores faster spectators and awards no extra points (0.225417ms)
✔ duo teammates settle a tournament tie in an individual duel (0.268875ms)
✔ catalogue ranking rejects unknown games and cannot be supplied by clients (0.677375ms)
✔ race cup tournaments reward quickest finish and refuse unstarted results (0.301708ms)
✔ points, cup awards and results are applied once per epoch (0.319917ms)
✔ cup target, tied finalists and bounded shared championship (0.238083ms)
✔ a tiebreak narrows contenders without awarding extra tournament points (0.17825ms)
✔ seeded rotation exhausts each bag without repetition (0.320875ms)
✔ tournament view cannot mutate authoritative accounting (0.297125ms)
✔ turret world bounds launch generations, live shots and host cooldown/damage (2.107667ms)
✔ crumble requires every authored tile with bounded phases and event counters (4.199958ms)
✔ sky world bounds tilt and warning state with no arbitrary transforms (1.178042ms)
✔ storm world allows two extra balls but requires turbine state and bounded events (0.918833ms)
✔ magnet world maps every ball to a bounded owner and every player to a meter (0.3805ms)
✔ saboteur requires bounded drone and warning state with tile ownership (0.677292ms)
✔ paint grid requires complete bounded tile ownership (0.27125ms)
✔ tag world bounds role and handover grace without coercing JSON types (0.184708ms)
✔ relic ownership and loose-item representation are mutually exclusive (0.422709ms)
✔ zone world rejects malformed or unbounded presentation state (0.299875ms)
✔ goal world validates counts, finite bounds, generations and JSON types (0.450417ms)
✔ collection worlds bound identities, visual fields, carrying and payload size (1.253333ms)
✔ relay snapshots enforce single cargo and bounded crate population (0.340041ms)
ℹ tests 229
ℹ suites 0
ℹ pass 229
ℹ fail 0
ℹ cancelled 0
ℹ skipped 0
ℹ todo 0
ℹ duration_ms 1098.2895
