Evidence: /home/runner/work/_temp/kras-network-smoke-0dGbGW
{"event":"transition","op":"start","state":"loading","epoch":1,"game":"gem_grab","arena":"gem_hollow","host":true,"serverLoopMaxMs":21}
{"event":"transition","op":"loaded","state":"loading","epoch":1,"game":"gem_grab","arena":"gem_hollow","host":false,"serverLoopMaxMs":21}
{"event":"transition","op":"loaded","state":"playing","epoch":1,"game":"gem_grab","arena":"gem_hollow","host":true,"serverLoopMaxMs":21}
{"event":"transition","op":"resume","state":"playing","epoch":1,"game":"gem_grab","arena":"gem_hollow","host":false,"serverLoopMaxMs":22}
{"event":"transition","op":"loaded","state":"playing","epoch":1,"game":"gem_grab","arena":"gem_hollow","host":false,"serverLoopMaxMs":22}
{"event":"transition","op":"resume","state":"playing","epoch":1,"game":"gem_grab","arena":"gem_hollow","host":true,"serverLoopMaxMs":22}
{"event":"transition","op":"loaded","state":"playing","epoch":1,"game":"gem_grab","arena":"gem_hollow","host":true,"serverLoopMaxMs":22}
{"event":"transition","op":"result","state":"results","epoch":1,"game":"gem_grab","arena":"gem_hollow","host":true,"serverLoopMaxMs":22}
{"event":"room_closed","state":"results","reason":"left","authorityAge":20}
{"humans":2,"status":"PASS","results":[{"carrying_seen":false,"collection_scored":true,"fawda_event_coverage":{},"fawda_worlds":[],"humans":2,"id":1,"matches":1,"moved":true,"reconnected":true,"scores":[2,9,7,6],"snapshots":0,"tournament":{},"world_snapshots":0},{"carrying_seen":false,"collection_scored":true,"fawda_event_coverage":{},"fawda_worlds":[],"humans":2,"id":2,"matches":1,"moved":true,"reconnected":true,"scores":[2,9,7,6],"snapshots":901,"tournament":{},"world_snapshots":901}]}
{"event":"transition","op":"start","state":"loading","epoch":1,"game":"gem_grab","arena":"gem_hollow","host":true,"serverLoopMaxMs":22}
{"event":"transition","op":"loaded","state":"loading","epoch":1,"game":"gem_grab","arena":"gem_hollow","host":false,"serverLoopMaxMs":22}
{"event":"transition","op":"loaded","state":"loading","epoch":1,"game":"gem_grab","arena":"gem_hollow","host":false,"serverLoopMaxMs":22}
{"event":"transition","op":"loaded","state":"loading","epoch":1,"game":"gem_grab","arena":"gem_hollow","host":false,"serverLoopMaxMs":22}
{"event":"transition","op":"loaded","state":"playing","epoch":1,"game":"gem_grab","arena":"gem_hollow","host":true,"serverLoopMaxMs":22}
{"event":"transition","op":"resume","state":"playing","epoch":1,"game":"gem_grab","arena":"gem_hollow","host":false,"serverLoopMaxMs":22}
{"event":"transition","op":"loaded","state":"playing","epoch":1,"game":"gem_grab","arena":"gem_hollow","host":false,"serverLoopMaxMs":22}
{"event":"transition","op":"resume","state":"playing","epoch":1,"game":"gem_grab","arena":"gem_hollow","host":true,"serverLoopMaxMs":23}
{"event":"transition","op":"loaded","state":"playing","epoch":1,"game":"gem_grab","arena":"gem_hollow","host":true,"serverLoopMaxMs":23}
{"event":"transition","op":"result","state":"results","epoch":1,"game":"gem_grab","arena":"gem_hollow","host":true,"serverLoopMaxMs":23}
{"event":"room_closed","state":"results","reason":"left","authorityAge":17}
{"humans":4,"status":"PASS","results":[{"carrying_seen":false,"collection_scored":true,"fawda_event_coverage":{},"fawda_worlds":[],"humans":4,"id":1,"matches":1,"moved":true,"reconnected":true,"scores":[6,9,5,5],"snapshots":0,"tournament":{},"world_snapshots":0},{"carrying_seen":false,"collection_scored":true,"fawda_event_coverage":{},"fawda_worlds":[],"humans":4,"id":4,"matches":1,"moved":true,"reconnected":false,"scores":[6,9,5,5],"snapshots":931,"tournament":{},"world_snapshots":931},{"carrying_seen":false,"collection_scored":true,"fawda_event_coverage":{},"fawda_worlds":[],"humans":4,"id":2,"matches":1,"moved":true,"reconnected":true,"scores":[6,9,5,5],"snapshots":912,"tournament":{},"world_snapshots":912},{"carrying_seen":false,"collection_scored":true,"fawda_event_coverage":{},"fawda_worlds":[],"humans":4,"id":3,"matches":1,"moved":true,"reconnected":false,"scores":[6,9,5,5],"snapshots":931,"tournament":{},"world_snapshots":931}]}
{"event":"server_timing","maxMs":23}
