Evidence: /home/runner/work/_temp/kras-network-smoke-2urSOx
{"event":"transition","op":"start","state":"loading","epoch":1,"game":"gem_grab","arena":"glass_terrace","host":true,"serverLoopMaxMs":21}
{"event":"transition","op":"loaded","state":"loading","epoch":1,"game":"gem_grab","arena":"glass_terrace","host":false,"serverLoopMaxMs":21}
{"event":"transition","op":"loaded","state":"playing","epoch":1,"game":"gem_grab","arena":"glass_terrace","host":true,"serverLoopMaxMs":21}
{"event":"transition","op":"resume","state":"playing","epoch":1,"game":"gem_grab","arena":"glass_terrace","host":false,"serverLoopMaxMs":21}
{"event":"transition","op":"loaded","state":"playing","epoch":1,"game":"gem_grab","arena":"glass_terrace","host":false,"serverLoopMaxMs":21}
{"event":"transition","op":"resume","state":"playing","epoch":1,"game":"gem_grab","arena":"glass_terrace","host":true,"serverLoopMaxMs":21}
{"event":"transition","op":"loaded","state":"playing","epoch":1,"game":"gem_grab","arena":"glass_terrace","host":true,"serverLoopMaxMs":21}
{"event":"transition","op":"result","state":"results","epoch":1,"game":"gem_grab","arena":"glass_terrace","host":true,"serverLoopMaxMs":21}
{"event":"transition","op":"next","state":"loading","epoch":2,"game":"gem_grab","arena":"gem_hollow","host":true,"serverLoopMaxMs":21}
{"event":"transition","op":"loaded","state":"loading","epoch":2,"game":"gem_grab","arena":"gem_hollow","host":false,"serverLoopMaxMs":21}
{"event":"transition","op":"loaded","state":"playing","epoch":2,"game":"gem_grab","arena":"gem_hollow","host":true,"serverLoopMaxMs":21}
{"event":"transition","op":"result","state":"results","epoch":2,"game":"gem_grab","arena":"gem_hollow","host":true,"serverLoopMaxMs":21}
{"event":"transition","op":"next","state":"loading","epoch":3,"game":"gem_grab","arena":"gem_hollow","host":true,"serverLoopMaxMs":21}
{"event":"transition","op":"loaded","state":"loading","epoch":3,"game":"gem_grab","arena":"gem_hollow","host":false,"serverLoopMaxMs":21}
{"event":"transition","op":"loaded","state":"playing","epoch":3,"game":"gem_grab","arena":"gem_hollow","host":true,"serverLoopMaxMs":21}
{"event":"transition","op":"result","state":"results","epoch":3,"game":"gem_grab","arena":"gem_hollow","host":true,"serverLoopMaxMs":22}
{"event":"room_closed","state":"results","reason":"host_left","authorityAge":56}
{"humans":2,"status":"PASS","results":[{"carrying_seen":false,"collection_scored":true,"fawda_event_coverage":{},"fawda_worlds":[],"humans":2,"id":1,"matches":3,"moved":true,"reconnected":true,"scores":[7,2,2,5],"snapshots":0,"tournament":{"awards":[5,2,2,3],"champions":[0],"complete":true,"contenders":[],"cups":[2,1,1,0],"mode":"points","points":[12,8,8,6],"round":3,"target":3,"tie_attempts":0},"world_snapshots":0},{"carrying_seen":false,"collection_scored":true,"fawda_event_coverage":{},"fawda_worlds":[],"humans":2,"id":2,"matches":3,"moved":true,"reconnected":true,"scores":[7,2,2,5],"snapshots":1417,"tournament":{"awards":[5,2,2,3],"champions":[0],"complete":true,"contenders":[],"cups":[2,1,1,0],"mode":"points","points":[12,8,8,6],"round":3,"target":3,"tie_attempts":0},"world_snapshots":1417}]}
{"event":"transition","op":"start","state":"loading","epoch":1,"game":"gem_grab","arena":"glass_terrace","host":true,"serverLoopMaxMs":22}
{"event":"transition","op":"loaded","state":"loading","epoch":1,"game":"gem_grab","arena":"glass_terrace","host":true,"serverLoopMaxMs":22}
{"event":"transition","op":"loaded","state":"loading","epoch":1,"game":"gem_grab","arena":"glass_terrace","host":false,"serverLoopMaxMs":22}
{"event":"transition","op":"loaded","state":"loading","epoch":1,"game":"gem_grab","arena":"glass_terrace","host":false,"serverLoopMaxMs":22}
{"event":"transition","op":"loaded","state":"playing","epoch":1,"game":"gem_grab","arena":"glass_terrace","host":false,"serverLoopMaxMs":22}
{"event":"transition","op":"resume","state":"playing","epoch":1,"game":"gem_grab","arena":"glass_terrace","host":false,"serverLoopMaxMs":23}
{"event":"transition","op":"loaded","state":"playing","epoch":1,"game":"gem_grab","arena":"glass_terrace","host":false,"serverLoopMaxMs":23}
{"event":"transition","op":"resume","state":"playing","epoch":1,"game":"gem_grab","arena":"glass_terrace","host":true,"serverLoopMaxMs":23}
{"event":"transition","op":"loaded","state":"playing","epoch":1,"game":"gem_grab","arena":"glass_terrace","host":true,"serverLoopMaxMs":23}
{"event":"transition","op":"result","state":"results","epoch":1,"game":"gem_grab","arena":"glass_terrace","host":true,"serverLoopMaxMs":23}
{"event":"transition","op":"next","state":"loading","epoch":2,"game":"gem_grab","arena":"gem_hollow","host":true,"serverLoopMaxMs":23}
{"event":"transition","op":"loaded","state":"loading","epoch":2,"game":"gem_grab","arena":"gem_hollow","host":false,"serverLoopMaxMs":23}
{"event":"transition","op":"loaded","state":"loading","epoch":2,"game":"gem_grab","arena":"gem_hollow","host":false,"serverLoopMaxMs":23}
{"event":"transition","op":"loaded","state":"loading","epoch":2,"game":"gem_grab","arena":"gem_hollow","host":false,"serverLoopMaxMs":23}
{"event":"transition","op":"loaded","state":"playing","epoch":2,"game":"gem_grab","arena":"gem_hollow","host":true,"serverLoopMaxMs":23}
{"event":"transition","op":"result","state":"results","epoch":2,"game":"gem_grab","arena":"gem_hollow","host":true,"serverLoopMaxMs":23}
{"event":"transition","op":"next","state":"loading","epoch":3,"game":"gem_grab","arena":"gem_hollow","host":true,"serverLoopMaxMs":23}
{"event":"transition","op":"loaded","state":"loading","epoch":3,"game":"gem_grab","arena":"gem_hollow","host":false,"serverLoopMaxMs":23}
{"event":"transition","op":"loaded","state":"loading","epoch":3,"game":"gem_grab","arena":"gem_hollow","host":false,"serverLoopMaxMs":23}
{"event":"transition","op":"loaded","state":"loading","epoch":3,"game":"gem_grab","arena":"gem_hollow","host":false,"serverLoopMaxMs":23}
{"event":"transition","op":"loaded","state":"playing","epoch":3,"game":"gem_grab","arena":"gem_hollow","host":true,"serverLoopMaxMs":23}
{"event":"transition","op":"result","state":"results","epoch":3,"game":"gem_grab","arena":"gem_hollow","host":true,"serverLoopMaxMs":23}
{"event":"room_closed","state":"results","reason":"left","authorityAge":57}
{"humans":4,"status":"PASS","results":[{"carrying_seen":false,"collection_scored":true,"fawda_event_coverage":{},"fawda_worlds":[],"humans":4,"id":1,"matches":3,"moved":true,"reconnected":true,"scores":[4,3,3,6],"snapshots":0,"tournament":{"awards":[3,2,2,5],"champions":[3],"complete":true,"contenders":[],"cups":[1,0,1,1],"mode":"points","points":[9,7,8,10],"round":3,"target":3,"tie_attempts":0},"world_snapshots":0},{"carrying_seen":false,"collection_scored":true,"fawda_event_coverage":{},"fawda_worlds":[],"humans":4,"id":4,"matches":3,"moved":true,"reconnected":false,"scores":[4,3,3,6],"snapshots":1447,"tournament":{"awards":[3,2,2,5],"champions":[3],"complete":true,"contenders":[],"cups":[1,0,1,1],"mode":"points","points":[9,7,8,10],"round":3,"target":3,"tie_attempts":0},"world_snapshots":1447},{"carrying_seen":false,"collection_scored":true,"fawda_event_coverage":{},"fawda_worlds":[],"humans":4,"id":2,"matches":3,"moved":true,"reconnected":true,"scores":[4,3,3,6],"snapshots":1428,"tournament":{"awards":[3,2,2,5],"champions":[3],"complete":true,"contenders":[],"cups":[1,0,1,1],"mode":"points","points":[9,7,8,10],"round":3,"target":3,"tie_attempts":0},"world_snapshots":1428},{"carrying_seen":false,"collection_scored":true,"fawda_event_coverage":{},"fawda_worlds":[],"humans":4,"id":3,"matches":3,"moved":true,"reconnected":false,"scores":[4,3,3,6],"snapshots":1447,"tournament":{"awards":[3,2,2,5],"champions":[3],"complete":true,"contenders":[],"cups":[1,0,1,1],"mode":"points","points":[9,7,8,10],"round":3,"target":3,"tie_attempts":0},"world_snapshots":1447}]}
{"event":"server_timing","maxMs":23}
