Godot Engine v4.7.1.stable.official.a13da4feb - https://godotengine.org

[INF][Balance] loaded 10 balance tables
[INF][Registry] registry: 8 characters, 39 games, 34 arenas, 22 powerups
[INF][Platform] platform: desktop, mobile=false, safe=[P: (0, 0), S: (0, 0)]
NETWORK_TIMING={"epoch":0,"max_frame_gap_ms":0,"phase":-1,"running":false,"seed":0,"snapshots":0,"state":""}
NETWORK_ROOM=CJ6TZV
NETWORK_TIMING={"epoch":1,"max_frame_gap_ms":987,"phase":2,"running":true,"seed":284320948,"snapshots":0,"state":"playing"}
NETWORK_TIMING={"epoch":1,"max_frame_gap_ms":987,"phase":4,"running":true,"seed":284320948,"snapshots":0,"state":"playing"}
NETWORK_TIMING={"epoch":1,"max_frame_gap_ms":987,"phase":4,"running":true,"seed":284320948,"snapshots":0,"state":"playing"}
WARNING: [WRN][Net] online transport lost: socket_1000
   at: push_warning (core/variant/variant_utility.cpp:1033)
   GDScript backtrace (most recent call first):
       [0] _write (res://src/core/logger.gd:75)
       [1] w (res://src/core/logger.gd:34)
       [2] _transport_lost (res://src/net/net_service.gd:482)
       [3] _process (res://src/net/room_client.gd:88)
NETWORK_ROUND={"arena":"star_meadow","epoch":1,"game":"star_rush","moved":true,"scores":[6,4,4,3],"spectator":false}
NETWORK_TIMING={"epoch":2,"max_frame_gap_ms":987,"phase":2,"running":true,"seed":1159735183,"snapshots":0,"state":"playing"}
NETWORK_TIMING={"epoch":2,"max_frame_gap_ms":987,"phase":4,"running":true,"seed":1159735183,"snapshots":0,"state":"playing"}
NETWORK_TIMING={"epoch":2,"max_frame_gap_ms":987,"phase":6,"running":true,"seed":1159735183,"snapshots":0,"state":"playing"}
NETWORK_ROUND={"arena":"star_meadow","epoch":2,"game":"star_rush","moved":true,"scores":[4,4,2,6],"spectator":false}
NETWORK_TIMING={"epoch":3,"max_frame_gap_ms":987,"phase":3,"running":true,"seed":513768778,"snapshots":0,"state":"playing"}
NETWORK_TIMING={"epoch":3,"max_frame_gap_ms":987,"phase":4,"running":true,"seed":513768778,"snapshots":0,"state":"playing"}
NETWORK_ROUND={"arena":"star_meadow","epoch":3,"game":"star_rush","moved":true,"scores":[4,5,3,5],"spectator":false}
NETWORK_TIMING={"epoch":4,"max_frame_gap_ms":987,"phase":1,"running":true,"seed":863889420,"snapshots":0,"state":"playing"}
NETWORK_TIMING={"epoch":4,"max_frame_gap_ms":987,"phase":4,"running":true,"seed":863889420,"snapshots":0,"state":"playing"}
NETWORK_TIMING={"epoch":4,"max_frame_gap_ms":987,"phase":4,"running":true,"seed":863889420,"snapshots":0,"state":"playing"}
NETWORK_ROUND={"arena":"star_meadow","epoch":4,"game":"star_rush","moved":true,"scores":[7,7,0,3],"spectator":false}
NETWORK_TIMING={"epoch":5,"max_frame_gap_ms":987,"phase":2,"running":true,"seed":415343610,"snapshots":0,"state":"playing"}
NETWORK_TIMING={"epoch":5,"max_frame_gap_ms":987,"phase":4,"running":true,"seed":415343610,"snapshots":0,"state":"playing"}
NETWORK_TIMING={"epoch":5,"max_frame_gap_ms":987,"phase":6,"running":true,"seed":415343610,"snapshots":0,"state":"playing"}
NETWORK_ROUND={"arena":"star_meadow","epoch":5,"game":"star_rush","moved":true,"scores":[8,7,0,0],"spectator":false}
NETWORK_FINISHED={"carrying_seen":true,"collection_scored":true,"fawda_event_coverage":{},"fawda_worlds":[],"humans":2,"id":1,"matches":5,"moved":true,"reconnected":true,"scores":[8,7,0,0],"snapshots":0,"tournament":{"awards":[0.0,0.0,0.0,0.0],"champions":[0.0],"complete":true,"contenders":[0.0],"cups":[1.0,1.0,0.0,2.0],"mode":"points","points":[10.0,10.0,5.0,10.0],"round":3.0,"target":3.0,"tie_attempts":2.0},"world_snapshots":0}
