Godot Engine v4.7.1.stable.official.a13da4feb - https://godotengine.org

[INF][Balance] loaded 10 balance tables
[INF][Registry] registry: 8 characters, 39 games, 34 arenas, 22 powerups
[INF][Platform] platform: desktop, mobile=false, safe=[P: (0, 0), S: (0, 0)]
NETWORK_TIMING={"epoch":0,"max_frame_gap_ms":0,"phase":-1,"running":false,"seed":0,"snapshots":0,"state":""}
WARNING: [WRN][Net] online transport lost: socket_1000
     at: push_warning (core/variant/variant_utility.cpp:1033)
     GDScript backtrace (most recent call first):
         [0] _write (res://src/core/logger.gd:75)
         [1] w (res://src/core/logger.gd:34)
         [2] _transport_lost (res://src/net/net_service.gd:482)
         [3] _process (res://src/net/room_client.gd:88)
NETWORK_TIMING={"epoch":1,"max_frame_gap_ms":795,"phase":2,"running":true,"seed":961753076,"snapshots":144,"state":"playing"}
NETWORK_TIMING={"epoch":1,"max_frame_gap_ms":795,"phase":4,"running":true,"seed":961753076,"snapshots":344,"state":"playing"}
NETWORK_TIMING={"epoch":1,"max_frame_gap_ms":795,"phase":4,"running":true,"seed":961753076,"snapshots":544,"state":"playing"}
NETWORK_ROUND={"arena":"gem_hollow","epoch":1,"game":"relic_hold","moved":true,"scores":[0,0,2,0],"spectator":false}
NETWORK_TIMING={"epoch":2,"max_frame_gap_ms":795,"phase":2,"running":true,"seed":1948638373,"snapshots":720,"state":"playing"}
NETWORK_TIMING={"epoch":2,"max_frame_gap_ms":795,"phase":4,"running":true,"seed":1948638373,"snapshots":920,"state":"playing"}
NETWORK_TIMING={"epoch":2,"max_frame_gap_ms":795,"phase":6,"running":true,"seed":1948638373,"snapshots":1121,"state":"playing"}
NETWORK_ROUND={"arena":"star_meadow","epoch":2,"game":"relic_hold","moved":true,"scores":[0,0,0,17],"spectator":false}
NETWORK_TIMING={"epoch":3,"max_frame_gap_ms":795,"phase":3,"running":true,"seed":1455800931,"snapshots":1319,"state":"playing"}
NETWORK_TIMING={"epoch":3,"max_frame_gap_ms":795,"phase":4,"running":true,"seed":1455800931,"snapshots":1519,"state":"playing"}
NETWORK_ROUND={"arena":"star_meadow","epoch":3,"game":"relic_hold","moved":true,"scores":[0,17,0,0],"spectator":false}
NETWORK_TIMING={"epoch":4,"max_frame_gap_ms":795,"phase":1,"running":true,"seed":823647576,"snapshots":1717,"state":"playing"}
NETWORK_TIMING={"epoch":4,"max_frame_gap_ms":795,"phase":4,"running":true,"seed":823647576,"snapshots":1917,"state":"playing"}
NETWORK_TIMING={"epoch":4,"max_frame_gap_ms":795,"phase":4,"running":true,"seed":823647576,"snapshots":2117,"state":"playing"}
NETWORK_ROUND={"arena":"gem_hollow","epoch":4,"game":"relic_hold","moved":true,"scores":[0,0,17,0],"spectator":false}
NETWORK_FINISHED={"carrying_seen":false,"collection_scored":false,"fawda_event_coverage":{},"fawda_worlds":[],"humans":4,"id":2,"matches":4,"moved":true,"reconnected":true,"scores":[0,0,17,0],"snapshots":2203,"tournament":{"awards":[0.0,0.0,0.0,0.0],"champions":[2.0],"complete":true,"contenders":[2.0],"cups":[0.0,1.0,1.0,1.0],"mode":"points","points":[6.0,9.0,9.0,9.0],"round":3.0,"target":3.0,"tie_attempts":1.0},"world_snapshots":2203}
