Evidence: /home/runner/work/_temp/kras-network-smoke-mO0JJe
{"event":"transition","op":"start","state":"loading","epoch":1,"game":"star_rush","arena":"star_meadow","host":true,"serverLoopMaxMs":21}
{"event":"transition","op":"loaded","state":"loading","epoch":1,"game":"star_rush","arena":"star_meadow","host":false,"serverLoopMaxMs":21}
{"event":"transition","op":"loaded","state":"playing","epoch":1,"game":"star_rush","arena":"star_meadow","host":true,"serverLoopMaxMs":21}
{"event":"transition","op":"resume","state":"playing","epoch":1,"game":"star_rush","arena":"star_meadow","host":false,"serverLoopMaxMs":21}
{"event":"transition","op":"loaded","state":"playing","epoch":1,"game":"star_rush","arena":"star_meadow","host":false,"serverLoopMaxMs":21}
{"event":"transition","op":"resume","state":"playing","epoch":1,"game":"star_rush","arena":"star_meadow","host":true,"serverLoopMaxMs":22}
{"event":"transition","op":"loaded","state":"playing","epoch":1,"game":"star_rush","arena":"star_meadow","host":true,"serverLoopMaxMs":22}
{"event":"transition","op":"result","state":"results","epoch":1,"game":"star_rush","arena":"star_meadow","host":true,"serverLoopMaxMs":22}
{"event":"room_closed","state":"results","reason":"left","authorityAge":21}
{"humans":2,"status":"PASS","results":[{"carrying_seen":true,"collection_scored":true,"fawda_event_coverage":{},"fawda_worlds":[],"humans":2,"id":1,"matches":1,"moved":true,"reconnected":true,"scores":[11,8,2,6],"snapshots":0,"tournament":{},"world_snapshots":0},{"carrying_seen":true,"collection_scored":true,"fawda_event_coverage":{},"fawda_worlds":[],"humans":2,"id":2,"matches":1,"moved":true,"reconnected":true,"scores":[11,8,2,6],"snapshots":1088,"tournament":{},"world_snapshots":1088}]}
{"event":"transition","op":"start","state":"loading","epoch":1,"game":"star_rush","arena":"star_meadow","host":true,"serverLoopMaxMs":23}
{"event":"transition","op":"loaded","state":"loading","epoch":1,"game":"star_rush","arena":"star_meadow","host":false,"serverLoopMaxMs":23}
{"event":"transition","op":"loaded","state":"loading","epoch":1,"game":"star_rush","arena":"star_meadow","host":false,"serverLoopMaxMs":23}
{"event":"transition","op":"loaded","state":"loading","epoch":1,"game":"star_rush","arena":"star_meadow","host":false,"serverLoopMaxMs":23}
{"event":"transition","op":"loaded","state":"playing","epoch":1,"game":"star_rush","arena":"star_meadow","host":true,"serverLoopMaxMs":23}
{"event":"transition","op":"resume","state":"playing","epoch":1,"game":"star_rush","arena":"star_meadow","host":false,"serverLoopMaxMs":23}
{"event":"transition","op":"loaded","state":"playing","epoch":1,"game":"star_rush","arena":"star_meadow","host":false,"serverLoopMaxMs":23}
{"event":"transition","op":"resume","state":"playing","epoch":1,"game":"star_rush","arena":"star_meadow","host":true,"serverLoopMaxMs":23}
{"event":"transition","op":"loaded","state":"playing","epoch":1,"game":"star_rush","arena":"star_meadow","host":true,"serverLoopMaxMs":23}
{"event":"transition","op":"result","state":"results","epoch":1,"game":"star_rush","arena":"star_meadow","host":true,"serverLoopMaxMs":23}
{"event":"room_closed","state":"results","reason":"left","authorityAge":18}
{"humans":4,"status":"PASS","results":[{"carrying_seen":true,"collection_scored":true,"fawda_event_coverage":{},"fawda_worlds":[],"humans":4,"id":1,"matches":1,"moved":true,"reconnected":true,"scores":[10,7,5,6],"snapshots":0,"tournament":{},"world_snapshots":0},{"carrying_seen":true,"collection_scored":true,"fawda_event_coverage":{},"fawda_worlds":[],"humans":4,"id":4,"matches":1,"moved":true,"reconnected":false,"scores":[10,7,5,6],"snapshots":1107,"tournament":{},"world_snapshots":1107},{"carrying_seen":true,"collection_scored":true,"fawda_event_coverage":{},"fawda_worlds":[],"humans":4,"id":3,"matches":1,"moved":true,"reconnected":false,"scores":[10,7,5,6],"snapshots":1107,"tournament":{},"world_snapshots":1107},{"carrying_seen":true,"collection_scored":true,"fawda_event_coverage":{},"fawda_worlds":[],"humans":4,"id":2,"matches":1,"moved":true,"reconnected":true,"scores":[10,7,5,6],"snapshots":1088,"tournament":{},"world_snapshots":1088}]}
{"event":"server_timing","maxMs":23}
