Evidence: /home/runner/work/_temp/kras-network-smoke-QStPqw
{"event":"transition","op":"start","state":"loading","epoch":1,"game":"star_rush","arena":"star_meadow","host":true,"serverLoopMaxMs":21}
{"event":"transition","op":"loaded","state":"loading","epoch":1,"game":"star_rush","arena":"star_meadow","host":false,"serverLoopMaxMs":21}
{"event":"transition","op":"loaded","state":"playing","epoch":1,"game":"star_rush","arena":"star_meadow","host":true,"serverLoopMaxMs":21}
{"event":"transition","op":"resume","state":"playing","epoch":1,"game":"star_rush","arena":"star_meadow","host":false,"serverLoopMaxMs":21}
{"event":"transition","op":"loaded","state":"playing","epoch":1,"game":"star_rush","arena":"star_meadow","host":false,"serverLoopMaxMs":21}
{"event":"transition","op":"resume","state":"playing","epoch":1,"game":"star_rush","arena":"star_meadow","host":true,"serverLoopMaxMs":22}
{"event":"transition","op":"loaded","state":"playing","epoch":1,"game":"star_rush","arena":"star_meadow","host":true,"serverLoopMaxMs":22}
{"event":"transition","op":"result","state":"results","epoch":1,"game":"star_rush","arena":"star_meadow","host":true,"serverLoopMaxMs":22}
{"event":"transition","op":"next","state":"loading","epoch":2,"game":"star_rush","arena":"star_meadow","host":true,"serverLoopMaxMs":22}
{"event":"transition","op":"loaded","state":"loading","epoch":2,"game":"star_rush","arena":"star_meadow","host":false,"serverLoopMaxMs":22}
{"event":"transition","op":"loaded","state":"playing","epoch":2,"game":"star_rush","arena":"star_meadow","host":true,"serverLoopMaxMs":22}
{"event":"transition","op":"result","state":"results","epoch":2,"game":"star_rush","arena":"star_meadow","host":true,"serverLoopMaxMs":22}
{"event":"transition","op":"next","state":"loading","epoch":3,"game":"star_rush","arena":"star_meadow","host":true,"serverLoopMaxMs":22}
{"event":"transition","op":"loaded","state":"loading","epoch":3,"game":"star_rush","arena":"star_meadow","host":false,"serverLoopMaxMs":22}
{"event":"transition","op":"loaded","state":"playing","epoch":3,"game":"star_rush","arena":"star_meadow","host":true,"serverLoopMaxMs":22}
{"event":"transition","op":"result","state":"results","epoch":3,"game":"star_rush","arena":"star_meadow","host":true,"serverLoopMaxMs":22}
{"event":"transition","op":"next","state":"loading","epoch":4,"game":"star_rush","arena":"star_meadow","host":true,"serverLoopMaxMs":22}
{"event":"transition","op":"loaded","state":"loading","epoch":4,"game":"star_rush","arena":"star_meadow","host":false,"serverLoopMaxMs":22}
{"event":"transition","op":"loaded","state":"playing","epoch":4,"game":"star_rush","arena":"star_meadow","host":true,"serverLoopMaxMs":22}
{"event":"transition","op":"result","state":"results","epoch":4,"game":"star_rush","arena":"star_meadow","host":true,"serverLoopMaxMs":22}
{"event":"transition","op":"next","state":"loading","epoch":5,"game":"star_rush","arena":"star_meadow","host":true,"serverLoopMaxMs":22}
{"event":"transition","op":"loaded","state":"loading","epoch":5,"game":"star_rush","arena":"star_meadow","host":false,"serverLoopMaxMs":22}
{"event":"transition","op":"loaded","state":"playing","epoch":5,"game":"star_rush","arena":"star_meadow","host":true,"serverLoopMaxMs":22}
{"event":"transition","op":"result","state":"results","epoch":5,"game":"star_rush","arena":"star_meadow","host":true,"serverLoopMaxMs":22}
{"event":"room_closed","state":"results","reason":"left","authorityAge":51}
{"humans":2,"status":"PASS","results":[{"carrying_seen":true,"collection_scored":true,"fawda_event_coverage":{},"fawda_worlds":[],"humans":2,"id":1,"matches":5,"moved":true,"reconnected":true,"scores":[8,7,0,0],"snapshots":0,"tournament":{"awards":[0,0,0,0],"champions":[0],"complete":true,"contenders":[0],"cups":[1,1,0,2],"mode":"points","points":[10,10,5,10],"round":3,"target":3,"tie_attempts":2},"world_snapshots":0},{"carrying_seen":true,"collection_scored":true,"fawda_event_coverage":{},"fawda_worlds":[],"humans":2,"id":2,"matches":5,"moved":true,"reconnected":true,"scores":[8,7,0,0],"snapshots":2741,"tournament":{"awards":[0,0,0,0],"champions":[0],"complete":true,"contenders":[0],"cups":[1,1,0,2],"mode":"points","points":[10,10,5,10],"round":3,"target":3,"tie_attempts":2},"world_snapshots":2741}]}
{"event":"transition","op":"start","state":"loading","epoch":1,"game":"star_rush","arena":"star_meadow","host":true,"serverLoopMaxMs":23}
{"event":"transition","op":"loaded","state":"loading","epoch":1,"game":"star_rush","arena":"star_meadow","host":false,"serverLoopMaxMs":23}
{"event":"transition","op":"loaded","state":"loading","epoch":1,"game":"star_rush","arena":"star_meadow","host":false,"serverLoopMaxMs":23}
{"event":"transition","op":"loaded","state":"loading","epoch":1,"game":"star_rush","arena":"star_meadow","host":true,"serverLoopMaxMs":23}
{"event":"transition","op":"loaded","state":"playing","epoch":1,"game":"star_rush","arena":"star_meadow","host":false,"serverLoopMaxMs":23}
{"event":"transition","op":"resume","state":"playing","epoch":1,"game":"star_rush","arena":"star_meadow","host":false,"serverLoopMaxMs":23}
{"event":"transition","op":"loaded","state":"playing","epoch":1,"game":"star_rush","arena":"star_meadow","host":false,"serverLoopMaxMs":23}
{"event":"transition","op":"resume","state":"playing","epoch":1,"game":"star_rush","arena":"star_meadow","host":true,"serverLoopMaxMs":23}
{"event":"transition","op":"loaded","state":"playing","epoch":1,"game":"star_rush","arena":"star_meadow","host":true,"serverLoopMaxMs":23}
{"event":"transition","op":"result","state":"results","epoch":1,"game":"star_rush","arena":"star_meadow","host":true,"serverLoopMaxMs":23}
{"event":"transition","op":"next","state":"loading","epoch":2,"game":"star_rush","arena":"star_meadow","host":true,"serverLoopMaxMs":23}
{"event":"transition","op":"loaded","state":"loading","epoch":2,"game":"star_rush","arena":"star_meadow","host":false,"serverLoopMaxMs":23}
{"event":"transition","op":"loaded","state":"loading","epoch":2,"game":"star_rush","arena":"star_meadow","host":false,"serverLoopMaxMs":23}
{"event":"transition","op":"loaded","state":"loading","epoch":2,"game":"star_rush","arena":"star_meadow","host":false,"serverLoopMaxMs":23}
{"event":"transition","op":"loaded","state":"playing","epoch":2,"game":"star_rush","arena":"star_meadow","host":true,"serverLoopMaxMs":23}
{"event":"transition","op":"result","state":"results","epoch":2,"game":"star_rush","arena":"star_meadow","host":true,"serverLoopMaxMs":23}
{"event":"transition","op":"next","state":"loading","epoch":3,"game":"star_rush","arena":"star_meadow","host":true,"serverLoopMaxMs":23}
{"event":"transition","op":"loaded","state":"loading","epoch":3,"game":"star_rush","arena":"star_meadow","host":false,"serverLoopMaxMs":23}
{"event":"transition","op":"loaded","state":"loading","epoch":3,"game":"star_rush","arena":"star_meadow","host":false,"serverLoopMaxMs":23}
{"event":"transition","op":"loaded","state":"loading","epoch":3,"game":"star_rush","arena":"star_meadow","host":false,"serverLoopMaxMs":23}
{"event":"transition","op":"loaded","state":"playing","epoch":3,"game":"star_rush","arena":"star_meadow","host":true,"serverLoopMaxMs":23}
{"event":"transition","op":"result","state":"results","epoch":3,"game":"star_rush","arena":"star_meadow","host":true,"serverLoopMaxMs":23}
{"event":"room_closed","state":"results","reason":"left","authorityAge":51}
{"humans":4,"status":"PASS","results":[{"carrying_seen":true,"collection_scored":true,"fawda_event_coverage":{},"fawda_worlds":[],"humans":4,"id":1,"matches":3,"moved":true,"reconnected":true,"scores":[5,6,4,2],"snapshots":0,"tournament":{"awards":[3,5,2,1],"champions":[1],"complete":true,"contenders":[],"cups":[0,2,0,2],"mode":"points","points":[7,11,5,10],"round":3,"target":3,"tie_attempts":0},"world_snapshots":0},{"carrying_seen":true,"collection_scored":true,"fawda_event_coverage":{},"fawda_worlds":[],"humans":4,"id":2,"matches":3,"moved":true,"reconnected":true,"scores":[5,6,4,2],"snapshots":1665,"tournament":{"awards":[3,5,2,1],"champions":[1],"complete":true,"contenders":[],"cups":[0,2,0,2],"mode":"points","points":[7,11,5,10],"round":3,"target":3,"tie_attempts":0},"world_snapshots":1665},{"carrying_seen":true,"collection_scored":true,"fawda_event_coverage":{},"fawda_worlds":[],"humans":4,"id":4,"matches":3,"moved":true,"reconnected":false,"scores":[5,6,4,2],"snapshots":1684,"tournament":{"awards":[3,5,2,1],"champions":[1],"complete":true,"contenders":[],"cups":[0,2,0,2],"mode":"points","points":[7,11,5,10],"round":3,"target":3,"tie_attempts":0},"world_snapshots":1684},{"carrying_seen":true,"collection_scored":true,"fawda_event_coverage":{},"fawda_worlds":[],"humans":4,"id":3,"matches":3,"moved":true,"reconnected":false,"scores":[5,6,4,2],"snapshots":1684,"tournament":{"awards":[3,5,2,1],"champions":[1],"complete":true,"contenders":[],"cups":[0,2,0,2],"mode":"points","points":[7,11,5,10],"round":3,"target":3,"tie_attempts":0},"world_snapshots":1684}]}
{"event":"server_timing","maxMs":23}
