Godot Engine v4.7.1.stable.official.a13da4feb - https://godotengine.org

[   0% ] first_scan_filesystem | Started Project initialization (5 steps)
[   0% ] first_scan_filesystem | Scanning file structure...
[  16% ] first_scan_filesystem | Loading global class names...
[  33% ] first_scan_filesystem | Verifying GDExtensions...
[  50% ] first_scan_filesystem | Creating autoload scripts...
[  66% ] first_scan_filesystem | Initializing plugins...
[  83% ] first_scan_filesystem | Starting file scan...
[ DONE ] first_scan_filesystem

[   0% ] update_scripts_classes | Started Registering global classes... (423 steps)
[   0% ] update_scripts_classes | CharacterRig
[   0% ] update_scripts_classes | Collectible
[   0% ] update_scripts_classes | Fighter
[   0% ] update_scripts_classes | GameBall
[   0% ] update_scripts_classes | Projectile
[   1% ] update_scripts_classes | 
[   1% ] update_scripts_classes | 
[   1% ] update_scripts_classes | 
[   1% ] update_scripts_classes | 
[   2% ] update_scripts_classes | 
[   2% ] update_scripts_classes | 
[   2% ] update_scripts_classes | 
[   2% ] update_scripts_classes | 
[   3% ] update_scripts_classes | 
[   3% ] update_scripts_classes | 
[   3% ] update_scripts_classes | 
[   3% ] update_scripts_classes | 
[   4% ] update_scripts_classes | 
[   4% ] update_scripts_classes | 
[   4% ] update_scripts_classes | 
[   4% ] update_scripts_classes | 
[   4% ] update_scripts_classes | 
[   5% ] update_scripts_classes | 
[   5% ] update_scripts_classes | 
[   5% ] update_scripts_classes | 
[   5% ] update_scripts_classes | 
[   6% ] update_scripts_classes | 
[   6% ] update_scripts_classes | 
[   6% ] update_scripts_classes | 
[   6% ] update_scripts_classes | 
[   7% ] update_scripts_classes | 
[   7% ] update_scripts_classes | 
[   7% ] update_scripts_classes | 
[   7% ] update_scripts_classes | 
[   8% ] update_scripts_classes | 
[   8% ] update_scripts_classes | AIBrain
[   8% ] update_scripts_classes | 
[   8% ] update_scripts_classes | 
[   8% ] update_scripts_classes | Arena
[   9% ] update_scripts_classes | ArenaHazards
[   9% ] update_scripts_classes | ArenaTile
[   9% ] update_scripts_classes | 
[   9% ] update_scripts_classes | 
[  10% ] update_scripts_classes | 
[  10% ] update_scripts_classes | 
[  10% ] update_scripts_classes | 
[  10% ] update_scripts_classes | HoverMachine
[  11% ] update_scripts_classes | 
[  11% ] update_scripts_classes | 
[  11% ] update_scripts_classes | 
[  11% ] update_scripts_classes | 
[  12% ] update_scripts_classes | 
[  12% ] update_scripts_classes | 
[  12% ] update_scripts_classes | 
[  12% ] update_scripts_classes | 
[  12% ] update_scripts_classes | Synth
[  13% ] update_scripts_classes | ArenaCamera
[  13% ] update_scripts_classes | LocalVehicleViews
[  13% ] update_scripts_classes | 
[  13% ] update_scripts_classes | 
[  14% ] update_scripts_classes | 
[  14% ] update_scripts_classes | 
[  14% ] update_scripts_classes | MiniGameValidator
[  14% ] update_scripts_classes | 
[  15% ] update_scripts_classes | 
[  15% ] update_scripts_classes | 
[  15% ] update_scripts_classes | 
[  15% ] update_scripts_classes | ArenaDef
[  16% ] update_scripts_classes | CharacterData
[  16% ] update_scripts_classes | MiniGameDef
[  16% ] update_scripts_classes | PowerUpDef
[  16% ] update_scripts_classes | 
[  16% ] update_scripts_classes | OperationTrace
[  17% ] update_scripts_classes | 
[  17% ] update_scripts_classes | MeshFactory
[  17% ] update_scripts_classes | 
[  17% ] update_scripts_classes | 
[  18% ] update_scripts_classes | SkyDome
[  18% ] update_scripts_classes | ControlProfile
[  18% ] update_scripts_classes | 
[  18% ] update_scripts_classes | InputFrame
[  19% ] update_scripts_classes | 
[  19% ] update_scripts_classes | TouchSource
[  19% ] update_scripts_classes | 
[  19% ] update_scripts_classes | AdventureSession
[  20% ] update_scripts_classes | MatchConfig
[  20% ] update_scripts_classes | MatchContext
[  20% ] update_scripts_classes | MatchPhase
[  20% ] update_scripts_classes | 
[  20% ] update_scripts_classes | MatchResult
[  21% ] update_scripts_classes | 
[  21% ] update_scripts_classes | MutatorSystem
[  21% ] update_scripts_classes | PlayerConfig
[  21% ] update_scripts_classes | PlaylistGenerator
[  22% ] update_scripts_classes | TournamentSession
[  22% ] update_scripts_classes | 
[  22% ] update_scripts_classes | 
[  22% ] update_scripts_classes | 
[  23% ] update_scripts_classes | 
[  23% ] update_scripts_classes | 
[  23% ] update_scripts_classes | 
[  23% ] update_scripts_classes | 
[  24% ] update_scripts_classes | 
[  24% ] update_scripts_classes | 
[  24% ] update_scripts_classes | 
[  24% ] update_scripts_classes | 
[  25% ] update_scripts_classes | 
[  25% ] update_scripts_classes | 
[  25% ] update_scripts_classes | 
[  25% ] update_scripts_classes | 
[  25% ] update_scripts_classes | 
[  26% ] update_scripts_classes | 
[  26% ] update_scripts_classes | 
[  26% ] update_scripts_classes | 
[  26% ] update_scripts_classes | 
[  27% ] update_scripts_classes | 
[  27% ] update_scripts_classes | 
[  27% ] update_scripts_classes | MiniGameController
[  27% ] update_scripts_classes | 
[  28% ] update_scripts_classes | 
[  28% ] update_scripts_classes | 
[  28% ] update_scripts_classes | 
[  28% ] update_scripts_classes | 
[  29% ] update_scripts_classes | 
[  29% ] update_scripts_classes | 
[  29% ] update_scripts_classes | 
[  29% ] update_scripts_classes | 
[  29% ] update_scripts_classes | 
[  30% ] update_scripts_classes | 
[  30% ] update_scripts_classes | 
[  30% ] update_scripts_classes | 
[  30% ] update_scripts_classes | 
[  31% ] update_scripts_classes | 
[  31% ] update_scripts_classes | 
[  31% ] update_scripts_classes | 
[  31% ] update_scripts_classes | 
[  32% ] update_scripts_classes | 
[  32% ] update_scripts_classes | 
[  32% ] update_scripts_classes | 
[  32% ] update_scripts_classes | 
[  33% ] update_scripts_classes | 
[  33% ] update_scripts_classes | 
[  33% ] update_scripts_classes | 
[  33% ] update_scripts_classes | 
[  33% ] update_scripts_classes | 
[  34% ] update_scripts_classes | 
[  34% ] update_scripts_classes | 
[  34% ] update_scripts_classes | 
[  34% ] update_scripts_classes | 
[  35% ] update_scripts_classes | 
[  35% ] update_scripts_classes | 
[  35% ] update_scripts_classes | 
[  35% ] update_scripts_classes | 
[  36% ] update_scripts_classes | 
[  36% ] update_scripts_classes | 
[  36% ] update_scripts_classes | 
[  36% ] update_scripts_classes | 
[  37% ] update_scripts_classes | 
[  37% ] update_scripts_classes | 
[  37% ] update_scripts_classes | 
[  37% ] update_scripts_classes | 
[  37% ] update_scripts_classes | 
[  38% ] update_scripts_classes | 
[  38% ] update_scripts_classes | 
[  38% ] update_scripts_classes | 
[  38% ] update_scripts_classes | 
[  39% ] update_scripts_classes | 
[  39% ] update_scripts_classes | 
[  39% ] update_scripts_classes | 
[  39% ] update_scripts_classes | 
[  40% ] update_scripts_classes | 
[  40% ] update_scripts_classes | 
[  40% ] update_scripts_classes | 
[  40% ] update_scripts_classes | 
[  41% ] update_scripts_classes | PowerUpPickup
[  41% ] update_scripts_classes | PowerUpSystem
[  41% ] update_scripts_classes | 
[  41% ] update_scripts_classes | 
[  41% ] update_scripts_classes | PartyLibrary
[  42% ] update_scripts_classes | PartyPlaylist
[  42% ] update_scripts_classes | ProfileMetrics
[  42% ] update_scripts_classes | 
[  42% ] update_scripts_classes | 
[  43% ] update_scripts_classes | ReplayData
[  43% ] update_scripts_classes | ReplayHighlights
[  43% ] update_scripts_classes | ReplayInputBuffer
[  43% ] update_scripts_classes | 
[  44% ] update_scripts_classes | 
[  44% ] update_scripts_classes | 
[  44% ] update_scripts_classes | 
[  44% ] update_scripts_classes | 
[  45% ] update_scripts_classes | 
[  45% ] update_scripts_classes | 
[  45% ] update_scripts_classes | 
[  45% ] update_scripts_classes | 
[  45% ] update_scripts_classes | 
[  46% ] update_scripts_classes | 
[  46% ] update_scripts_classes | 
[  46% ] update_scripts_classes | 
[  46% ] update_scripts_classes | 
[  47% ] update_scripts_classes | 
[  47% ] update_scripts_classes | 
[  47% ] update_scripts_classes | 
[  47% ] update_scripts_classes | 
[  48% ] update_scripts_classes | 
[  48% ] update_scripts_classes | 
[  48% ] update_scripts_classes | 
[  48% ] update_scripts_classes | 
[  49% ] update_scripts_classes | 
[  49% ] update_scripts_classes | 
[  49% ] update_scripts_classes | 
[  49% ] update_scripts_classes | 
[  50% ] update_scripts_classes | 
[  50% ] update_scripts_classes | 
[  50% ] update_scripts_classes | 
[  50% ] update_scripts_classes | MatchHUD
[  50% ] update_scripts_classes | OffscreenPlayerCue
[  51% ] update_scripts_classes | PartyRoster
[  51% ] update_scripts_classes | Screen
[  51% ] update_scripts_classes | 
[  51% ] update_scripts_classes | TournamentPodium
[  52% ] update_scripts_classes | UIKit
[  52% ] update_scripts_classes | 
[  52% ] update_scripts_classes | Widgets
[  52% ] update_scripts_classes | 
[  53% ] update_scripts_classes | 
[  53% ] update_scripts_classes | 
[  53% ] update_scripts_classes | 
[  53% ] update_scripts_classes | 
[  54% ] update_scripts_classes | 
[  54% ] update_scripts_classes | 
[  54% ] update_scripts_classes | 
[  54% ] update_scripts_classes | 
[  54% ] update_scripts_classes | 
[  55% ] update_scripts_classes | 
[  55% ] update_scripts_classes | 
[  55% ] update_scripts_classes | 
[  55% ] update_scripts_classes | 
[  56% ] update_scripts_classes | 
[  56% ] update_scripts_classes | 
[  56% ] update_scripts_classes | 
[  56% ] update_scripts_classes | 
[  57% ] update_scripts_classes | 
[  57% ] update_scripts_classes | 
[  57% ] update_scripts_classes | 
[  57% ] update_scripts_classes | 
[  58% ] update_scripts_classes | 
[  58% ] update_scripts_classes | 
[  58% ] update_scripts_classes | 
[  58% ] update_scripts_classes | 
[  58% ] update_scripts_classes | 
[  59% ] update_scripts_classes | 
[  59% ] update_scripts_classes | 
[  59% ] update_scripts_classes | 
[  59% ] update_scripts_classes | 
[  60% ] update_scripts_classes | 
[  60% ] update_scripts_classes | 
[  60% ] update_scripts_classes | 
[  60% ] update_scripts_classes | 
[  61% ] update_scripts_classes | 
[  61% ] update_scripts_classes | 
[  61% ] update_scripts_classes | 
[  61% ] update_scripts_classes | 
[  62% ] update_scripts_classes | 
[  62% ] update_scripts_classes | 
[  62% ] update_scripts_classes | 
[  62% ] update_scripts_classes | 
[  62% ] update_scripts_classes | 
[  63% ] update_scripts_classes | 
[  63% ] update_scripts_classes | 
[  63% ] update_scripts_classes | 
[  63% ] update_scripts_classes | 
[  64% ] update_scripts_classes | 
[  64% ] update_scripts_classes | 
[  64% ] update_scripts_classes | 
[  64% ] update_scripts_classes | 
[  65% ] update_scripts_classes | 
[  65% ] update_scripts_classes | 
[  65% ] update_scripts_classes | 
[  65% ] update_scripts_classes | 
[  66% ] update_scripts_classes | 
[  66% ] update_scripts_classes | 
[  66% ] update_scripts_classes | 
[  66% ] update_scripts_classes | 
[  66% ] update_scripts_classes | 
[  67% ] update_scripts_classes | 
[  67% ] update_scripts_classes | 
[  67% ] update_scripts_classes | 
[  67% ] update_scripts_classes | 
[  68% ] update_scripts_classes | 
[  68% ] update_scripts_classes | 
[  68% ] update_scripts_classes | 
[  68% ] update_scripts_classes | 
[  69% ] update_scripts_classes | 
[  69% ] update_scripts_classes | 
[  69% ] update_scripts_classes | 
[  69% ] update_scripts_classes | 
[  70% ] update_scripts_classes | 
[  70% ] update_scripts_classes | 
[  70% ] update_scripts_classes | 
[  70% ] update_scripts_classes | 
[  70% ] update_scripts_classes | 
[  71% ] update_scripts_classes | 
[  71% ] update_scripts_classes | 
[  71% ] update_scripts_classes | 
[  71% ] update_scripts_classes | 
[  72% ] update_scripts_classes | 
[  72% ] update_scripts_classes | 
[  72% ] update_scripts_classes | 
[  72% ] update_scripts_classes | 
[  73% ] update_scripts_classes | 
[  73% ] update_scripts_classes | 
[  73% ] update_scripts_classes | 
[  73% ] update_scripts_classes | 
[  74% ] update_scripts_classes | 
[  74% ] update_scripts_classes | 
[  74% ] update_scripts_classes | 
[  74% ] update_scripts_classes | 
[  75% ] update_scripts_classes | 
[  75% ] update_scripts_classes | 
[  75% ] update_scripts_classes | 
[  75% ] update_scripts_classes | 
[  75% ] update_scripts_classes | 
[  76% ] update_scripts_classes | 
[  76% ] update_scripts_classes | 
[  76% ] update_scripts_classes | 
[  76% ] update_scripts_classes | 
[  77% ] update_scripts_classes | 
[  77% ] update_scripts_classes | 
[  77% ] update_scripts_classes | 
[  77% ] update_scripts_classes | 
[  78% ] update_scripts_classes | 
[  78% ] update_scripts_classes | 
[  78% ] update_scripts_classes | 
[  78% ] update_scripts_classes | 
[  79% ] update_scripts_classes | 
[  79% ] update_scripts_classes | 
[  79% ] update_scripts_classes | 
[  79% ] update_scripts_classes | 
[  79% ] update_scripts_classes | 
[  80% ] update_scripts_classes | 
[  80% ] update_scripts_classes | 
[  80% ] update_scripts_classes | 
[  80% ] update_scripts_classes | 
[  81% ] update_scripts_classes | 
[  81% ] update_scripts_classes | 
[  81% ] update_scripts_classes | 
[  81% ] update_scripts_classes | 
[  82% ] update_scripts_classes | 
[  82% ] update_scripts_classes | 
[  82% ] update_scripts_classes | 
[  82% ] update_scripts_classes | 
[  83% ] update_scripts_classes | 
[  83% ] update_scripts_classes | 
[  83% ] update_scripts_classes | 
[  83% ] update_scripts_classes | 
[  83% ] update_scripts_classes | 
[  84% ] update_scripts_classes | 
[  84% ] update_scripts_classes | 
[  84% ] update_scripts_classes | 
[  84% ] update_scripts_classes | 
[  85% ] update_scripts_classes | 
[  85% ] update_scripts_classes | 
[  85% ] update_scripts_classes | 
[  85% ] update_scripts_classes | 
[  86% ] update_scripts_classes | 
[  86% ] update_scripts_classes | 
[  86% ] update_scripts_classes | 
[  86% ] update_scripts_classes | 
[  87% ] update_scripts_classes | 
[  87% ] update_scripts_classes | 
[  87% ] update_scripts_classes | 
[  87% ] update_scripts_classes | 
[  87% ] update_scripts_classes | 
[  88% ] update_scripts_classes | 
[  88% ] update_scripts_classes | 
[  88% ] update_scripts_classes | 
[  88% ] update_scripts_classes | 
[  89% ] update_scripts_classes | 
[  89% ] update_scripts_classes | 
[  89% ] update_scripts_classes | 
[  89% ] update_scripts_classes | 
[  90% ] update_scripts_classes | 
[  90% ] update_scripts_classes | 
[  90% ] update_scripts_classes | 
[  90% ] update_scripts_classes | 
[  91% ] update_scripts_classes | 
[  91% ] update_scripts_classes | 
[  91% ] update_scripts_classes | 
[  91% ] update_scripts_classes | 
[  91% ] update_scripts_classes | 
[  92% ] update_scripts_classes | 
[  92% ] update_scripts_classes | 
[  92% ] update_scripts_classes | 
[  92% ] update_scripts_classes | 
[  93% ] update_scripts_classes | 
[  93% ] update_scripts_classes | 
[  93% ] update_scripts_classes | 
[  93% ] update_scripts_classes | 
[  94% ] update_scripts_classes | 
[  94% ] update_scripts_classes | 
[  94% ] update_scripts_classes | 
[  94% ] update_scripts_classes | 
[  95% ] update_scripts_classes | 
[  95% ] update_scripts_classes | 
[  95% ] update_scripts_classes | 
[  95% ] update_scripts_classes | 
[  95% ] update_scripts_classes | 
[  96% ] update_scripts_classes | TestHarness
[  96% ] update_scripts_classes | 
[  96% ] update_scripts_classes | 
[  96% ] update_scripts_classes | 
[  97% ] update_scripts_classes | 
[  97% ] update_scripts_classes | 
[  97% ] update_scripts_classes | 
[  97% ] update_scripts_classes | 
[  98% ] update_scripts_classes | 
[  98% ] update_scripts_classes | 
[  98% ] update_scripts_classes | 
[  98% ] update_scripts_classes | 
[  99% ] update_scripts_classes | 
[  99% ] update_scripts_classes | 
[  99% ] update_scripts_classes | 
[ DONE ] update_scripts_classes

[   0% ] _update_scan_actions | Started Scanning actions... (45 steps)
[   0% ] _update_scan_actions | Icon-40.png
[   2% ] _update_scan_actions | Icon-58.png
[   4% ] _update_scan_actions | Icon-60.png
[   6% ] _update_scan_actions | Icon-76.png
[   8% ] _update_scan_actions | Icon-80.png
[  10% ] _update_scan_actions | Icon-87.png
[  13% ] _update_scan_actions | Icon-114.png
[  15% ] _update_scan_actions | Icon-120.png
[  17% ] _update_scan_actions | Icon-128.png
[  19% ] _update_scan_actions | Icon-136.png
[  21% ] _update_scan_actions | Icon-152.png
[  23% ] _update_scan_actions | Icon-167.png
[  26% ] _update_scan_actions | Icon-180.png
[  28% ] _update_scan_actions | Icon-192.png
[  30% ] _update_scan_actions | Icon-1024.png
[  32% ] _update_scan_actions | NotoEmoji.ttf
[  34% ] _update_scan_actions | NotoSans.ttf
[  36% ] _update_scan_actions | NotoSansArabic.ttf
[  39% ] _update_scan_actions | NotoSansSymbols2.ttf
[  41% ] _update_scan_actions | NotoSansSymbols.ttf
[  43% ] _update_scan_actions | aerial_rocks_01_diff_2k.jpg
[  45% ] _update_scan_actions | aerial_rocks_01_nor_gl_2k.jpg
[  47% ] _update_scan_actions | aerial_rocks_01_rough_2k.jpg
[  50% ] _update_scan_actions | fern_02_arm_1k.jpg
[  52% ] _update_scan_actions | fern_02_diff_1k.jpg
[  54% ] _update_scan_actions | fern_02_nor_gl_1k.jpg
[  56% ] _update_scan_actions | fern_02_1k.gltf
[  58% ] _update_scan_actions | forrest_ground_01_diff_2k.jpg
[  60% ] _update_scan_actions | forrest_ground_01_nor_gl_2k.jpg
[  63% ] _update_scan_actions | forrest_ground_01_rough_2k.jpg
[  65% ] _update_scan_actions | gravel_floor_diff_2k.jpg
[  67% ] _update_scan_actions | gravel_floor_nor_gl_2k.jpg
[  69% ] _update_scan_actions | gravel_floor_rough_2k.jpg
[  71% ] _update_scan_actions | rock_moss_set_01_diff_2k.jpg
[  73% ] _update_scan_actions | rock_moss_set_01_nor_gl_2k.jpg
[  76% ] _update_scan_actions | rock_moss_set_01_rough_2k.jpg
[  78% ] _update_scan_actions | rock_moss_set_01_2k.gltf
[  80% ] _update_scan_actions | pine_mobile.glb
[  82% ] _update_scan_actions | pine_mobile_pine_sapling_small_bark_diff.jpg
[  84% ] _update_scan_actions | pine_mobile_pine_sapling_small_bark_nor_gl.jpg
[  86% ] _update_scan_actions | pine_mobile_pine_sapling_small_bark_rough.jpg
[  89% ] _update_scan_actions | pine_mobile_pine_sapling_small_twig_diff.jpg
[  91% ] _update_scan_actions | pine_mobile_pine_sapling_small_twig_nor_gl.jpg
[  93% ] _update_scan_actions | pine_mobile_pine_sapling_small_twig_rough.jpg
[  95% ] _update_scan_actions | icon.svg
[ DONE ] _update_scan_actions

[   0% ] reimport | Started (Re)Importing Assets (45 steps)
[   0% ] reimport | Preparing files to reimport...
[   2% ] reimport | Preparing files to reimport...
[   4% ] reimport | Preparing files to reimport...
[   6% ] reimport | Preparing files to reimport...
[   8% ] reimport | Preparing files to reimport...
[  10% ] reimport | Preparing files to reimport...
[  13% ] reimport | Preparing files to reimport...
[  15% ] reimport | Preparing files to reimport...
[  17% ] reimport | Preparing files to reimport...
[  19% ] reimport | Preparing files to reimport...
[  21% ] reimport | Preparing files to reimport...
[  23% ] reimport | Preparing files to reimport...
[  26% ] reimport | Preparing files to reimport...
[  28% ] reimport | Preparing files to reimport...
[  30% ] reimport | Preparing files to reimport...
[  32% ] reimport | Preparing files to reimport...
[  34% ] reimport | Preparing files to reimport...
[  36% ] reimport | Preparing files to reimport...
[  39% ] reimport | Preparing files to reimport...
[  41% ] reimport | Preparing files to reimport...
[  43% ] reimport | Preparing files to reimport...
[  45% ] reimport | Preparing files to reimport...
[  47% ] reimport | Preparing files to reimport...
[  50% ] reimport | Preparing files to reimport...
[  52% ] reimport | Preparing files to reimport...
[  54% ] reimport | Preparing files to reimport...
[  56% ] reimport | Preparing files to reimport...
[  58% ] reimport | Preparing files to reimport...
[  60% ] reimport | Preparing files to reimport...
[  63% ] reimport | Preparing files to reimport...
[  65% ] reimport | Preparing files to reimport...
[  67% ] reimport | Preparing files to reimport...
[  69% ] reimport | Preparing files to reimport...
[  71% ] reimport | Preparing files to reimport...
[  73% ] reimport | Preparing files to reimport...
[  76% ] reimport | Preparing files to reimport...
[  78% ] reimport | Preparing files to reimport...
[  80% ] reimport | Preparing files to reimport...
[  82% ] reimport | Preparing files to reimport...
[  84% ] reimport | Preparing files to reimport...
[  86% ] reimport | Preparing files to reimport...
[  89% ] reimport | Preparing files to reimport...
[  91% ] reimport | Preparing files to reimport...
[  93% ] reimport | Preparing files to reimport...
[  95% ] reimport | Preparing files to reimport...
[   0% ] reimport | Executing pre-reimport operations...
[   0% ] preload_reimporting_scene | Started Preparing scenes for reload (1 steps)
[   0% ] preload_reimporting_scene | Analyzing scene [empty]
[  50% ] preload_reimporting_scene | Preparation done.
[ DONE ] preload_reimporting_scene

[   0% ] reimport | NotoSansSymbols.ttf
[   2% ] reimport | NotoSansSymbols2.ttf
[   4% ] reimport | NotoSansArabic.ttf
[   6% ] reimport | NotoSans.ttf
[   8% ] reimport | NotoEmoji.ttf
[  10% ] reimport | NotoSansSymbols.ttf
[  10% ] reimport | NotoSansSymbols.ttf
[  10% ] reimport | NotoSansSymbols.ttf
[  10% ] reimport | NotoSansSymbols.ttf
[  13% ] reimport | NotoSansSymbols2.ttf
[  13% ] reimport | NotoSansSymbols2.ttf
[  13% ] reimport | NotoSansSymbols2.ttf
[  15% ] reimport | NotoSansArabic.ttf
[  15% ] reimport | NotoSansArabic.ttf
[  15% ] reimport | NotoSansArabic.ttf
[  15% ] reimport | NotoSansArabic.ttf
[  15% ] reimport | NotoSansArabic.ttf
[  15% ] reimport | NotoSansArabic.ttf
[  15% ] reimport | NotoSansArabic.ttf
[  15% ] reimport | NotoSansArabic.ttf
[  15% ] reimport | NotoSansArabic.ttf
[  15% ] reimport | NotoSansArabic.ttf
[  15% ] reimport | NotoSansArabic.ttf
[  15% ] reimport | NotoSansArabic.ttf
[  15% ] reimport | NotoSansArabic.ttf
[  15% ] reimport | NotoSansArabic.ttf
[  15% ] reimport | NotoSansArabic.ttf
[  15% ] reimport | NotoSansArabic.ttf
[  15% ] reimport | NotoSansArabic.ttf
[  15% ] reimport | NotoSansArabic.ttf
[  15% ] reimport | NotoSansArabic.ttf
[  15% ] reimport | NotoSansArabic.ttf
[  15% ] reimport | NotoSansArabic.ttf
[  15% ] reimport | NotoSansArabic.ttf
[  15% ] reimport | NotoSansArabic.ttf
[  15% ] reimport | NotoSansArabic.ttf
[  15% ] reimport | NotoSansArabic.ttf
[  15% ] reimport | NotoSansArabic.ttf
[  15% ] reimport | NotoSansArabic.ttf
[  15% ] reimport | NotoSansArabic.ttf
[  17% ] reimport | NotoSans.ttf
[  17% ] reimport | NotoSans.ttf
[  17% ] reimport | NotoSans.ttf
[  19% ] reimport | NotoEmoji.ttf
[  19% ] reimport | NotoEmoji.ttf
[  19% ] reimport | NotoEmoji.ttf
[  19% ] reimport | NotoEmoji.ttf
[  19% ] reimport | NotoEmoji.ttf
[  19% ] reimport | NotoEmoji.ttf
[  19% ] reimport | NotoEmoji.ttf
[  19% ] reimport | NotoEmoji.ttf
[  19% ] reimport | NotoEmoji.ttf
[  19% ] reimport | NotoEmoji.ttf
[  19% ] reimport | NotoEmoji.ttf
[  19% ] reimport | NotoEmoji.ttf
[  21% ] reimport | fern_02_diff_1k.jpg
[  21% ] reimport | fern_02_diff_1k.jpg
[  21% ] reimport | fern_02_diff_1k.jpg
[  21% ] reimport | fern_02_diff_1k.jpg
[  21% ] reimport | fern_02_diff_1k.jpg
[  21% ] reimport | fern_02_diff_1k.jpg
[  21% ] reimport | fern_02_diff_1k.jpg
[  21% ] reimport | fern_02_diff_1k.jpg
[  21% ] reimport | fern_02_diff_1k.jpg
[  21% ] reimport | fern_02_diff_1k.jpg
[  23% ] reimport | fern_02_nor_gl_1k.jpg
[  23% ] reimport | fern_02_nor_gl_1k.jpg
[  23% ] reimport | fern_02_nor_gl_1k.jpg
[  23% ] reimport | fern_02_nor_gl_1k.jpg
[  23% ] reimport | fern_02_nor_gl_1k.jpg
[  23% ] reimport | fern_02_nor_gl_1k.jpg
[  23% ] reimport | fern_02_nor_gl_1k.jpg
[  23% ] reimport | fern_02_nor_gl_1k.jpg
[  23% ] reimport | fern_02_nor_gl_1k.jpg
[  23% ] reimport | fern_02_nor_gl_1k.jpg
[  23% ] reimport | fern_02_nor_gl_1k.jpg
[  23% ] reimport | fern_02_nor_gl_1k.jpg
[  23% ] reimport | fern_02_nor_gl_1k.jpg
[  23% ] reimport | fern_02_nor_gl_1k.jpg
[  23% ] reimport | fern_02_nor_gl_1k.jpg
[  23% ] reimport | fern_02_nor_gl_1k.jpg
[  23% ] reimport | fern_02_nor_gl_1k.jpg
[  26% ] reimport | forrest_ground_01_diff_2k.jpg
[  26% ] reimport | forrest_ground_01_diff_2k.jpg
[  26% ] reimport | forrest_ground_01_diff_2k.jpg
[  26% ] reimport | forrest_ground_01_diff_2k.jpg
[  26% ] reimport | forrest_ground_01_diff_2k.jpg
[  26% ] reimport | forrest_ground_01_diff_2k.jpg
[  26% ] reimport | forrest_ground_01_diff_2k.jpg
[  26% ] reimport | forrest_ground_01_diff_2k.jpg
[  26% ] reimport | forrest_ground_01_diff_2k.jpg
[  26% ] reimport | forrest_ground_01_diff_2k.jpg
[  26% ] reimport | forrest_ground_01_diff_2k.jpg
[  26% ] reimport | forrest_ground_01_diff_2k.jpg
[  26% ] reimport | forrest_ground_01_diff_2k.jpg
[  26% ] reimport | forrest_ground_01_diff_2k.jpg
[  26% ] reimport | forrest_ground_01_diff_2k.jpg
[  26% ] reimport | forrest_ground_01_diff_2k.jpg
[  28% ] reimport | forrest_ground_01_nor_gl_2k.jpg
[  30% ] reimport | forrest_ground_01_rough_2k.jpg
[  30% ] reimport | forrest_ground_01_rough_2k.jpg
[  30% ] reimport | forrest_ground_01_rough_2k.jpg
[  30% ] reimport | forrest_ground_01_rough_2k.jpg
[  30% ] reimport | forrest_ground_01_rough_2k.jpg
[  30% ] reimport | forrest_ground_01_rough_2k.jpg
[  30% ] reimport | forrest_ground_01_rough_2k.jpg
[  30% ] reimport | forrest_ground_01_rough_2k.jpg
[  30% ] reimport | forrest_ground_01_rough_2k.jpg
[  30% ] reimport | forrest_ground_01_rough_2k.jpg
[  30% ] reimport | forrest_ground_01_rough_2k.jpg
[  30% ] reimport | forrest_ground_01_rough_2k.jpg
[  30% ] reimport | forrest_ground_01_rough_2k.jpg
[  30% ] reimport | forrest_ground_01_rough_2k.jpg
[  30% ] reimport | forrest_ground_01_rough_2k.jpg
[  32% ] reimport | gravel_floor_diff_2k.jpg
[  32% ] reimport | gravel_floor_diff_2k.jpg
[  32% ] reimport | gravel_floor_diff_2k.jpg
[  34% ] reimport | gravel_floor_nor_gl_2k.jpg
[  34% ] reimport | gravel_floor_nor_gl_2k.jpg
[  34% ] reimport | gravel_floor_nor_gl_2k.jpg
[  36% ] reimport | gravel_floor_rough_2k.jpg
[  36% ] reimport | gravel_floor_rough_2k.jpg
[  36% ] reimport | gravel_floor_rough_2k.jpg
[  36% ] reimport | gravel_floor_rough_2k.jpg
[  36% ] reimport | gravel_floor_rough_2k.jpg
[  36% ] reimport | gravel_floor_rough_2k.jpg
[  39% ] reimport | rock_moss_set_01_diff_2k.jpg
[  39% ] reimport | rock_moss_set_01_diff_2k.jpg
[  41% ] reimport | rock_moss_set_01_nor_gl_2k.jpg
[  43% ] reimport | rock_moss_set_01_rough_2k.jpg
[  45% ] reimport | pine_mobile_pine_sapling_small_bark_diff.jpg
[  47% ] reimport | pine_mobile_pine_sapling_small_bark_nor_gl.jpg
[  50% ] reimport | pine_mobile_pine_sapling_small_bark_rough.jpg
[  52% ] reimport | pine_mobile_pine_sapling_small_twig_diff.jpg
[  54% ] reimport | pine_mobile_pine_sapling_small_twig_nor_gl.jpg
[  56% ] reimport | pine_mobile_pine_sapling_small_twig_rough.jpg
[  58% ] reimport | icon.svg
[  60% ] reimport | Icon-40.png
[  63% ] reimport | Icon-58.png
[  65% ] reimport | Icon-60.png
[  67% ] reimport | Icon-76.png
[  69% ] reimport | Icon-80.png
[  71% ] reimport | Icon-87.png
[  73% ] reimport | Icon-114.png
[  76% ] reimport | Icon-120.png
[  78% ] reimport | Icon-128.png
[  78% ] reimport | Icon-128.png
[  78% ] reimport | Icon-128.png
[  78% ] reimport | Icon-128.png
[  80% ] reimport | Icon-136.png
[  82% ] reimport | Icon-152.png
[  82% ] reimport | Icon-152.png
[  82% ] reimport | Icon-152.png
[  82% ] reimport | Icon-152.png
[  82% ] reimport | Icon-152.png
[  82% ] reimport | Icon-152.png
[  82% ] reimport | Icon-152.png
[  82% ] reimport | Icon-152.png
[  82% ] reimport | Icon-152.png
[  82% ] reimport | Icon-152.png
[  82% ] reimport | Icon-152.png
[  82% ] reimport | Icon-152.png
[  82% ] reimport | Icon-152.png
[  82% ] reimport | Icon-152.png
[  82% ] reimport | Icon-152.png
[  82% ] reimport | Icon-152.png
[  82% ] reimport | Icon-152.png
[  82% ] reimport | Icon-152.png
[  82% ] reimport | Icon-152.png
[  82% ] reimport | Icon-152.png
[  82% ] reimport | Icon-152.png
[  82% ] reimport | Icon-152.png
[  82% ] reimport | Icon-152.png
[  82% ] reimport | Icon-152.png
[  82% ] reimport | Icon-152.png
[  84% ] reimport | Icon-167.png
[  84% ] reimport | Icon-167.png
[  84% ] reimport | Icon-167.png
[  84% ] reimport | Icon-167.png
[  84% ] reimport | Icon-167.png
[  84% ] reimport | Icon-167.png
[  84% ] reimport | Icon-167.png
[  84% ] reimport | Icon-167.png
[  86% ] reimport | Icon-180.png
[  86% ] reimport | Icon-180.png
[  89% ] reimport | Icon-192.png
[  89% ] reimport | Icon-192.png
[  89% ] reimport | Icon-192.png
[  89% ] reimport | Icon-192.png
[  89% ] reimport | Icon-192.png
[  89% ] reimport | Icon-192.png
[  89% ] reimport | Icon-192.png
[  89% ] reimport | Icon-192.png
[  89% ] reimport | Icon-192.png
[  89% ] reimport | Icon-192.png
[  91% ] reimport | rock_moss_set_01_2k.gltf
[   0% ] import | Started Import Scene (104 steps)
[   0% ] import | Importing Scene...
[   1% ] import | Running Custom Script...
[  99% ] import | Saving...
[ DONE ] import

[  93% ] reimport | pine_mobile.glb
[   0% ] import | Started Import Scene (104 steps)
[   0% ] import | Importing Scene...
[   1% ] import | Running Custom Script...
[  99% ] import | Saving...
[ DONE ] import

[  95% ] reimport | fern_02_1k.gltf
[   0% ] import | Started Import Scene (104 steps)
[   0% ] import | Importing Scene...
[   1% ] import | Running Custom Script...
[  99% ] import | Saving...
[ DONE ] import

[  97% ] reimport | Finalizing Asset Import...
[ DONE ] reimport

[   0% ] reimport | Started (Re)Importing Assets (45 steps)
[   0% ] reimport | Executing post-reimport operations...
[ DONE ] reimport

[   0% ] loading_editor_layout | Started Loading editor (5 steps)
[   0% ] loading_editor_layout | Loading editor layout...
[  16% ] loading_editor_layout | Loading docks...
[ DONE ] loading_editor_layout

