Evidence: /home/runner/work/_temp/kras-network-smoke-FKADIP
{"event":"transition","op":"start","state":"loading","epoch":1,"game":"zone_hold","arena":"dune_ring","host":true,"serverLoopMaxMs":21}
{"event":"transition","op":"loaded","state":"loading","epoch":1,"game":"zone_hold","arena":"dune_ring","host":false,"serverLoopMaxMs":21}
{"event":"transition","op":"loaded","state":"playing","epoch":1,"game":"zone_hold","arena":"dune_ring","host":true,"serverLoopMaxMs":21}
{"event":"transition","op":"resume","state":"playing","epoch":1,"game":"zone_hold","arena":"dune_ring","host":false,"serverLoopMaxMs":21}
{"event":"transition","op":"loaded","state":"playing","epoch":1,"game":"zone_hold","arena":"dune_ring","host":false,"serverLoopMaxMs":21}
{"event":"transition","op":"resume","state":"playing","epoch":1,"game":"zone_hold","arena":"dune_ring","host":true,"serverLoopMaxMs":22}
{"event":"transition","op":"loaded","state":"playing","epoch":1,"game":"zone_hold","arena":"dune_ring","host":true,"serverLoopMaxMs":22}
{"event":"transition","op":"result","state":"results","epoch":1,"game":"zone_hold","arena":"dune_ring","host":true,"serverLoopMaxMs":22}
{"event":"transition","op":"next","state":"loading","epoch":2,"game":"zone_hold","arena":"dune_ring","host":true,"serverLoopMaxMs":22}
{"event":"transition","op":"loaded","state":"loading","epoch":2,"game":"zone_hold","arena":"dune_ring","host":true,"serverLoopMaxMs":22}
{"event":"transition","op":"loaded","state":"playing","epoch":2,"game":"zone_hold","arena":"dune_ring","host":false,"serverLoopMaxMs":22}
{"event":"transition","op":"result","state":"results","epoch":2,"game":"zone_hold","arena":"dune_ring","host":true,"serverLoopMaxMs":22}
{"event":"transition","op":"next","state":"loading","epoch":3,"game":"zone_hold","arena":"dune_ring","host":true,"serverLoopMaxMs":22}
{"event":"transition","op":"loaded","state":"loading","epoch":3,"game":"zone_hold","arena":"dune_ring","host":true,"serverLoopMaxMs":22}
{"event":"transition","op":"loaded","state":"playing","epoch":3,"game":"zone_hold","arena":"dune_ring","host":false,"serverLoopMaxMs":22}
{"event":"transition","op":"result","state":"results","epoch":3,"game":"zone_hold","arena":"dune_ring","host":true,"serverLoopMaxMs":22}
{"event":"transition","op":"next","state":"loading","epoch":4,"game":"zone_hold","arena":"dune_ring","host":true,"serverLoopMaxMs":22}
{"event":"transition","op":"loaded","state":"loading","epoch":4,"game":"zone_hold","arena":"dune_ring","host":false,"serverLoopMaxMs":22}
{"event":"transition","op":"loaded","state":"playing","epoch":4,"game":"zone_hold","arena":"dune_ring","host":true,"serverLoopMaxMs":22}
{"event":"transition","op":"result","state":"results","epoch":4,"game":"zone_hold","arena":"dune_ring","host":true,"serverLoopMaxMs":22}
{"event":"room_closed","state":"results","reason":"left","authorityAge":54}
{"humans":2,"status":"PASS","results":[{"carrying_seen":false,"collection_scored":false,"fawda_event_coverage":{},"fawda_worlds":[],"humans":2,"id":1,"matches":4,"moved":true,"reconnected":true,"scores":[8,0,2,0],"snapshots":0,"tournament":{"awards":[0,0,0,0],"champions":[0],"complete":true,"contenders":[0],"cups":[2,0,2,0],"mode":"points","points":[11,6,11,6],"round":3,"target":3,"tie_attempts":1},"world_snapshots":0},{"carrying_seen":false,"collection_scored":false,"fawda_event_coverage":{},"fawda_worlds":[],"humans":2,"id":2,"matches":4,"moved":false,"reconnected":true,"scores":[8,0,2,0],"snapshots":2203,"tournament":{"awards":[0,0,0,0],"champions":[0],"complete":true,"contenders":[0],"cups":[2,0,2,0],"mode":"points","points":[11,6,11,6],"round":3,"target":3,"tie_attempts":1},"world_snapshots":2203}]}
{"event":"transition","op":"start","state":"loading","epoch":1,"game":"zone_hold","arena":"dune_ring","host":true,"serverLoopMaxMs":22}
{"event":"transition","op":"loaded","state":"loading","epoch":1,"game":"zone_hold","arena":"dune_ring","host":false,"serverLoopMaxMs":22}
{"event":"transition","op":"loaded","state":"loading","epoch":1,"game":"zone_hold","arena":"dune_ring","host":false,"serverLoopMaxMs":22}
{"event":"transition","op":"loaded","state":"loading","epoch":1,"game":"zone_hold","arena":"dune_ring","host":false,"serverLoopMaxMs":22}
{"event":"transition","op":"loaded","state":"playing","epoch":1,"game":"zone_hold","arena":"dune_ring","host":true,"serverLoopMaxMs":22}
{"event":"transition","op":"resume","state":"playing","epoch":1,"game":"zone_hold","arena":"dune_ring","host":false,"serverLoopMaxMs":22}
{"event":"transition","op":"loaded","state":"playing","epoch":1,"game":"zone_hold","arena":"dune_ring","host":false,"serverLoopMaxMs":22}
{"event":"transition","op":"resume","state":"playing","epoch":1,"game":"zone_hold","arena":"dune_ring","host":true,"serverLoopMaxMs":22}
{"event":"transition","op":"loaded","state":"playing","epoch":1,"game":"zone_hold","arena":"dune_ring","host":true,"serverLoopMaxMs":22}
{"event":"transition","op":"result","state":"results","epoch":1,"game":"zone_hold","arena":"dune_ring","host":true,"serverLoopMaxMs":22}
{"event":"transition","op":"next","state":"loading","epoch":2,"game":"zone_hold","arena":"dune_ring","host":true,"serverLoopMaxMs":22}
{"event":"transition","op":"loaded","state":"loading","epoch":2,"game":"zone_hold","arena":"dune_ring","host":false,"serverLoopMaxMs":22}
{"event":"transition","op":"loaded","state":"loading","epoch":2,"game":"zone_hold","arena":"dune_ring","host":false,"serverLoopMaxMs":22}
{"event":"transition","op":"loaded","state":"loading","epoch":2,"game":"zone_hold","arena":"dune_ring","host":false,"serverLoopMaxMs":22}
{"event":"transition","op":"loaded","state":"playing","epoch":2,"game":"zone_hold","arena":"dune_ring","host":true,"serverLoopMaxMs":22}
{"event":"transition","op":"result","state":"results","epoch":2,"game":"zone_hold","arena":"dune_ring","host":true,"serverLoopMaxMs":22}
{"event":"transition","op":"next","state":"loading","epoch":3,"game":"zone_hold","arena":"dune_ring","host":true,"serverLoopMaxMs":22}
{"event":"transition","op":"loaded","state":"loading","epoch":3,"game":"zone_hold","arena":"dune_ring","host":false,"serverLoopMaxMs":22}
{"event":"transition","op":"loaded","state":"loading","epoch":3,"game":"zone_hold","arena":"dune_ring","host":false,"serverLoopMaxMs":22}
{"event":"transition","op":"loaded","state":"loading","epoch":3,"game":"zone_hold","arena":"dune_ring","host":false,"serverLoopMaxMs":22}
{"event":"transition","op":"loaded","state":"playing","epoch":3,"game":"zone_hold","arena":"dune_ring","host":true,"serverLoopMaxMs":22}
{"event":"transition","op":"result","state":"results","epoch":3,"game":"zone_hold","arena":"dune_ring","host":true,"serverLoopMaxMs":22}
{"event":"room_closed","state":"results","reason":"left","authorityAge":51}
{"humans":4,"status":"PASS","results":[{"carrying_seen":false,"collection_scored":false,"fawda_event_coverage":{},"fawda_worlds":[],"humans":4,"id":1,"matches":3,"moved":true,"reconnected":true,"scores":[15,0,0,0],"snapshots":0,"tournament":{"awards":[5,2,2,2],"champions":[0],"complete":true,"contenders":[],"cups":[3,0,0,0],"mode":"points","points":[15,6,6,6],"round":3,"target":3,"tie_attempts":0},"world_snapshots":0},{"carrying_seen":false,"collection_scored":false,"fawda_event_coverage":{},"fawda_worlds":[],"humans":4,"id":2,"matches":3,"moved":true,"reconnected":true,"scores":[15,0,0,0],"snapshots":1665,"tournament":{"awards":[5,2,2,2],"champions":[0],"complete":true,"contenders":[],"cups":[3,0,0,0],"mode":"points","points":[15,6,6,6],"round":3,"target":3,"tie_attempts":0},"world_snapshots":1665},{"carrying_seen":false,"collection_scored":false,"fawda_event_coverage":{},"fawda_worlds":[],"humans":4,"id":3,"matches":3,"moved":true,"reconnected":false,"scores":[15,0,0,0],"snapshots":1684,"tournament":{"awards":[5,2,2,2],"champions":[0],"complete":true,"contenders":[],"cups":[3,0,0,0],"mode":"points","points":[15,6,6,6],"round":3,"target":3,"tie_attempts":0},"world_snapshots":1684},{"carrying_seen":false,"collection_scored":false,"fawda_event_coverage":{},"fawda_worlds":[],"humans":4,"id":4,"matches":3,"moved":true,"reconnected":false,"scores":[15,0,0,0],"snapshots":1684,"tournament":{"awards":[5,2,2,2],"champions":[0],"complete":true,"contenders":[],"cups":[3,0,0,0],"mode":"points","points":[15,6,6,6],"round":3,"target":3,"tie_attempts":0},"world_snapshots":1684}]}
{"event":"server_timing","maxMs":22}
